Archive member included to satisfy reference by file (symbol)

C:/ST/STM32CubeIDE_1.14.1/STM32CubeIDE/plugins/com.st.stm32cube.ide.mcu.externaltools.gnu-tools-for-stm32.11.3.rel1.win32_1.1.100.202309141235/tools/bin/../lib/gcc/arm-none-eabi/11.3.1/../../../../arm-none-eabi/lib/thumb/v7-m/nofp\libc_nano.a(libc_a-exit.o)
                              C:/ST/STM32CubeIDE_1.14.1/STM32CubeIDE/plugins/com.st.stm32cube.ide.mcu.externaltools.gnu-tools-for-stm32.11.3.rel1.win32_1.1.100.202309141235/tools/bin/../lib/gcc/arm-none-eabi/11.3.1/../../../../arm-none-eabi/lib/thumb/v7-m/nofp/crt0.o (exit)
C:/ST/STM32CubeIDE_1.14.1/STM32CubeIDE/plugins/com.st.stm32cube.ide.mcu.externaltools.gnu-tools-for-stm32.11.3.rel1.win32_1.1.100.202309141235/tools/bin/../lib/gcc/arm-none-eabi/11.3.1/../../../../arm-none-eabi/lib/thumb/v7-m/nofp\libc_nano.a(libc_a-findfp.o)
                              C:/ST/STM32CubeIDE_1.14.1/STM32CubeIDE/plugins/com.st.stm32cube.ide.mcu.externaltools.gnu-tools-for-stm32.11.3.rel1.win32_1.1.100.202309141235/tools/bin/../lib/gcc/arm-none-eabi/11.3.1/../../../../arm-none-eabi/lib/thumb/v7-m/nofp\libc_nano.a(libc_a-exit.o) (__stdio_exit_handler)
C:/ST/STM32CubeIDE_1.14.1/STM32CubeIDE/plugins/com.st.stm32cube.ide.mcu.externaltools.gnu-tools-for-stm32.11.3.rel1.win32_1.1.100.202309141235/tools/bin/../lib/gcc/arm-none-eabi/11.3.1/../../../../arm-none-eabi/lib/thumb/v7-m/nofp\libc_nano.a(libc_a-fwalk.o)
                              C:/ST/STM32CubeIDE_1.14.1/STM32CubeIDE/plugins/com.st.stm32cube.ide.mcu.externaltools.gnu-tools-for-stm32.11.3.rel1.win32_1.1.100.202309141235/tools/bin/../lib/gcc/arm-none-eabi/11.3.1/../../../../arm-none-eabi/lib/thumb/v7-m/nofp\libc_nano.a(libc_a-findfp.o) (_fwalk_sglue)
C:/ST/STM32CubeIDE_1.14.1/STM32CubeIDE/plugins/com.st.stm32cube.ide.mcu.externaltools.gnu-tools-for-stm32.11.3.rel1.win32_1.1.100.202309141235/tools/bin/../lib/gcc/arm-none-eabi/11.3.1/../../../../arm-none-eabi/lib/thumb/v7-m/nofp\libc_nano.a(libc_a-sprintf.o)
                              ./Core/Src/operation.o (sprintf)
C:/ST/STM32CubeIDE_1.14.1/STM32CubeIDE/plugins/com.st.stm32cube.ide.mcu.externaltools.gnu-tools-for-stm32.11.3.rel1.win32_1.1.100.202309141235/tools/bin/../lib/gcc/arm-none-eabi/11.3.1/../../../../arm-none-eabi/lib/thumb/v7-m/nofp\libc_nano.a(libc_a-stdio.o)
                              C:/ST/STM32CubeIDE_1.14.1/STM32CubeIDE/plugins/com.st.stm32cube.ide.mcu.externaltools.gnu-tools-for-stm32.11.3.rel1.win32_1.1.100.202309141235/tools/bin/../lib/gcc/arm-none-eabi/11.3.1/../../../../arm-none-eabi/lib/thumb/v7-m/nofp\libc_nano.a(libc_a-findfp.o) (__sread)
C:/ST/STM32CubeIDE_1.14.1/STM32CubeIDE/plugins/com.st.stm32cube.ide.mcu.externaltools.gnu-tools-for-stm32.11.3.rel1.win32_1.1.100.202309141235/tools/bin/../lib/gcc/arm-none-eabi/11.3.1/../../../../arm-none-eabi/lib/thumb/v7-m/nofp\libc_nano.a(libc_a-memset.o)
                              C:/ST/STM32CubeIDE_1.14.1/STM32CubeIDE/plugins/com.st.stm32cube.ide.mcu.externaltools.gnu-tools-for-stm32.11.3.rel1.win32_1.1.100.202309141235/tools/bin/../lib/gcc/arm-none-eabi/11.3.1/../../../../arm-none-eabi/lib/thumb/v7-m/nofp/crt0.o (memset)
C:/ST/STM32CubeIDE_1.14.1/STM32CubeIDE/plugins/com.st.stm32cube.ide.mcu.externaltools.gnu-tools-for-stm32.11.3.rel1.win32_1.1.100.202309141235/tools/bin/../lib/gcc/arm-none-eabi/11.3.1/../../../../arm-none-eabi/lib/thumb/v7-m/nofp\libc_nano.a(libc_a-closer.o)
                              C:/ST/STM32CubeIDE_1.14.1/STM32CubeIDE/plugins/com.st.stm32cube.ide.mcu.externaltools.gnu-tools-for-stm32.11.3.rel1.win32_1.1.100.202309141235/tools/bin/../lib/gcc/arm-none-eabi/11.3.1/../../../../arm-none-eabi/lib/thumb/v7-m/nofp\libc_nano.a(libc_a-stdio.o) (_close_r)
C:/ST/STM32CubeIDE_1.14.1/STM32CubeIDE/plugins/com.st.stm32cube.ide.mcu.externaltools.gnu-tools-for-stm32.11.3.rel1.win32_1.1.100.202309141235/tools/bin/../lib/gcc/arm-none-eabi/11.3.1/../../../../arm-none-eabi/lib/thumb/v7-m/nofp\libc_nano.a(libc_a-reent.o)
                              C:/ST/STM32CubeIDE_1.14.1/STM32CubeIDE/plugins/com.st.stm32cube.ide.mcu.externaltools.gnu-tools-for-stm32.11.3.rel1.win32_1.1.100.202309141235/tools/bin/../lib/gcc/arm-none-eabi/11.3.1/../../../../arm-none-eabi/lib/thumb/v7-m/nofp\libc_nano.a(libc_a-closer.o) (errno)
C:/ST/STM32CubeIDE_1.14.1/STM32CubeIDE/plugins/com.st.stm32cube.ide.mcu.externaltools.gnu-tools-for-stm32.11.3.rel1.win32_1.1.100.202309141235/tools/bin/../lib/gcc/arm-none-eabi/11.3.1/../../../../arm-none-eabi/lib/thumb/v7-m/nofp\libc_nano.a(libc_a-impure.o)
                              C:/ST/STM32CubeIDE_1.14.1/STM32CubeIDE/plugins/com.st.stm32cube.ide.mcu.externaltools.gnu-tools-for-stm32.11.3.rel1.win32_1.1.100.202309141235/tools/bin/../lib/gcc/arm-none-eabi/11.3.1/../../../../arm-none-eabi/lib/thumb/v7-m/nofp\libc_nano.a(libc_a-sprintf.o) (_impure_ptr)
[...]
Memory Configuration

Name             Origin             Length             Attributes
RAM              0x0000000020000000 0x0000000000005000 xrw
FLASH            0x0000000008000000 0x0000000000005800 xr
*default*        0x0000000000000000 0xffffffffffffffff

Linker script and memory map

LOAD C:/ST/STM32CubeIDE_1.14.1/STM32CubeIDE/plugins/com.st.stm32cube.ide.mcu.externaltools.gnu-tools-for-stm32.11.3.rel1.win32_1.1.100.202309141235/tools/bin/../lib/gcc/arm-none-eabi/11.3.1/thumb/v7-m/nofp/crti.o
LOAD C:/ST/STM32CubeIDE_1.14.1/STM32CubeIDE/plugins/com.st.stm32cube.ide.mcu.externaltools.gnu-tools-for-stm32.11.3.rel1.win32_1.1.100.202309141235/tools/bin/../lib/gcc/arm-none-eabi/11.3.1/thumb/v7-m/nofp/crtbegin.o
LOAD C:/ST/STM32CubeIDE_1.14.1/STM32CubeIDE/plugins/com.st.stm32cube.ide.mcu.externaltools.gnu-tools-for-stm32.11.3.rel1.win32_1.1.100.202309141235/tools/bin/../lib/gcc/arm-none-eabi/11.3.1/../../../../arm-none-eabi/lib/thumb/v7-m/nofp/crt0.o
LOAD ./Core/Src/BL_Program.o
LOAD ./Core/Src/SX1278.o
LOAD ./Core/Src/SX1278_hw.o
LOAD ./Core/Src/SX1278_if.o
LOAD ./Core/Src/main.o
LOAD ./Core/Src/operation.o
LOAD ./Core/Src/stm32f1xx_hal_msp.o
LOAD ./Core/Src/stm32f1xx_it.o
LOAD ./Core/Src/syscalls.o
LOAD ./Core/Src/sysmem.o
LOAD ./Core/Src/system_stm32f1xx.o
LOAD ./Core/Startup/startup_stm32f103c8tx.o
LOAD ./Drivers/STM32F1xx_HAL_Driver/Src/stm32f1xx_hal.o
LOAD ./Drivers/STM32F1xx_HAL_Driver/Src/stm32f1xx_hal_cortex.o
LOAD ./Drivers/STM32F1xx_HAL_Driver/Src/stm32f1xx_hal_dma.o
LOAD ./Drivers/STM32F1xx_HAL_Driver/Src/stm32f1xx_hal_exti.o
LOAD ./Drivers/STM32F1xx_HAL_Driver/Src/stm32f1xx_hal_flash.o
LOAD ./Drivers/STM32F1xx_HAL_Driver/Src/stm32f1xx_hal_flash_ex.o
LOAD ./Drivers/STM32F1xx_HAL_Driver/Src/stm32f1xx_hal_gpio.o
LOAD ./Drivers/STM32F1xx_HAL_Driver/Src/stm32f1xx_hal_gpio_ex.o
LOAD ./Drivers/STM32F1xx_HAL_Driver/Src/stm32f1xx_hal_iwdg.o
LOAD ./Drivers/STM32F1xx_HAL_Driver/Src/stm32f1xx_hal_pwr.o
LOAD ./Drivers/STM32F1xx_HAL_Driver/Src/stm32f1xx_hal_rcc.o
LOAD ./Drivers/STM32F1xx_HAL_Driver/Src/stm32f1xx_hal_rcc_ex.o
LOAD ./Drivers/STM32F1xx_HAL_Driver/Src/stm32f1xx_hal_spi.o
LOAD ./Drivers/STM32F1xx_HAL_Driver/Src/stm32f1xx_hal_tim.o
LOAD ./Drivers/STM32F1xx_HAL_Driver/Src/stm32f1xx_hal_tim_ex.o
START GROUP
LOAD C:/ST/STM32CubeIDE_1.14.1/STM32CubeIDE/plugins/com.st.stm32cube.ide.mcu.externaltools.gnu-tools-for-stm32.11.3.rel1.win32_1.1.100.202309141235/tools/bin/../lib/gcc/arm-none-eabi/11.3.1/../../../../arm-none-eabi/lib/thumb/v7-m/nofp\libc_nano.a
LOAD C:/ST/STM32CubeIDE_1.14.1/STM32CubeIDE/plugins/com.st.stm32cube.ide.mcu.externaltools.gnu-tools-for-stm32.11.3.rel1.win32_1.1.100.202309141235/tools/bin/../lib/gcc/arm-none-eabi/11.3.1/../../../../arm-none-eabi/lib/thumb/v7-m/nofp\libm.a
END GROUP
START GROUP
LOAD C:/ST/STM32CubeIDE_1.14.1/STM32CubeIDE/plugins/com.st.stm32cube.ide.mcu.externaltools.gnu-tools-for-stm32.11.3.rel1.win32_1.1.100.202309141235/tools/bin/../lib/gcc/arm-none-eabi/11.3.1/thumb/v7-m/nofp\libgcc.a
LOAD C:/ST/STM32CubeIDE_1.14.1/STM32CubeIDE/plugins/com.st.stm32cube.ide.mcu.externaltools.gnu-tools-for-stm32.11.3.rel1.win32_1.1.100.202309141235/tools/bin/../lib/gcc/arm-none-eabi/11.3.1/../../../../arm-none-eabi/lib/thumb/v7-m/nofp\libc_nano.a
END GROUP
START GROUP
LOAD C:/ST/STM32CubeIDE_1.14.1/STM32CubeIDE/plugins/com.st.stm32cube.ide.mcu.externaltools.gnu-tools-for-stm32.11.3.rel1.win32_1.1.100.202309141235/tools/bin/../lib/gcc/arm-none-eabi/11.3.1/thumb/v7-m/nofp\libgcc.a
LOAD C:/ST/STM32CubeIDE_1.14.1/STM32CubeIDE/plugins/com.st.stm32cube.ide.mcu.externaltools.gnu-tools-for-stm32.11.3.rel1.win32_1.1.100.202309141235/tools/bin/../lib/gcc/arm-none-eabi/11.3.1/../../../../arm-none-eabi/lib/thumb/v7-m/nofp\libc_nano.a
LOAD C:/ST/STM32CubeIDE_1.14.1/STM32CubeIDE/plugins/com.st.stm32cube.ide.mcu.externaltools.gnu-tools-for-stm32.11.3.rel1.win32_1.1.100.202309141235/tools/bin/../lib/gcc/arm-none-eabi/11.3.1/../../../../arm-none-eabi/lib/thumb/v7-m/nofp\libnosys.a
END GROUP
START GROUP
LOAD C:/ST/STM32CubeIDE_1.14.1/STM32CubeIDE/plugins/com.st.stm32cube.ide.mcu.externaltools.gnu-tools-for-stm32.11.3.rel1.win32_1.1.100.202309141235/tools/bin/../lib/gcc/arm-none-eabi/11.3.1/thumb/v7-m/nofp\libgcc.a
LOAD C:/ST/STM32CubeIDE_1.14.1/STM32CubeIDE/plugins/com.st.stm32cube.ide.mcu.externaltools.gnu-tools-for-stm32.11.3.rel1.win32_1.1.100.202309141235/tools/bin/../lib/gcc/arm-none-eabi/11.3.1/../../../../arm-none-eabi/lib/thumb/v7-m/nofp\libc_nano.a
LOAD C:/ST/STM32CubeIDE_1.14.1/STM32CubeIDE/plugins/com.st.stm32cube.ide.mcu.externaltools.gnu-tools-for-stm32.11.3.rel1.win32_1.1.100.202309141235/tools/bin/../lib/gcc/arm-none-eabi/11.3.1/../../../../arm-none-eabi/lib/thumb/v7-m/nofp\libnosys.a
END GROUP
LOAD C:/ST/STM32CubeIDE_1.14.1/STM32CubeIDE/plugins/com.st.stm32cube.ide.mcu.externaltools.gnu-tools-for-stm32.11.3.rel1.win32_1.1.100.202309141235/tools/bin/../lib/gcc/arm-none-eabi/11.3.1/thumb/v7-m/nofp/crtend.o
LOAD C:/ST/STM32CubeIDE_1.14.1/STM32CubeIDE/plugins/com.st.stm32cube.ide.mcu.externaltools.gnu-tools-for-stm32.11.3.rel1.win32_1.1.100.202309141235/tools/bin/../lib/gcc/arm-none-eabi/11.3.1/thumb/v7-m/nofp/crtn.o
                0x0000000020005000                _estack = (ORIGIN (RAM) + LENGTH (RAM))
                0x0000000000000200                _Min_Heap_Size = 0x200
                0x0000000000000400                _Min_Stack_Size = 0x400

.isr_vector     0x0000000008000000      0x10c
                0x0000000008000000                . = ALIGN (0x4)
 *(.isr_vector)
 .isr_vector    0x0000000008000000      0x10c ./Core/Startup/startup_stm32f103c8tx.o
                0x0000000008000000                g_pfnVectors
                0x000000000800010c                . = ALIGN (0x4)

.text           0x000000000800010c     0x35c4
                0x000000000800010c                . = ALIGN (0x4)
 *(.text)
 .text          0x000000000800010c       0x40 C:/ST/STM32CubeIDE_1.14.1/STM32CubeIDE/plugins/com.st.stm32cube.ide.mcu.externaltools.gnu-tools-for-stm32.11.3.rel1.win32_1.1.100.202309141235/tools/bin/../lib/gcc/arm-none-eabi/11.3.1/thumb/v7-m/nofp/crtbegin.o
 .text          0x000000000800014c       0x30 C:/ST/STM32CubeIDE_1.14.1/STM32CubeIDE/plugins/com.st.stm32cube.ide.mcu.externaltools.gnu-tools-for-stm32.11.3.rel1.win32_1.1.100.202309141235/tools/bin/../lib/gcc/arm-none-eabi/11.3.1/thumb/v7-m/nofp\libgcc.a(_aeabi_uldivmod.o)
                0x000000000800014c                __aeabi_uldivmod
 .text          0x000000000800017c      0x2cc C:/ST/STM32CubeIDE_1.14.1/STM32CubeIDE/plugins/com.st.stm32cube.ide.mcu.externaltools.gnu-tools-for-stm32.11.3.rel1.win32_1.1.100.202309141235/tools/bin/../lib/gcc/arm-none-eabi/11.3.1/thumb/v7-m/nofp\libgcc.a(_udivmoddi4.o)
                0x000000000800017c                __udivmoddi4
 .text          0x0000000008000448        0x4 C:/ST/STM32CubeIDE_1.14.1/STM32CubeIDE/plugins/com.st.stm32cube.ide.mcu.externaltools.gnu-tools-for-stm32.11.3.rel1.win32_1.1.100.202309141235/tools/bin/../lib/gcc/arm-none-eabi/11.3.1/thumb/v7-m/nofp\libgcc.a(_dvmd_tls.o)
                0x0000000008000448                __aeabi_idiv0
                0x0000000008000448                __aeabi_ldiv0
 *(.text*)
 .text.BL_u32ReadAddressData
                0x000000000800044c       0x1a ./Core/Src/BL_Program.o
 *fill*         0x0000000008000466        0x2 
 .text.BL_voidBootLoader_Init
                0x0000000008000468       0x34 ./Core/Src/BL_Program.o
                0x0000000008000468                BL_voidBootLoader_Init
 .text.BL_voidCheckActiveRegion
                0x000000000800049c       0x6c ./Core/Src/BL_Program.o
                0x000000000800049c                BL_voidCheckActiveRegion
 .text.BL_32CheckBackupRegion
                0x0000000008000508       0x40 ./Core/Src/BL_Program.o
                0x0000000008000508                BL_32CheckBackupRegion
 .text.BL_voidJumpToActiveRegion
                0x0000000008000548       0x54 ./Core/Src/BL_Program.o
                0x0000000008000548                BL_voidJumpToActiveRegion
 .text.BL_voidJumpToBootloader
                0x000000000800059c       0x10 ./Core/Src/BL_Program.o
                0x000000000800059c                BL_voidJumpToBootloader
 .text.BL_voidCopyImageToActiveRegion
                0x00000000080005ac       0xd4 ./Core/Src/BL_Program.o
                0x00000000080005ac                BL_voidCopyImageToActiveRegion
 .text.BL_voidCopyImageToBackupRegion
                0x0000000008000680       0xd4 ./Core/Src/BL_Program.o
                0x0000000008000680                BL_voidCopyImageToBackupRegion
 .text.BL_voidEraseRestoreHeaderPage
                0x0000000008000754      0x12c ./Core/Src/BL_Program.o
                0x0000000008000754                BL_voidEraseRestoreHeaderPage
 .text.BL_voidSetBranchingFlagAndMakeSWR
                0x0000000008000880       0x18 ./Core/Src/BL_Program.o
                0x0000000008000880                BL_voidSetBranchingFlagAndMakeSWR
 .text.BL_voidUpdateHeaders
                0x0000000008000898       0x8c ./Core/Src/BL_Program.o
                0x0000000008000898                BL_voidUpdateHeaders
 .text.BL_voidReceiveUpdate
                0x0000000008000924      0x2c0 ./Core/Src/BL_Program.o
                0x0000000008000924                BL_voidReceiveUpdate
 .text.BL_voidFinishBootLoader
                0x0000000008000be4       0x28 ./Core/Src/BL_Program.o
                0x0000000008000be4                BL_voidFinishBootLoader
 .text.BL_voidMakeSoftWareReset
                0x0000000008000c0c       0x44 ./Core/Src/BL_Program.o
                0x0000000008000c0c                BL_voidMakeSoftWareReset
 .text.SX1278_SPIRead
                0x0000000008000c50       0x3e ./Core/Src/SX1278.o
                0x0000000008000c50                SX1278_SPIRead
 .text.SX1278_SPIWrite
                0x0000000008000c8e       0x52 ./Core/Src/SX1278.o
                0x0000000008000c8e                SX1278_SPIWrite
 .text.SX1278_SPIBurstRead
                0x0000000008000ce0       0x72 ./Core/Src/SX1278.o
                0x0000000008000ce0                SX1278_SPIBurstRead
 .text.SX1278_SPIBurstWrite
                0x0000000008000d52       0x76 ./Core/Src/SX1278.o
                0x0000000008000d52                SX1278_SPIBurstWrite
 .text.SX1278_config
                0x0000000008000dc8      0x208 ./Core/Src/SX1278.o
                0x0000000008000dc8                SX1278_config
 .text.SX1278_standby
                0x0000000008000fd0       0x20 ./Core/Src/SX1278.o
                0x0000000008000fd0                SX1278_standby
 .text.SX1278_sleep
                0x0000000008000ff0       0x20 ./Core/Src/SX1278.o
                0x0000000008000ff0                SX1278_sleep
 .text.SX1278_entryLoRa
                0x0000000008001010       0x1a ./Core/Src/SX1278.o
                0x0000000008001010                SX1278_entryLoRa
 .text.SX1278_clearLoRaIrq
                0x000000000800102a       0x1a ./Core/Src/SX1278.o
                0x000000000800102a                SX1278_clearLoRaIrq
 .text.SX1278_LoRaEntryRx
                0x0000000008001044       0xca ./Core/Src/SX1278.o
                0x0000000008001044                SX1278_LoRaEntryRx
 .text.SX1278_LoRaRxPacket
                0x000000000800110e       0x88 ./Core/Src/SX1278.o
                0x000000000800110e                SX1278_LoRaRxPacket
 .text.SX1278_LoRaEntryTx
                0x0000000008001196       0xb0 ./Core/Src/SX1278.o
                0x0000000008001196                SX1278_LoRaEntryTx
 .text.SX1278_LoRaTxPacket
                0x0000000008001246       0x7e ./Core/Src/SX1278.o
                0x0000000008001246                SX1278_LoRaTxPacket
 .text.SX1278_init
                0x00000000080012c4       0x5a ./Core/Src/SX1278.o
                0x00000000080012c4                SX1278_init
 .text.SX1278_read
                0x000000000800131e       0x4c ./Core/Src/SX1278.o
                0x000000000800131e                SX1278_read
 .text.SX1278_hw_init
                0x000000000800136a       0x2a ./Core/Src/SX1278_hw.o
                0x000000000800136a                SX1278_hw_init
 .text.SX1278_hw_SetNSS
                0x0000000008001394       0x2e ./Core/Src/SX1278_hw.o
                0x0000000008001394                SX1278_hw_SetNSS
 .text.SX1278_hw_Reset
                0x00000000080013c2       0x48 ./Core/Src/SX1278_hw.o
                0x00000000080013c2                SX1278_hw_Reset
 .text.SX1278_hw_SPICommand
                0x000000000800140a       0x40 ./Core/Src/SX1278_hw.o
                0x000000000800140a                SX1278_hw_SPICommand
 .text.SX1278_hw_SPIReadByte
                0x000000000800144a       0x4c ./Core/Src/SX1278_hw.o
                0x000000000800144a                SX1278_hw_SPIReadByte
 .text.SX1278_hw_DelayMs
                0x0000000008001496       0x16 ./Core/Src/SX1278_hw.o
                0x0000000008001496                SX1278_hw_DelayMs
 .text.SX1278_hw_GetDIO0
                0x00000000080014ac       0x2e ./Core/Src/SX1278_hw.o
                0x00000000080014ac                SX1278_hw_GetDIO0
 *fill*         0x00000000080014da        0x2 
 .text.LORA_IF_GetFragment_Firmware
                0x00000000080014dc       0xac ./Core/Src/SX1278_if.o
                0x00000000080014dc                LORA_IF_GetFragment_Firmware
 .text.LORA_IF_GetData_Frame
                0x0000000008001588       0x50 ./Core/Src/SX1278_if.o
                0x0000000008001588                LORA_IF_GetData_Frame
 .text.LORA_IF_Stransmit_Request
                0x00000000080015d8       0x84 ./Core/Src/SX1278_if.o
                0x00000000080015d8                LORA_IF_Stransmit_Request
 .text.LORA_IF_Stransmit_Response
                0x000000000800165c       0x70 ./Core/Src/SX1278_if.o
                0x000000000800165c                LORA_IF_Stransmit_Response
 .text.main     0x00000000080016cc       0xa4 ./Core/Src/main.o
                0x00000000080016cc                main
 .text.SystemClock_Config
                0x0000000008001770       0x8e ./Core/Src/main.o
                0x0000000008001770                SystemClock_Config
 *fill*         0x00000000080017fe        0x2 
 .text.MX_SPI1_Init
                0x0000000008001800       0x6c ./Core/Src/main.o
 .text.MX_GPIO_Init
                0x000000000800186c      0x104 ./Core/Src/main.o
 .text.Error_Handler
                0x0000000008001970        0xa ./Core/Src/main.o
                0x0000000008001970                Error_Handler
 .text.clearDataBuffer
                0x000000000800197a       0x1e ./Core/Src/operation.o
                0x000000000800197a                clearDataBuffer
 .text.HAL_MspInit
                0x0000000008001998       0x64 ./Core/Src/stm32f1xx_hal_msp.o
                0x0000000008001998                HAL_MspInit
 .text.HAL_SPI_MspInit
                0x00000000080019fc       0x94 ./Core/Src/stm32f1xx_hal_msp.o
                0x00000000080019fc                HAL_SPI_MspInit
 .text.NMI_Handler
                0x0000000008001a90        0x6 ./Core/Src/stm32f1xx_it.o
                0x0000000008001a90                NMI_Handler
 .text.HardFault_Handler
                0x0000000008001a96        0x6 ./Core/Src/stm32f1xx_it.o
                0x0000000008001a96                HardFault_Handler
 .text.MemManage_Handler
                0x0000000008001a9c        0x6 ./Core/Src/stm32f1xx_it.o
                0x0000000008001a9c                MemManage_Handler
 .text.BusFault_Handler
                0x0000000008001aa2        0x6 ./Core/Src/stm32f1xx_it.o
                0x0000000008001aa2                BusFault_Handler
 .text.UsageFault_Handler
                0x0000000008001aa8        0x6 ./Core/Src/stm32f1xx_it.o
                0x0000000008001aa8                UsageFault_Handler
 .text.SVC_Handler
                0x0000000008001aae        0xc ./Core/Src/stm32f1xx_it.o
                0x0000000008001aae                SVC_Handler
 .text.DebugMon_Handler
                0x0000000008001aba        0xc ./Core/Src/stm32f1xx_it.o
                0x0000000008001aba                DebugMon_Handler
 .text.PendSV_Handler
                0x0000000008001ac6        0xc ./Core/Src/stm32f1xx_it.o
                0x0000000008001ac6                PendSV_Handler
 .text.SysTick_Handler
                0x0000000008001ad2        0xc ./Core/Src/stm32f1xx_it.o
                0x0000000008001ad2                SysTick_Handler
 .text.SystemInit
                0x0000000008001ade        0xc ./Core/Src/system_stm32f1xx.o
                0x0000000008001ade                SystemInit
 *fill*         0x0000000008001aea        0x2 
 .text.Reset_Handler
                0x0000000008001aec       0x48 ./Core/Startup/startup_stm32f103c8tx.o
                0x0000000008001aec                Reset_Handler
 .text.Default_Handler
                0x0000000008001b34        0x2 ./Core/Startup/startup_stm32f103c8tx.o
                0x0000000008001b34                RTC_Alarm_IRQHandler
                0x0000000008001b34                EXTI2_IRQHandler
                0x0000000008001b34                TIM1_CC_IRQHandler
                0x0000000008001b34                PVD_IRQHandler
                0x0000000008001b34                EXTI3_IRQHandler
                0x0000000008001b34                EXTI0_IRQHandler
                0x0000000008001b34                I2C2_EV_IRQHandler
                0x0000000008001b34                ADC1_2_IRQHandler
                0x0000000008001b34                SPI1_IRQHandler
                0x0000000008001b34                TAMPER_IRQHandler
                0x0000000008001b34                DMA1_Channel4_IRQHandler
                0x0000000008001b34                USART3_IRQHandler
                0x0000000008001b34                RTC_IRQHandler
                0x0000000008001b34                DMA1_Channel7_IRQHandler
                0x0000000008001b34                CAN1_RX1_IRQHandler
                0x0000000008001b34                TIM4_IRQHandler
                0x0000000008001b34                I2C1_EV_IRQHandler
                0x0000000008001b34                DMA1_Channel6_IRQHandler
                0x0000000008001b34                TIM3_IRQHandler
                0x0000000008001b34                RCC_IRQHandler
                0x0000000008001b34                TIM1_TRG_COM_IRQHandler
                0x0000000008001b34                DMA1_Channel1_IRQHandler
                0x0000000008001b34                Default_Handler
                0x0000000008001b34                EXTI15_10_IRQHandler
                0x0000000008001b34                EXTI9_5_IRQHandler
                0x0000000008001b34                SPI2_IRQHandler
                0x0000000008001b34                DMA1_Channel5_IRQHandler
                0x0000000008001b34                EXTI4_IRQHandler
                0x0000000008001b34                USB_LP_CAN1_RX0_IRQHandler
                0x0000000008001b34                USB_HP_CAN1_TX_IRQHandler
                0x0000000008001b34                DMA1_Channel3_IRQHandler
                0x0000000008001b34                TIM1_UP_IRQHandler
                0x0000000008001b34                WWDG_IRQHandler
                0x0000000008001b34                TIM2_IRQHandler
                0x0000000008001b34                TIM1_BRK_IRQHandler
                0x0000000008001b34                EXTI1_IRQHandler
                0x0000000008001b34                USART2_IRQHandler
                0x0000000008001b34                I2C2_ER_IRQHandler
                0x0000000008001b34                DMA1_Channel2_IRQHandler
                0x0000000008001b34                CAN1_SCE_IRQHandler
                0x0000000008001b34                FLASH_IRQHandler
                0x0000000008001b34                USART1_IRQHandler
                0x0000000008001b34                I2C1_ER_IRQHandler
                0x0000000008001b34                USBWakeUp_IRQHandler
 *fill*         0x0000000008001b36        0x2 
 .text.HAL_Init
                0x0000000008001b38       0x2c ./Drivers/STM32F1xx_HAL_Driver/Src/stm32f1xx_hal.o
                0x0000000008001b38                HAL_Init
 .text.HAL_DeInit
                0x0000000008001b64       0x30 ./Drivers/STM32F1xx_HAL_Driver/Src/stm32f1xx_hal.o
                0x0000000008001b64                HAL_DeInit
 .text.HAL_MspDeInit
                0x0000000008001b94        0xc ./Drivers/STM32F1xx_HAL_Driver/Src/stm32f1xx_hal.o
                0x0000000008001b94                HAL_MspDeInit
 .text.HAL_InitTick
                0x0000000008001ba0       0x60 ./Drivers/STM32F1xx_HAL_Driver/Src/stm32f1xx_hal.o
                0x0000000008001ba0                HAL_InitTick
 .text.HAL_IncTick
                0x0000000008001c00       0x24 ./Drivers/STM32F1xx_HAL_Driver/Src/stm32f1xx_hal.o
                0x0000000008001c00                HAL_IncTick
 .text.HAL_GetTick
                0x0000000008001c24       0x14 ./Drivers/STM32F1xx_HAL_Driver/Src/stm32f1xx_hal.o
                0x0000000008001c24                HAL_GetTick
 .text.HAL_Delay
                0x0000000008001c38       0x48 ./Drivers/STM32F1xx_HAL_Driver/Src/stm32f1xx_hal.o
                0x0000000008001c38                HAL_Delay
 .text.__NVIC_SetPriorityGrouping
                0x0000000008001c80       0x48 ./Drivers/STM32F1xx_HAL_Driver/Src/stm32f1xx_hal_cortex.o
 .text.__NVIC_GetPriorityGrouping
                0x0000000008001cc8       0x1c ./Drivers/STM32F1xx_HAL_Driver/Src/stm32f1xx_hal_cortex.o
 .text.__NVIC_SetPriority
                0x0000000008001ce4       0x54 ./Drivers/STM32F1xx_HAL_Driver/Src/stm32f1xx_hal_cortex.o
 .text.NVIC_EncodePriority
                0x0000000008001d38       0x64 ./Drivers/STM32F1xx_HAL_Driver/Src/stm32f1xx_hal_cortex.o
 .text.SysTick_Config
                0x0000000008001d9c       0x44 ./Drivers/STM32F1xx_HAL_Driver/Src/stm32f1xx_hal_cortex.o
 .text.HAL_NVIC_SetPriorityGrouping
                0x0000000008001de0       0x16 ./Drivers/STM32F1xx_HAL_Driver/Src/stm32f1xx_hal_cortex.o
                0x0000000008001de0                HAL_NVIC_SetPriorityGrouping
 .text.HAL_NVIC_SetPriority
                0x0000000008001df6       0x38 ./Drivers/STM32F1xx_HAL_Driver/Src/stm32f1xx_hal_cortex.o
                0x0000000008001df6                HAL_NVIC_SetPriority
 .text.HAL_SYSTICK_Config
                0x0000000008001e2e       0x18 ./Drivers/STM32F1xx_HAL_Driver/Src/stm32f1xx_hal_cortex.o
                0x0000000008001e2e                HAL_SYSTICK_Config
 *fill*         0x0000000008001e46        0x2 
 .text.HAL_FLASH_Program
                0x0000000008001e48       0xe0 ./Drivers/STM32F1xx_HAL_Driver/Src/stm32f1xx_hal_flash.o
                0x0000000008001e48                HAL_FLASH_Program
 .text.HAL_FLASH_Unlock
                0x0000000008001f28       0x4c ./Drivers/STM32F1xx_HAL_Driver/Src/stm32f1xx_hal_flash.o
                0x0000000008001f28                HAL_FLASH_Unlock
 .text.HAL_FLASH_Lock
                0x0000000008001f74       0x20 ./Drivers/STM32F1xx_HAL_Driver/Src/stm32f1xx_hal_flash.o
                0x0000000008001f74                HAL_FLASH_Lock
 .text.FLASH_Program_HalfWord
                0x0000000008001f94       0x38 ./Drivers/STM32F1xx_HAL_Driver/Src/stm32f1xx_hal_flash.o
 .text.FLASH_WaitForLastOperation
                0x0000000008001fcc       0x8c ./Drivers/STM32F1xx_HAL_Driver/Src/stm32f1xx_hal_flash.o
                0x0000000008001fcc                FLASH_WaitForLastOperation
 .text.FLASH_SetErrorCode
                0x0000000008002058       0xa0 ./Drivers/STM32F1xx_HAL_Driver/Src/stm32f1xx_hal_flash.o
 .text.HAL_FLASHEx_Erase
                0x00000000080020f8       0xd8 ./Drivers/STM32F1xx_HAL_Driver/Src/stm32f1xx_hal_flash_ex.o
                0x00000000080020f8                HAL_FLASHEx_Erase
 .text.FLASH_MassErase
                0x00000000080021d0       0x38 ./Drivers/STM32F1xx_HAL_Driver/Src/stm32f1xx_hal_flash_ex.o
 .text.FLASH_PageErase
                0x0000000008002208       0x40 ./Drivers/STM32F1xx_HAL_Driver/Src/stm32f1xx_hal_flash_ex.o
                0x0000000008002208                FLASH_PageErase
 .text.HAL_GPIO_Init
                0x0000000008002248      0x308 ./Drivers/STM32F1xx_HAL_Driver/Src/stm32f1xx_hal_gpio.o
                0x0000000008002248                HAL_GPIO_Init
 .text.HAL_GPIO_ReadPin
                0x0000000008002550       0x2e ./Drivers/STM32F1xx_HAL_Driver/Src/stm32f1xx_hal_gpio.o
                0x0000000008002550                HAL_GPIO_ReadPin
 .text.HAL_GPIO_WritePin
                0x000000000800257e       0x30 ./Drivers/STM32F1xx_HAL_Driver/Src/stm32f1xx_hal_gpio.o
                0x000000000800257e                HAL_GPIO_WritePin
 .text.HAL_IWDG_Init
                0x00000000080025ae       0x84 ./Drivers/STM32F1xx_HAL_Driver/Src/stm32f1xx_hal_iwdg.o
                0x00000000080025ae                HAL_IWDG_Init
 *fill*         0x0000000008002632        0x2 
 .text.HAL_RCC_OscConfig
                0x0000000008002634      0x504 ./Drivers/STM32F1xx_HAL_Driver/Src/stm32f1xx_hal_rcc.o
                0x0000000008002634                HAL_RCC_OscConfig
 .text.HAL_RCC_ClockConfig
                0x0000000008002b38      0x1d4 ./Drivers/STM32F1xx_HAL_Driver/Src/stm32f1xx_hal_rcc.o
                0x0000000008002b38                HAL_RCC_ClockConfig
 .text.HAL_RCC_GetSysClockFreq
                0x0000000008002d0c       0xa8 ./Drivers/STM32F1xx_HAL_Driver/Src/stm32f1xx_hal_rcc.o
                0x0000000008002d0c                HAL_RCC_GetSysClockFreq
 .text.RCC_Delay
                0x0000000008002db4       0x3c ./Drivers/STM32F1xx_HAL_Driver/Src/stm32f1xx_hal_rcc.o
 .text.HAL_SPI_Init
                0x0000000008002df0      0x108 ./Drivers/STM32F1xx_HAL_Driver/Src/stm32f1xx_hal_spi.o
                0x0000000008002df0                HAL_SPI_Init
 .text.HAL_SPI_Transmit
                0x0000000008002ef8      0x286 ./Drivers/STM32F1xx_HAL_Driver/Src/stm32f1xx_hal_spi.o
                0x0000000008002ef8                HAL_SPI_Transmit
 .text.HAL_SPI_TransmitReceive
                0x000000000800317e      0x360 ./Drivers/STM32F1xx_HAL_Driver/Src/stm32f1xx_hal_spi.o
                0x000000000800317e                HAL_SPI_TransmitReceive
 .text.HAL_SPI_GetState
                0x00000000080034de       0x1a ./Drivers/STM32F1xx_HAL_Driver/Src/stm32f1xx_hal_spi.o
                0x00000000080034de                HAL_SPI_GetState
 .text.SPI_WaitFlagStateUntilTimeout
                0x00000000080034f8      0x110 ./Drivers/STM32F1xx_HAL_Driver/Src/stm32f1xx_hal_spi.o
 .text.SPI_EndRxTxTransaction
                0x0000000008003608       0x3c ./Drivers/STM32F1xx_HAL_Driver/Src/stm32f1xx_hal_spi.o
 .text.memset   0x0000000008003644       0x10 C:/ST/STM32CubeIDE_1.14.1/STM32CubeIDE/plugins/com.st.stm32cube.ide.mcu.externaltools.gnu-tools-for-stm32.11.3.rel1.win32_1.1.100.202309141235/tools/bin/../lib/gcc/arm-none-eabi/11.3.1/../../../../arm-none-eabi/lib/thumb/v7-m/nofp\libc_nano.a(libc_a-memset.o)
                0x0000000008003644                memset
 .text.__libc_init_array
                0x0000000008003654       0x48 C:/ST/STM32CubeIDE_1.14.1/STM32CubeIDE/plugins/com.st.stm32cube.ide.mcu.externaltools.gnu-tools-for-stm32.11.3.rel1.win32_1.1.100.202309141235/tools/bin/../lib/gcc/arm-none-eabi/11.3.1/../../../../arm-none-eabi/lib/thumb/v7-m/nofp\libc_nano.a(libc_a-init.o)
                0x0000000008003654                __libc_init_array
 .text.memcpy   0x000000000800369c       0x1c C:/ST/STM32CubeIDE_1.14.1/STM32CubeIDE/plugins/com.st.stm32cube.ide.mcu.externaltools.gnu-tools-for-stm32.11.3.rel1.win32_1.1.100.202309141235/tools/bin/../lib/gcc/arm-none-eabi/11.3.1/../../../../arm-none-eabi/lib/thumb/v7-m/nofp\libc_nano.a(libc_a-memcpy-stub.o)
                0x000000000800369c                memcpy
 *(.glue_7)
 .glue_7        0x00000000080036b8        0x0 linker stubs
 *(.glue_7t)
 .glue_7t       0x00000000080036b8        0x0 linker stubs
 *(.eh_frame)
 .eh_frame      0x00000000080036b8        0x0 C:/ST/STM32CubeIDE_1.14.1/STM32CubeIDE/plugins/com.st.stm32cube.ide.mcu.externaltools.gnu-tools-for-stm32.11.3.rel1.win32_1.1.100.202309141235/tools/bin/../lib/gcc/arm-none-eabi/11.3.1/thumb/v7-m/nofp/crtbegin.o
 *(.init)
 .init          0x00000000080036b8        0x4 C:/ST/STM32CubeIDE_1.14.1/STM32CubeIDE/plugins/com.st.stm32cube.ide.mcu.externaltools.gnu-tools-for-stm32.11.3.rel1.win32_1.1.100.202309141235/tools/bin/../lib/gcc/arm-none-eabi/11.3.1/thumb/v7-m/nofp/crti.o
                0x00000000080036b8                _init
 .init          0x00000000080036bc        0x8 C:/ST/STM32CubeIDE_1.14.1/STM32CubeIDE/plugins/com.st.stm32cube.ide.mcu.externaltools.gnu-tools-for-stm32.11.3.rel1.win32_1.1.100.202309141235/tools/bin/../lib/gcc/arm-none-eabi/11.3.1/thumb/v7-m/nofp/crtn.o
 *(.fini)
 .fini          0x00000000080036c4        0x4 C:/ST/STM32CubeIDE_1.14.1/STM32CubeIDE/plugins/com.st.stm32cube.ide.mcu.externaltools.gnu-tools-for-stm32.11.3.rel1.win32_1.1.100.202309141235/tools/bin/../lib/gcc/arm-none-eabi/11.3.1/thumb/v7-m/nofp/crti.o
                0x00000000080036c4                _fini
 .fini          0x00000000080036c8        0x8 C:/ST/STM32CubeIDE_1.14.1/STM32CubeIDE/plugins/com.st.stm32cube.ide.mcu.externaltools.gnu-tools-for-stm32.11.3.rel1.win32_1.1.100.202309141235/tools/bin/../lib/gcc/arm-none-eabi/11.3.1/thumb/v7-m/nofp/crtn.o
                0x00000000080036d0                . = ALIGN (0x4)
                0x00000000080036d0                _etext = .

.vfp11_veneer   0x00000000080036d0        0x0
 .vfp11_veneer  0x00000000080036d0        0x0 linker stubs

.v4_bx          0x00000000080036d0        0x0
 .v4_bx         0x00000000080036d0        0x0 linker stubs

.iplt           0x00000000080036d0        0x0
 .iplt          0x00000000080036d0        0x0 C:/ST/STM32CubeIDE_1.14.1/STM32CubeIDE/plugins/com.st.stm32cube.ide.mcu.externaltools.gnu-tools-for-stm32.11.3.rel1.win32_1.1.100.202309141235/tools/bin/../lib/gcc/arm-none-eabi/11.3.1/thumb/v7-m/nofp/crtbegin.o

.rodata         0x00000000080036d0       0x44
                0x00000000080036d0                . = ALIGN (0x4)
 *(.rodata)
 *(.rodata*)
 .rodata.SX1278_Power
                0x00000000080036d0        0x4 ./Core/Src/SX1278.o
 .rodata.SX1278_SpreadFactor
                0x00000000080036d4        0x7 ./Core/Src/SX1278.o
 *fill*         0x00000000080036db        0x1 
 .rodata.SX1278_LoRaBandwidth
                0x00000000080036dc        0xa ./Core/Src/SX1278.o
 *fill*         0x00000000080036e6        0x2 
 .rodata.SX1278_CodingRate
                0x00000000080036e8        0x4 ./Core/Src/SX1278.o
 .rodata.SX1278_CRC_Sum
                0x00000000080036ec        0x2 ./Core/Src/SX1278.o
 *fill*         0x00000000080036ee        0x2 
 .rodata.AHBPrescTable
                0x00000000080036f0       0x10 ./Core/Src/system_stm32f1xx.o
                0x00000000080036f0                AHBPrescTable
 .rodata.aPLLMULFactorTable.1
                0x0000000008003700       0x10 ./Drivers/STM32F1xx_HAL_Driver/Src/stm32f1xx_hal_rcc.o
 .rodata.aPredivFactorTable.0
                0x0000000008003710        0x2 ./Drivers/STM32F1xx_HAL_Driver/Src/stm32f1xx_hal_rcc.o
                0x0000000008003714                . = ALIGN (0x4)
 *fill*         0x0000000008003712        0x2 

.ARM.extab      0x0000000008003714        0x0
                0x0000000008003714                . = ALIGN (0x4)
 *(.ARM.extab* .gnu.linkonce.armextab.*)
                0x0000000008003714                . = ALIGN (0x4)

.ARM            0x0000000008003714        0x8
                0x0000000008003714                . = ALIGN (0x4)
                0x0000000008003714                __exidx_start = .
 *(.ARM.exidx*)
 .ARM.exidx     0x0000000008003714        0x8 C:/ST/STM32CubeIDE_1.14.1/STM32CubeIDE/plugins/com.st.stm32cube.ide.mcu.externaltools.gnu-tools-for-stm32.11.3.rel1.win32_1.1.100.202309141235/tools/bin/../lib/gcc/arm-none-eabi/11.3.1/thumb/v7-m/nofp\libgcc.a(_udivmoddi4.o)
                0x000000000800371c                __exidx_end = .
                0x000000000800371c                . = ALIGN (0x4)

.rel.dyn        0x000000000800371c        0x0
 .rel.iplt      0x000000000800371c        0x0 C:/ST/STM32CubeIDE_1.14.1/STM32CubeIDE/plugins/com.st.stm32cube.ide.mcu.externaltools.gnu-tools-for-stm32.11.3.rel1.win32_1.1.100.202309141235/tools/bin/../lib/gcc/arm-none-eabi/11.3.1/thumb/v7-m/nofp/crtbegin.o

.preinit_array  0x000000000800371c        0x0
                0x000000000800371c                . = ALIGN (0x4)
                0x000000000800371c                PROVIDE (__preinit_array_start = .)
 *(.preinit_array*)
                0x000000000800371c                PROVIDE (__preinit_array_end = .)
                0x000000000800371c                . = ALIGN (0x4)

.init_array     0x000000000800371c        0x4
                0x000000000800371c                . = ALIGN (0x4)
                0x000000000800371c                PROVIDE (__init_array_start = .)
 *(SORT_BY_NAME(.init_array.*))
 *(.init_array*)
 .init_array    0x000000000800371c        0x4 C:/ST/STM32CubeIDE_1.14.1/STM32CubeIDE/plugins/com.st.stm32cube.ide.mcu.externaltools.gnu-tools-for-stm32.11.3.rel1.win32_1.1.100.202309141235/tools/bin/../lib/gcc/arm-none-eabi/11.3.1/thumb/v7-m/nofp/crtbegin.o
                0x0000000008003720                PROVIDE (__init_array_end = .)
                0x0000000008003720                . = ALIGN (0x4)

.fini_array     0x0000000008003720        0x4
                0x0000000008003720                . = ALIGN (0x4)
                [!provide]                        PROVIDE (__fini_array_start = .)
 *(SORT_BY_NAME(.fini_array.*))
 *(.fini_array*)
 .fini_array    0x0000000008003720        0x4 C:/ST/STM32CubeIDE_1.14.1/STM32CubeIDE/plugins/com.st.stm32cube.ide.mcu.externaltools.gnu-tools-for-stm32.11.3.rel1.win32_1.1.100.202309141235/tools/bin/../lib/gcc/arm-none-eabi/11.3.1/thumb/v7-m/nofp/crtbegin.o
                [!provide]                        PROVIDE (__fini_array_end = .)
                0x0000000008003724                . = ALIGN (0x4)
                0x0000000008003724                _sidata = LOADADDR (.data)

.data           0x0000000020000000       0x10 load address 0x0000000008003724
                0x0000000020000000                . = ALIGN (0x4)
                0x0000000020000000                _sdata = .
 *(.data)
 *(.data*)
 .data.chanel   0x0000000020000000        0x1 ./Core/Src/main.o
                0x0000000020000000                chanel
 *fill*         0x0000000020000001        0x3 
 .data.SystemCoreClock
                0x0000000020000004        0x4 ./Core/Src/system_stm32f1xx.o
                0x0000000020000004                SystemCoreClock
 .data.uwTickPrio
                0x0000000020000008        0x4 ./Drivers/STM32F1xx_HAL_Driver/Src/stm32f1xx_hal.o
                0x0000000020000008                uwTickPrio
 .data.uwTickFreq
                0x000000002000000c        0x1 ./Drivers/STM32F1xx_HAL_Driver/Src/stm32f1xx_hal.o
                0x000000002000000c                uwTickFreq
 *(.RamFunc)
 *(.RamFunc*)
                0x0000000020000010                . = ALIGN (0x4)
 *fill*         0x000000002000000d        0x3 
                0x0000000020000010                _edata = .

.igot.plt       0x0000000020000010        0x0 load address 0x0000000008003734
 .igot.plt      0x0000000020000010        0x0 C:/ST/STM32CubeIDE_1.14.1/STM32CubeIDE/plugins/com.st.stm32cube.ide.mcu.externaltools.gnu-tools-for-stm32.11.3.rel1.win32_1.1.100.202309141235/tools/bin/../lib/gcc/arm-none-eabi/11.3.1/thumb/v7-m/nofp/crtbegin.o
                0x0000000020000010                . = ALIGN (0x4)

.bss            0x0000000020000010      0x2f8 load address 0x0000000008003734
                0x0000000020000010                _sbss = .
                0x0000000020000010                __bss_start__ = _sbss
 *(.bss)
 .bss           0x0000000020000010       0x1c C:/ST/STM32CubeIDE_1.14.1/STM32CubeIDE/plugins/com.st.stm32cube.ide.mcu.externaltools.gnu-tools-for-stm32.11.3.rel1.win32_1.1.100.202309141235/tools/bin/../lib/gcc/arm-none-eabi/11.3.1/thumb/v7-m/nofp/crtbegin.o
 *(.bss*)
 .bss.buffer_req
                0x000000002000002c        0x8 ./Core/Src/BL_Program.o
                0x000000002000002c                buffer_req
 .bss.buffer_flashing_data
                0x0000000020000034       0x80 ./Core/Src/BL_Program.o
                0x0000000020000034                buffer_flashing_data
 .bss.buffer_packet
                0x00000000200000b4       0x84 ./Core/Src/BL_Program.o
                0x00000000200000b4                buffer_packet
 .bss.buffer_resp
                0x0000000020000138        0x8 ./Core/Src/BL_Program.o
                0x0000000020000138                buffer_resp
 .bss.counter   0x0000000020000140        0x1 ./Core/Src/SX1278_if.o
                0x0000000020000140                counter
 *fill*         0x0000000020000141        0x3 
 .bss.hiwdg     0x0000000020000144        0xc ./Core/Src/main.o
                0x0000000020000144                hiwdg
 .bss.hspi1     0x0000000020000150       0x58 ./Core/Src/main.o
                0x0000000020000150                hspi1
 .bss.SX1278_hw
                0x00000000200001a8       0x1c ./Core/Src/main.o
                0x00000000200001a8                SX1278_hw
 *fill*         0x00000000200001c4        0x4 
 .bss.SX1278    0x00000000200001c8      0x118 ./Core/Src/main.o
                0x00000000200001c8                SX1278
 .bss.ret       0x00000000200002e0        0x1 ./Core/Src/main.o
                0x00000000200002e0                ret
 *fill*         0x00000000200002e1        0x3 
 .bss.uwTick    0x00000000200002e4        0x4 ./Drivers/STM32F1xx_HAL_Driver/Src/stm32f1xx_hal.o
                0x00000000200002e4                uwTick
 .bss.pFlash    0x00000000200002e8       0x20 ./Drivers/STM32F1xx_HAL_Driver/Src/stm32f1xx_hal_flash.o
                0x00000000200002e8                pFlash
 *(COMMON)
                0x0000000020000308                . = ALIGN (0x4)
                0x0000000020000308                _ebss = .
                0x0000000020000308                __bss_end__ = _ebss

._user_heap_stack
                0x0000000020000308      0x600 load address 0x0000000008003734
                0x0000000020000308                . = ALIGN (0x8)
                [!provide]                        PROVIDE (end = .)
                0x0000000020000308                PROVIDE (_end = .)
                0x0000000020000508                . = (. + _Min_Heap_Size)
 *fill*         0x0000000020000308      0x200 
                0x0000000020000908                . = (. + _Min_Stack_Size)
 *fill*         0x0000000020000508      0x400 
                0x0000000020000908                . = ALIGN (0x8)

/DISCARD/
 libc.a(*)
 libm.a(*)
 libgcc.a(*)

.ARM.attributes
                0x0000000000000000       0x29
 *(.ARM.attributes)
 .ARM.attributes
                0x0000000000000000       0x1d C:/ST/STM32CubeIDE_1.14.1/STM32CubeIDE/plugins/com.st.stm32cube.ide.mcu.externaltools.gnu-tools-for-stm32.11.3.rel1.win32_1.1.100.202309141235/tools/bin/../lib/gcc/arm-none-eabi/11.3.1/thumb/v7-m/nofp/crti.o
 .ARM.attributes
                0x000000000000001d       0x2d C:/ST/STM32CubeIDE_1.14.1/STM32CubeIDE/plugins/com.st.stm32cube.ide.mcu.externaltools.gnu-tools-for-stm32.11.3.rel1.win32_1.1.100.202309141235/tools/bin/../lib/gcc/arm-none-eabi/11.3.1/thumb/v7-m/nofp/crtbegin.o
 .ARM.attributes
                0x000000000000004a       0x2d ./Core/Src/BL_Program.o
 .ARM.attributes
                0x0000000000000077       0x2d ./Core/Src/SX1278.o
 .ARM.attributes
                0x00000000000000a4       0x2d ./Core/Src/SX1278_hw.o
 .ARM.attributes
                0x00000000000000d1       0x2d ./Core/Src/SX1278_if.o
 .ARM.attributes
                0x00000000000000fe       0x2d ./Core/Src/main.o
 .ARM.attributes
                0x000000000000012b       0x2d ./Core/Src/operation.o
 .ARM.attributes
                0x0000000000000158       0x2d ./Core/Src/stm32f1xx_hal_msp.o
 .ARM.attributes
                0x0000000000000185       0x2d ./Core/Src/stm32f1xx_it.o
 .ARM.attributes
                0x00000000000001b2       0x2d ./Core/Src/system_stm32f1xx.o
 .ARM.attributes
                0x00000000000001df       0x21 ./Core/Startup/startup_stm32f103c8tx.o
 .ARM.attributes
                0x0000000000000200       0x2d ./Drivers/STM32F1xx_HAL_Driver/Src/stm32f1xx_hal.o
 .ARM.attributes
                0x000000000000022d       0x2d ./Drivers/STM32F1xx_HAL_Driver/Src/stm32f1xx_hal_cortex.o
 .ARM.attributes
                0x000000000000025a       0x2d ./Drivers/STM32F1xx_HAL_Driver/Src/stm32f1xx_hal_flash.o
 .ARM.attributes
                0x0000000000000287       0x2d ./Drivers/STM32F1xx_HAL_Driver/Src/stm32f1xx_hal_flash_ex.o
 .ARM.attributes
                0x00000000000002b4       0x2d ./Drivers/STM32F1xx_HAL_Driver/Src/stm32f1xx_hal_gpio.o
 .ARM.attributes
                0x00000000000002e1       0x2d ./Drivers/STM32F1xx_HAL_Driver/Src/stm32f1xx_hal_iwdg.o
 .ARM.attributes
                0x000000000000030e       0x2d ./Drivers/STM32F1xx_HAL_Driver/Src/stm32f1xx_hal_rcc.o
 .ARM.attributes
                0x000000000000033b       0x2d ./Drivers/STM32F1xx_HAL_Driver/Src/stm32f1xx_hal_spi.o
 .ARM.attributes
                0x0000000000000368       0x2d C:/ST/STM32CubeIDE_1.14.1/STM32CubeIDE/plugins/com.st.stm32cube.ide.mcu.externaltools.gnu-tools-for-stm32.11.3.rel1.win32_1.1.100.202309141235/tools/bin/../lib/gcc/arm-none-eabi/11.3.1/../../../../arm-none-eabi/lib/thumb/v7-m/nofp\libc_nano.a(libc_a-memset.o)
 .ARM.attributes
                0x0000000000000395       0x2d C:/ST/STM32CubeIDE_1.14.1/STM32CubeIDE/plugins/com.st.stm32cube.ide.mcu.externaltools.gnu-tools-for-stm32.11.3.rel1.win32_1.1.100.202309141235/tools/bin/../lib/gcc/arm-none-eabi/11.3.1/../../../../arm-none-eabi/lib/thumb/v7-m/nofp\libc_nano.a(libc_a-init.o)
 .ARM.attributes
                0x00000000000003c2       0x2d C:/ST/STM32CubeIDE_1.14.1/STM32CubeIDE/plugins/com.st.stm32cube.ide.mcu.externaltools.gnu-tools-for-stm32.11.3.rel1.win32_1.1.100.202309141235/tools/bin/../lib/gcc/arm-none-eabi/11.3.1/../../../../arm-none-eabi/lib/thumb/v7-m/nofp\libc_nano.a(libc_a-memcpy-stub.o)
 .ARM.attributes
                0x00000000000003ef       0x1d C:/ST/STM32CubeIDE_1.14.1/STM32CubeIDE/plugins/com.st.stm32cube.ide.mcu.externaltools.gnu-tools-for-stm32.11.3.rel1.win32_1.1.100.202309141235/tools/bin/../lib/gcc/arm-none-eabi/11.3.1/thumb/v7-m/nofp\libgcc.a(_aeabi_uldivmod.o)
 .ARM.attributes
                0x000000000000040c       0x2d C:/ST/STM32CubeIDE_1.14.1/STM32CubeIDE/plugins/com.st.stm32cube.ide.mcu.externaltools.gnu-tools-for-stm32.11.3.rel1.win32_1.1.100.202309141235/tools/bin/../lib/gcc/arm-none-eabi/11.3.1/thumb/v7-m/nofp\libgcc.a(_udivmoddi4.o)
 .ARM.attributes
                0x0000000000000439       0x1d C:/ST/STM32CubeIDE_1.14.1/STM32CubeIDE/plugins/com.st.stm32cube.ide.mcu.externaltools.gnu-tools-for-stm32.11.3.rel1.win32_1.1.100.202309141235/tools/bin/../lib/gcc/arm-none-eabi/11.3.1/thumb/v7-m/nofp\libgcc.a(_dvmd_tls.o)
 .ARM.attributes
                0x0000000000000456       0x1d C:/ST/STM32CubeIDE_1.14.1/STM32CubeIDE/plugins/com.st.stm32cube.ide.mcu.externaltools.gnu-tools-for-stm32.11.3.rel1.win32_1.1.100.202309141235/tools/bin/../lib/gcc/arm-none-eabi/11.3.1/thumb/v7-m/nofp/crtn.o
OUTPUT(BootLoader_f103c8t6.elf elf32-littlearm)
LOAD linker stubs
LOAD C:/ST/STM32CubeIDE_1.14.1/STM32CubeIDE/plugins/com.st.stm32cube.ide.mcu.externaltools.gnu-tools-for-stm32.11.3.rel1.win32_1.1.100.202309141235/tools/bin/../lib/gcc/arm-none-eabi/11.3.1/../../../../arm-none-eabi/lib/thumb/v7-m/nofp\libc.a
LOAD C:/ST/STM32CubeIDE_1.14.1/STM32CubeIDE/plugins/com.st.stm32cube.ide.mcu.externaltools.gnu-tools-for-stm32.11.3.rel1.win32_1.1.100.202309141235/tools/bin/../lib/gcc/arm-none-eabi/11.3.1/../../../../arm-none-eabi/lib/thumb/v7-m/nofp\libm.a
LOAD C:/ST/STM32CubeIDE_1.14.1/STM32CubeIDE/plugins/com.st.stm32cube.ide.mcu.externaltools.gnu-tools-for-stm32.11.3.rel1.win32_1.1.100.202309141235/tools/bin/../lib/gcc/arm-none-eabi/11.3.1/thumb/v7-m/nofp\libgcc.a

.comment        0x0000000000000000       0x43
 .comment       0x0000000000000000       0x43 C:/ST/STM32CubeIDE_1.14.1/STM32CubeIDE/plugins/com.st.stm32cube.ide.mcu.externaltools.gnu-tools-for-stm32.11.3.rel1.win32_1.1.100.202309141235/tools/bin/../lib/gcc/arm-none-eabi/11.3.1/thumb/v7-m/nofp/crtbegin.o
                                         0x44 (size before relaxing)
 .comment       0x0000000000000043       0x44 ./Core/Src/BL_Program.o
 .comment       0x0000000000000043       0x44 ./Core/Src/SX1278.o
 .comment       0x0000000000000043       0x44 ./Core/Src/SX1278_hw.o
 .comment       0x0000000000000043       0x44 ./Core/Src/SX1278_if.o
 .comment       0x0000000000000043       0x44 ./Core/Src/main.o
 .comment       0x0000000000000043       0x44 ./Core/Src/operation.o
 .comment       0x0000000000000043       0x44 ./Core/Src/stm32f1xx_hal_msp.o
 .comment       0x0000000000000043       0x44 ./Core/Src/stm32f1xx_it.o
 .comment       0x0000000000000043       0x44 ./Core/Src/system_stm32f1xx.o
 .comment       0x0000000000000043       0x44 ./Drivers/STM32F1xx_HAL_Driver/Src/stm32f1xx_hal.o
 .comment       0x0000000000000043       0x44 ./Drivers/STM32F1xx_HAL_Driver/Src/stm32f1xx_hal_cortex.o
 .comment       0x0000000000000043       0x44 ./Drivers/STM32F1xx_HAL_Driver/Src/stm32f1xx_hal_flash.o
 .comment       0x0000000000000043       0x44 ./Drivers/STM32F1xx_HAL_Driver/Src/stm32f1xx_hal_flash_ex.o
 .comment       0x0000000000000043       0x44 ./Drivers/STM32F1xx_HAL_Driver/Src/stm32f1xx_hal_gpio.o
 .comment       0x0000000000000043       0x44 ./Drivers/STM32F1xx_HAL_Driver/Src/stm32f1xx_hal_iwdg.o
 .comment       0x0000000000000043       0x44 ./Drivers/STM32F1xx_HAL_Driver/Src/stm32f1xx_hal_rcc.o
 .comment       0x0000000000000043       0x44 ./Drivers/STM32F1xx_HAL_Driver/Src/stm32f1xx_hal_spi.o

.debug_info     0x0000000000000000     0x85ba
 .debug_info    0x0000000000000000      0xd6b ./Core/Src/BL_Program.o
 .debug_info    0x0000000000000d6b      0x943 ./Core/Src/SX1278.o
 .debug_info    0x00000000000016ae      0x919 ./Core/Src/SX1278_hw.o
 .debug_info    0x0000000000001fc7      0x6e9 ./Core/Src/SX1278_if.o
 .debug_info    0x00000000000026b0      0xda9 ./Core/Src/main.o
 .debug_info    0x0000000000003459      0x224 ./Core/Src/operation.o
 .debug_info    0x000000000000367d      0x8ce ./Core/Src/stm32f1xx_hal_msp.o
 .debug_info    0x0000000000003f4b      0x1d4 ./Core/Src/stm32f1xx_it.o
 .debug_info    0x000000000000411f      0x222 ./Core/Src/system_stm32f1xx.o
 .debug_info    0x0000000000004341       0x23 ./Core/Startup/startup_stm32f103c8tx.o
 .debug_info    0x0000000000004364      0x704 ./Drivers/STM32F1xx_HAL_Driver/Src/stm32f1xx_hal.o
 .debug_info    0x0000000000004a68      0xa87 ./Drivers/STM32F1xx_HAL_Driver/Src/stm32f1xx_hal_cortex.o
 .debug_info    0x00000000000054ef      0x4f8 ./Drivers/STM32F1xx_HAL_Driver/Src/stm32f1xx_hal_flash.o
 .debug_info    0x00000000000059e7      0x777 ./Drivers/STM32F1xx_HAL_Driver/Src/stm32f1xx_hal_flash_ex.o
 .debug_info    0x000000000000615e      0x5ab ./Drivers/STM32F1xx_HAL_Driver/Src/stm32f1xx_hal_gpio.o
 .debug_info    0x0000000000006709      0x1d9 ./Drivers/STM32F1xx_HAL_Driver/Src/stm32f1xx_hal_iwdg.o
 .debug_info    0x00000000000068e2      0x7d5 ./Drivers/STM32F1xx_HAL_Driver/Src/stm32f1xx_hal_rcc.o
 .debug_info    0x00000000000070b7     0x1503 ./Drivers/STM32F1xx_HAL_Driver/Src/stm32f1xx_hal_spi.o

.debug_abbrev   0x0000000000000000     0x22ee
 .debug_abbrev  0x0000000000000000      0x300 ./Core/Src/BL_Program.o
 .debug_abbrev  0x0000000000000300      0x221 ./Core/Src/SX1278.o
 .debug_abbrev  0x0000000000000521      0x209 ./Core/Src/SX1278_hw.o
 .debug_abbrev  0x000000000000072a      0x221 ./Core/Src/SX1278_if.o
 .debug_abbrev  0x000000000000094b      0x2e4 ./Core/Src/main.o
 .debug_abbrev  0x0000000000000c2f      0x158 ./Core/Src/operation.o
 .debug_abbrev  0x0000000000000d87      0x1ab ./Core/Src/stm32f1xx_hal_msp.o
 .debug_abbrev  0x0000000000000f32       0xae ./Core/Src/stm32f1xx_it.o
 .debug_abbrev  0x0000000000000fe0      0x13f ./Core/Src/system_stm32f1xx.o
 .debug_abbrev  0x000000000000111f       0x12 ./Core/Startup/startup_stm32f103c8tx.o
 .debug_abbrev  0x0000000000001131      0x201 ./Drivers/STM32F1xx_HAL_Driver/Src/stm32f1xx_hal.o
 .debug_abbrev  0x0000000000001332      0x2f8 ./Drivers/STM32F1xx_HAL_Driver/Src/stm32f1xx_hal_cortex.o
 .debug_abbrev  0x000000000000162a      0x250 ./Drivers/STM32F1xx_HAL_Driver/Src/stm32f1xx_hal_flash.o
 .debug_abbrev  0x000000000000187a      0x247 ./Drivers/STM32F1xx_HAL_Driver/Src/stm32f1xx_hal_flash_ex.o
 .debug_abbrev  0x0000000000001ac1      0x1ca ./Drivers/STM32F1xx_HAL_Driver/Src/stm32f1xx_hal_gpio.o
 .debug_abbrev  0x0000000000001c8b      0x12c ./Drivers/STM32F1xx_HAL_Driver/Src/stm32f1xx_hal_iwdg.o
 .debug_abbrev  0x0000000000001db7      0x2b3 ./Drivers/STM32F1xx_HAL_Driver/Src/stm32f1xx_hal_rcc.o
 .debug_abbrev  0x000000000000206a      0x284 ./Drivers/STM32F1xx_HAL_Driver/Src/stm32f1xx_hal_spi.o

.debug_aranges  0x0000000000000000      0x910
 .debug_aranges
                0x0000000000000000       0x88 ./Core/Src/BL_Program.o
 .debug_aranges
                0x0000000000000088       0xb8 ./Core/Src/SX1278.o
 .debug_aranges
                0x0000000000000140       0x50 ./Core/Src/SX1278_hw.o
 .debug_aranges
                0x0000000000000190       0x40 ./Core/Src/SX1278_if.o
 .debug_aranges
                0x00000000000001d0       0x48 ./Core/Src/main.o
 .debug_aranges
                0x0000000000000218       0x38 ./Core/Src/operation.o
 .debug_aranges
                0x0000000000000250       0x30 ./Core/Src/stm32f1xx_hal_msp.o
 .debug_aranges
                0x0000000000000280       0x60 ./Core/Src/stm32f1xx_it.o
 .debug_aranges
                0x00000000000002e0       0x28 ./Core/Src/system_stm32f1xx.o
 .debug_aranges
                0x0000000000000308       0x28 ./Core/Startup/startup_stm32f103c8tx.o
 .debug_aranges
                0x0000000000000330       0xe0 ./Drivers/STM32F1xx_HAL_Driver/Src/stm32f1xx_hal.o
 .debug_aranges
                0x0000000000000410      0x100 ./Drivers/STM32F1xx_HAL_Driver/Src/stm32f1xx_hal_cortex.o
 .debug_aranges
                0x0000000000000510       0x88 ./Drivers/STM32F1xx_HAL_Driver/Src/stm32f1xx_hal_flash.o
 .debug_aranges
                0x0000000000000598       0x98 ./Drivers/STM32F1xx_HAL_Driver/Src/stm32f1xx_hal_flash_ex.o
 .debug_aranges
                0x0000000000000630       0x58 ./Drivers/STM32F1xx_HAL_Driver/Src/stm32f1xx_hal_gpio.o
 .debug_aranges
                0x0000000000000688       0x28 ./Drivers/STM32F1xx_HAL_Driver/Src/stm32f1xx_hal_iwdg.o
 .debug_aranges
                0x00000000000006b0       0x90 ./Drivers/STM32F1xx_HAL_Driver/Src/stm32f1xx_hal_rcc.o
 .debug_aranges
                0x0000000000000740      0x1d0 ./Drivers/STM32F1xx_HAL_Driver/Src/stm32f1xx_hal_spi.o

.debug_rnglists
                0x0000000000000000      0x6ae
 .debug_rnglists
                0x0000000000000000       0x66 ./Core/Src/BL_Program.o
 .debug_rnglists
                0x0000000000000066       0x89 ./Core/Src/SX1278.o
 .debug_rnglists
                0x00000000000000ef       0x37 ./Core/Src/SX1278_hw.o
 .debug_rnglists
                0x0000000000000126       0x2e ./Core/Src/SX1278_if.o
 .debug_rnglists
                0x0000000000000154       0x34 ./Core/Src/main.o
 .debug_rnglists
                0x0000000000000188       0x25 ./Core/Src/operation.o
 .debug_rnglists
                0x00000000000001ad       0x20 ./Core/Src/stm32f1xx_hal_msp.o
 .debug_rnglists
                0x00000000000001cd       0x43 ./Core/Src/stm32f1xx_it.o
 .debug_rnglists
                0x0000000000000210       0x1a ./Core/Src/system_stm32f1xx.o
 .debug_rnglists
                0x000000000000022a       0x19 ./Core/Startup/startup_stm32f103c8tx.o
 .debug_rnglists
                0x0000000000000243       0xa3 ./Drivers/STM32F1xx_HAL_Driver/Src/stm32f1xx_hal.o
 .debug_rnglists
                0x00000000000002e6       0xbb ./Drivers/STM32F1xx_HAL_Driver/Src/stm32f1xx_hal_cortex.o
 .debug_rnglists
                0x00000000000003a1       0x66 ./Drivers/STM32F1xx_HAL_Driver/Src/stm32f1xx_hal_flash.o
 .debug_rnglists
                0x0000000000000407       0x74 ./Drivers/STM32F1xx_HAL_Driver/Src/stm32f1xx_hal_flash_ex.o
 .debug_rnglists
                0x000000000000047b       0x3f ./Drivers/STM32F1xx_HAL_Driver/Src/stm32f1xx_hal_gpio.o
 .debug_rnglists
                0x00000000000004ba       0x1a ./Drivers/STM32F1xx_HAL_Driver/Src/stm32f1xx_hal_iwdg.o
 .debug_rnglists
                0x00000000000004d4       0x6c ./Drivers/STM32F1xx_HAL_Driver/Src/stm32f1xx_hal_rcc.o
 .debug_rnglists
                0x0000000000000540      0x16e ./Drivers/STM32F1xx_HAL_Driver/Src/stm32f1xx_hal_spi.o

.debug_macro    0x0000000000000000    0x17cd7
 .debug_macro   0x0000000000000000      0x207 ./Core/Src/BL_Program.o
 .debug_macro   0x0000000000000207      0xa9c ./Core/Src/BL_Program.o
 .debug_macro   0x0000000000000ca3      0x21b ./Core/Src/BL_Program.o
 .debug_macro   0x0000000000000ebe       0x2e ./Core/Src/BL_Program.o
 .debug_macro   0x0000000000000eec       0x22 ./Core/Src/BL_Program.o
 .debug_macro   0x0000000000000f0e       0x22 ./Core/Src/BL_Program.o
 .debug_macro   0x0000000000000f30       0x8e ./Core/Src/BL_Program.o
 .debug_macro   0x0000000000000fbe       0x51 ./Core/Src/BL_Program.o
 .debug_macro   0x000000000000100f      0x103 ./Core/Src/BL_Program.o
 .debug_macro   0x0000000000001112       0x6a ./Core/Src/BL_Program.o
 .debug_macro   0x000000000000117c      0x1df ./Core/Src/BL_Program.o
 .debug_macro   0x000000000000135b       0x1c ./Core/Src/BL_Program.o
 .debug_macro   0x0000000000001377       0x22 ./Core/Src/BL_Program.o
 .debug_macro   0x0000000000001399       0xbd ./Core/Src/BL_Program.o
 .debug_macro   0x0000000000001456      0xd23 ./Core/Src/BL_Program.o
 .debug_macro   0x0000000000002179     0xe09e ./Core/Src/BL_Program.o
 .debug_macro   0x0000000000010217       0x6d ./Core/Src/BL_Program.o
 .debug_macro   0x0000000000010284     0x348d ./Core/Src/BL_Program.o
 .debug_macro   0x0000000000013711      0x174 ./Core/Src/BL_Program.o
 .debug_macro   0x0000000000013885       0x5c ./Core/Src/BL_Program.o
 .debug_macro   0x00000000000138e1      0x5bc ./Core/Src/BL_Program.o
 .debug_macro   0x0000000000013e9d      0x289 ./Core/Src/BL_Program.o
 .debug_macro   0x0000000000014126      0x1cb ./Core/Src/BL_Program.o
 .debug_macro   0x00000000000142f1      0x114 ./Core/Src/BL_Program.o
 .debug_macro   0x0000000000014405      0x1b2 ./Core/Src/BL_Program.o
 .debug_macro   0x00000000000145b7       0x27 ./Core/Src/BL_Program.o
 .debug_macro   0x00000000000145de      0x136 ./Core/Src/BL_Program.o
 .debug_macro   0x0000000000014714      0x1bc ./Core/Src/BL_Program.o
 .debug_macro   0x00000000000148d0       0x34 ./Core/Src/BL_Program.o
 .debug_macro   0x0000000000014904       0x3c ./Core/Src/BL_Program.o
 .debug_macro   0x0000000000014940       0x57 ./Core/Src/BL_Program.o
 .debug_macro   0x0000000000014997       0x87 ./Core/Src/BL_Program.o
 .debug_macro   0x0000000000014a1e      0x240 ./Core/Src/BL_Program.o
 .debug_macro   0x0000000000014c5e       0x78 ./Core/Src/BL_Program.o
 .debug_macro   0x0000000000014cd6      0x140 ./Core/Src/BL_Program.o
 .debug_macro   0x0000000000014e16      0x217 ./Core/Src/BL_Program.o
 .debug_macro   0x000000000001502d       0x83 ./Core/Src/BL_Program.o
 .debug_macro   0x00000000000150b0       0x22 ./Core/Src/BL_Program.o
 .debug_macro   0x00000000000150d2      0x441 ./Core/Src/BL_Program.o
 .debug_macro   0x0000000000015513       0x40 ./Core/Src/BL_Program.o
 .debug_macro   0x0000000000015553      0x23c ./Core/Src/BL_Program.o
 .debug_macro   0x000000000001578f       0x1c ./Core/Src/BL_Program.o
 .debug_macro   0x00000000000157ab      0x158 ./Core/Src/SX1278.o
 .debug_macro   0x0000000000015903       0x61 ./Core/Src/SX1278.o
 .debug_macro   0x0000000000015964       0x24 ./Core/Src/SX1278.o
 .debug_macro   0x0000000000015988       0x43 ./Core/Src/SX1278.o
 .debug_macro   0x00000000000159cb       0x34 ./Core/Src/SX1278.o
 .debug_macro   0x00000000000159ff       0x16 ./Core/Src/SX1278.o
 .debug_macro   0x0000000000015a15       0x43 ./Core/Src/SX1278.o
 .debug_macro   0x0000000000015a58       0x34 ./Core/Src/SX1278.o
 .debug_macro   0x0000000000015a8c       0x10 ./Core/Src/SX1278.o
 .debug_macro   0x0000000000015a9c       0x58 ./Core/Src/SX1278.o
 .debug_macro   0x0000000000015af4       0x8e ./Core/Src/SX1278.o
 .debug_macro   0x0000000000015b82       0x1c ./Core/Src/SX1278.o
 .debug_macro   0x0000000000015b9e      0x177 ./Core/Src/SX1278.o
 .debug_macro   0x0000000000015d15      0x369 ./Core/Src/SX1278.o
 .debug_macro   0x000000000001607e       0x10 ./Core/Src/SX1278.o
 .debug_macro   0x000000000001608e       0x35 ./Core/Src/SX1278.o
 .debug_macro   0x00000000000160c3       0x20 ./Core/Src/SX1278.o
 .debug_macro   0x00000000000160e3      0x29b ./Core/Src/SX1278_hw.o
 .debug_macro   0x000000000001637e       0x56 ./Core/Src/SX1278_hw.o
 .debug_macro   0x00000000000163d4      0x1ff ./Core/Src/SX1278_if.o
 .debug_macro   0x00000000000165d3      0x242 ./Core/Src/SX1278_if.o
 .debug_macro   0x0000000000016815      0x1dc ./Core/Src/main.o
 .debug_macro   0x00000000000169f1       0x2b ./Core/Src/operation.o
 .debug_macro   0x0000000000016a1c      0x1c9 ./Core/Src/stm32f1xx_hal_msp.o
 .debug_macro   0x0000000000016be5      0x1d3 ./Core/Src/stm32f1xx_it.o
 .debug_macro   0x0000000000016db8      0x198 ./Core/Src/system_stm32f1xx.o
 .debug_macro   0x0000000000016f50      0x1bc ./Drivers/STM32F1xx_HAL_Driver/Src/stm32f1xx_hal.o
 .debug_macro   0x000000000001710c      0x198 ./Drivers/STM32F1xx_HAL_Driver/Src/stm32f1xx_hal_cortex.o
 .debug_macro   0x00000000000172a4      0x198 ./Drivers/STM32F1xx_HAL_Driver/Src/stm32f1xx_hal_flash.o
 .debug_macro   0x000000000001743c      0x1aa ./Drivers/STM32F1xx_HAL_Driver/Src/stm32f1xx_hal_flash_ex.o
 .debug_macro   0x00000000000175e6      0x203 ./Drivers/STM32F1xx_HAL_Driver/Src/stm32f1xx_hal_gpio.o
 .debug_macro   0x00000000000177e9      0x1a4 ./Drivers/STM32F1xx_HAL_Driver/Src/stm32f1xx_hal_iwdg.o
 .debug_macro   0x000000000001798d      0x1aa ./Drivers/STM32F1xx_HAL_Driver/Src/stm32f1xx_hal_rcc.o
 .debug_macro   0x0000000000017b37      0x1a0 ./Drivers/STM32F1xx_HAL_Driver/Src/stm32f1xx_hal_spi.o

.debug_line     0x0000000000000000     0xaf63
 .debug_line    0x0000000000000000      0xd17 ./Core/Src/BL_Program.o
 .debug_line    0x0000000000000d17      0x99b ./Core/Src/SX1278.o
 .debug_line    0x00000000000016b2      0x965 ./Core/Src/SX1278_hw.o
 .debug_line    0x0000000000002017      0x874 ./Core/Src/SX1278_if.o
 .debug_line    0x000000000000288b      0x868 ./Core/Src/main.o
 .debug_line    0x00000000000030f3      0x131 ./Core/Src/operation.o
 .debug_line    0x0000000000003224      0x767 ./Core/Src/stm32f1xx_hal_msp.o
 .debug_line    0x000000000000398b      0x7d5 ./Core/Src/stm32f1xx_it.o
 .debug_line    0x0000000000004160      0x769 ./Core/Src/system_stm32f1xx.o
 .debug_line    0x00000000000048c9       0x78 ./Core/Startup/startup_stm32f103c8tx.o
 .debug_line    0x0000000000004941      0x996 ./Drivers/STM32F1xx_HAL_Driver/Src/stm32f1xx_hal.o
 .debug_line    0x00000000000052d7      0xb7e ./Drivers/STM32F1xx_HAL_Driver/Src/stm32f1xx_hal_cortex.o
 .debug_line    0x0000000000005e55      0xa73 ./Drivers/STM32F1xx_HAL_Driver/Src/stm32f1xx_hal_flash.o
 .debug_line    0x00000000000068c8      0xb4e ./Drivers/STM32F1xx_HAL_Driver/Src/stm32f1xx_hal_flash_ex.o
 .debug_line    0x0000000000007416      0xa2f ./Drivers/STM32F1xx_HAL_Driver/Src/stm32f1xx_hal_gpio.o
 .debug_line    0x0000000000007e45      0x761 ./Drivers/STM32F1xx_HAL_Driver/Src/stm32f1xx_hal_iwdg.o
 .debug_line    0x00000000000085a6      0xd9f ./Drivers/STM32F1xx_HAL_Driver/Src/stm32f1xx_hal_rcc.o
 .debug_line    0x0000000000009345     0x1c1e ./Drivers/STM32F1xx_HAL_Driver/Src/stm32f1xx_hal_spi.o

.debug_str      0x0000000000000000    0x83a01
 .debug_str     0x0000000000000000    0x7e4ae ./Core/Src/BL_Program.o
                                      0x7e83e (size before relaxing)
 .debug_str     0x000000000007e4ae     0x3368 ./Core/Src/SX1278.o
                                       0x826c (size before relaxing)
 .debug_str     0x0000000000081816      0x41f ./Core/Src/SX1278_hw.o
                                      0x80a84 (size before relaxing)
 .debug_str     0x0000000000081c35       0xc2 ./Core/Src/SX1278_if.o
                                      0x7e318 (size before relaxing)
 .debug_str     0x0000000000081cf7      0x204 ./Core/Src/main.o
                                      0x7e79b (size before relaxing)
 .debug_str     0x0000000000081efb       0x6e ./Core/Src/operation.o
                                       0x2f06 (size before relaxing)
 .debug_str     0x0000000000081f69       0x87 ./Core/Src/stm32f1xx_hal_msp.o
                                      0x7d8af (size before relaxing)
 .debug_str     0x0000000000081ff0       0xc9 ./Core/Src/stm32f1xx_it.o
                                      0x7d47b (size before relaxing)
 .debug_str     0x00000000000820b9       0x7e ./Core/Src/system_stm32f1xx.o
                                      0x7c58f (size before relaxing)
 .debug_str     0x0000000000082137       0x34 ./Core/Startup/startup_stm32f103c8tx.o
                                         0x7d (size before relaxing)
 .debug_str     0x000000000008216b      0x5c4 ./Drivers/STM32F1xx_HAL_Driver/Src/stm32f1xx_hal.o
                                      0x7ccc2 (size before relaxing)
 .debug_str     0x000000000008272f      0x261 ./Drivers/STM32F1xx_HAL_Driver/Src/stm32f1xx_hal_cortex.o
                                      0x7cc0e (size before relaxing)
 .debug_str     0x0000000000082990      0x25f ./Drivers/STM32F1xx_HAL_Driver/Src/stm32f1xx_hal_flash.o
                                      0x7c86a (size before relaxing)
 .debug_str     0x0000000000082bef      0x302 ./Drivers/STM32F1xx_HAL_Driver/Src/stm32f1xx_hal_flash_ex.o
                                      0x7ca18 (size before relaxing)
 .debug_str     0x0000000000082ef1      0x2d0 ./Drivers/STM32F1xx_HAL_Driver/Src/stm32f1xx_hal_gpio.o
                                      0x7c915 (size before relaxing)
 .debug_str     0x00000000000831c1       0xe5 ./Drivers/STM32F1xx_HAL_Driver/Src/stm32f1xx_hal_iwdg.o
                                      0x7c651 (size before relaxing)
 .debug_str     0x00000000000832a6      0x229 ./Drivers/STM32F1xx_HAL_Driver/Src/stm32f1xx_hal_rcc.o
                                      0x7c9be (size before relaxing)
 .debug_str     0x00000000000834cf      0x532 ./Drivers/STM32F1xx_HAL_Driver/Src/stm32f1xx_hal_spi.o
                                      0x7cebb (size before relaxing)

.debug_frame    0x0000000000000000     0x2290
 .debug_frame   0x0000000000000000      0x210 ./Core/Src/BL_Program.o
 .debug_frame   0x0000000000000210      0x2e4 ./Core/Src/SX1278.o
 .debug_frame   0x00000000000004f4      0x10c ./Core/Src/SX1278_hw.o
 .debug_frame   0x0000000000000600       0xc8 ./Core/Src/SX1278_if.o
 .debug_frame   0x00000000000006c8       0xcc ./Core/Src/main.o
 .debug_frame   0x0000000000000794       0xa8 ./Core/Src/operation.o
 .debug_frame   0x000000000000083c       0x80 ./Core/Src/stm32f1xx_hal_msp.o
 .debug_frame   0x00000000000008bc      0x104 ./Core/Src/stm32f1xx_it.o
 .debug_frame   0x00000000000009c0       0x58 ./Core/Src/system_stm32f1xx.o
 .debug_frame   0x0000000000000a18      0x334 ./Drivers/STM32F1xx_HAL_Driver/Src/stm32f1xx_hal.o
 .debug_frame   0x0000000000000d4c      0x428 ./Drivers/STM32F1xx_HAL_Driver/Src/stm32f1xx_hal_cortex.o
 .debug_frame   0x0000000000001174      0x20c ./Drivers/STM32F1xx_HAL_Driver/Src/stm32f1xx_hal_flash.o
 .debug_frame   0x0000000000001380      0x258 ./Drivers/STM32F1xx_HAL_Driver/Src/stm32f1xx_hal_flash_ex.o
 .debug_frame   0x00000000000015d8      0x14c ./Drivers/STM32F1xx_HAL_Driver/Src/stm32f1xx_hal_gpio.o
 .debug_frame   0x0000000000001724       0x5c ./Drivers/STM32F1xx_HAL_Driver/Src/stm32f1xx_hal_iwdg.o
 .debug_frame   0x0000000000001780      0x218 ./Drivers/STM32F1xx_HAL_Driver/Src/stm32f1xx_hal_rcc.o
 .debug_frame   0x0000000000001998      0x824 ./Drivers/STM32F1xx_HAL_Driver/Src/stm32f1xx_hal_spi.o
 .debug_frame   0x00000000000021bc       0x20 C:/ST/STM32CubeIDE_1.14.1/STM32CubeIDE/plugins/com.st.stm32cube.ide.mcu.externaltools.gnu-tools-for-stm32.11.3.rel1.win32_1.1.100.202309141235/tools/bin/../lib/gcc/arm-none-eabi/11.3.1/../../../../arm-none-eabi/lib/thumb/v7-m/nofp\libc_nano.a(libc_a-memset.o)
 .debug_frame   0x00000000000021dc       0x2c C:/ST/STM32CubeIDE_1.14.1/STM32CubeIDE/plugins/com.st.stm32cube.ide.mcu.externaltools.gnu-tools-for-stm32.11.3.rel1.win32_1.1.100.202309141235/tools/bin/../lib/gcc/arm-none-eabi/11.3.1/../../../../arm-none-eabi/lib/thumb/v7-m/nofp\libc_nano.a(libc_a-init.o)
 .debug_frame   0x0000000000002208       0x28 C:/ST/STM32CubeIDE_1.14.1/STM32CubeIDE/plugins/com.st.stm32cube.ide.mcu.externaltools.gnu-tools-for-stm32.11.3.rel1.win32_1.1.100.202309141235/tools/bin/../lib/gcc/arm-none-eabi/11.3.1/../../../../arm-none-eabi/lib/thumb/v7-m/nofp\libc_nano.a(libc_a-memcpy-stub.o)
 .debug_frame   0x0000000000002230       0x2c C:/ST/STM32CubeIDE_1.14.1/STM32CubeIDE/plugins/com.st.stm32cube.ide.mcu.externaltools.gnu-tools-for-stm32.11.3.rel1.win32_1.1.100.202309141235/tools/bin/../lib/gcc/arm-none-eabi/11.3.1/thumb/v7-m/nofp\libgcc.a(_aeabi_uldivmod.o)
 .debug_frame   0x000000000000225c       0x34 C:/ST/STM32CubeIDE_1.14.1/STM32CubeIDE/plugins/com.st.stm32cube.ide.mcu.externaltools.gnu-tools-for-stm32.11.3.rel1.win32_1.1.100.202309141235/tools/bin/../lib/gcc/arm-none-eabi/11.3.1/thumb/v7-m/nofp\libgcc.a(_udivmoddi4.o)

.debug_line_str
                0x0000000000000000       0x71
 .debug_line_str
                0x0000000000000000       0x71 ./Core/Startup/startup_stm32f103c8tx.o
                                         0x89 (size before relaxing)
