Archive member included to satisfy reference by file (symbol)

C:/ST/STM32CubeIDE_1.14.1/STM32CubeIDE/plugins/com.st.stm32cube.ide.mcu.externaltools.gnu-tools-for-stm32.11.3.rel1.win32_1.1.100.202309141235/tools/bin/../lib/gcc/arm-none-eabi/11.3.1/../../../../arm-none-eabi/lib/thumb/v7-m/nofp\libc_nano.a(libc_a-exit.o)
                              C:/ST/STM32CubeIDE_1.14.1/STM32CubeIDE/plugins/com.st.stm32cube.ide.mcu.externaltools.gnu-tools-for-stm32.11.3.rel1.win32_1.1.100.202309141235/tools/bin/../lib/gcc/arm-none-eabi/11.3.1/../../../../arm-none-eabi/lib/thumb/v7-m/nofp/crt0.o (exit)
C:/ST/STM32CubeIDE_1.14.1/STM32CubeIDE/plugins/com.st.stm32cube.ide.mcu.externaltools.gnu-tools-for-stm32.11.3.rel1.win32_1.1.100.202309141235/tools/bin/../lib/gcc/arm-none-eabi/11.3.1/../../../../arm-none-eabi/lib/thumb/v7-m/nofp\libc_nano.a(libc_a-findfp.o)
                              C:/ST/STM32CubeIDE_1.14.1/STM32CubeIDE/plugins/com.st.stm32cube.ide.mcu.externaltools.gnu-tools-for-stm32.11.3.rel1.win32_1.1.100.202309141235/tools/bin/../lib/gcc/arm-none-eabi/11.3.1/../../../../arm-none-eabi/lib/thumb/v7-m/nofp\libc_nano.a(libc_a-exit.o) (__stdio_exit_handler)
C:/ST/STM32CubeIDE_1.14.1/STM32CubeIDE/plugins/com.st.stm32cube.ide.mcu.externaltools.gnu-tools-for-stm32.11.3.rel1.win32_1.1.100.202309141235/tools/bin/../lib/gcc/arm-none-eabi/11.3.1/../../../../arm-none-eabi/lib/thumb/v7-m/nofp\libc_nano.a(libc_a-fwalk.o)
                              C:/ST/STM32CubeIDE_1.14.1/STM32CubeIDE/plugins/com.st.stm32cube.ide.mcu.externaltools.gnu-tools-for-stm32.11.3.rel1.win32_1.1.100.202309141235/tools/bin/../lib/gcc/arm-none-eabi/11.3.1/../../../../arm-none-eabi/lib/thumb/v7-m/nofp\libc_nano.a(libc_a-findfp.o) (_fwalk_sglue)
C:/ST/STM32CubeIDE_1.14.1/STM32CubeIDE/plugins/com.st.stm32cube.ide.mcu.externaltools.gnu-tools-for-stm32.11.3.rel1.win32_1.1.100.202309141235/tools/bin/../lib/gcc/arm-none-eabi/11.3.1/../../../../arm-none-eabi/lib/thumb/v7-m/nofp\libc_nano.a(libc_a-snprintf.o)
                              ./Core/Src/UserInterface.o (snprintf)
C:/ST/STM32CubeIDE_1.14.1/STM32CubeIDE/plugins/com.st.stm32cube.ide.mcu.externaltools.gnu-tools-for-stm32.11.3.rel1.win32_1.1.100.202309141235/tools/bin/../lib/gcc/arm-none-eabi/11.3.1/../../../../arm-none-eabi/lib/thumb/v7-m/nofp\libc_nano.a(libc_a-sprintf.o)
                              ./Core/Src/UserInterface.o (sprintf)
C:/ST/STM32CubeIDE_1.14.1/STM32CubeIDE/plugins/com.st.stm32cube.ide.mcu.externaltools.gnu-tools-for-stm32.11.3.rel1.win32_1.1.100.202309141235/tools/bin/../lib/gcc/arm-none-eabi/11.3.1/../../../../arm-none-eabi/lib/thumb/v7-m/nofp\libc_nano.a(libc_a-stdio.o)
                              C:/ST/STM32CubeIDE_1.14.1/STM32CubeIDE/plugins/com.st.stm32cube.ide.mcu.externaltools.gnu-tools-for-stm32.11.3.rel1.win32_1.1.100.202309141235/tools/bin/../lib/gcc/arm-none-eabi/11.3.1/../../../../arm-none-eabi/lib/thumb/v7-m/nofp\libc_nano.a(libc_a-findfp.o) (__sread)
C:/ST/STM32CubeIDE_1.14.1/STM32CubeIDE/plugins/com.st.stm32cube.ide.mcu.externaltools.gnu-tools-for-stm32.11.3.rel1.win32_1.1.100.202309141235/tools/bin/../lib/gcc/arm-none-eabi/11.3.1/../../../../arm-none-eabi/lib/thumb/v7-m/nofp\libc_nano.a(libc_a-memset.o)
                              C:/ST/STM32CubeIDE_1.14.1/STM32CubeIDE/plugins/com.st.stm32cube.ide.mcu.externaltools.gnu-tools-for-stm32.11.3.rel1.win32_1.1.100.202309141235/tools/bin/../lib/gcc/arm-none-eabi/11.3.1/../../../../arm-none-eabi/lib/thumb/v7-m/nofp/crt0.o (memset)
C:/ST/STM32CubeIDE_1.14.1/STM32CubeIDE/plugins/com.st.stm32cube.ide.mcu.externaltools.gnu-tools-for-stm32.11.3.rel1.win32_1.1.100.202309141235/tools/bin/../lib/gcc/arm-none-eabi/11.3.1/../../../../arm-none-eabi/lib/thumb/v7-m/nofp\libc_nano.a(libc_a-closer.o)
                              C:/ST/STM32CubeIDE_1.14.1/STM32CubeIDE/plugins/com.st.stm32cube.ide.mcu.externaltools.gnu-tools-for-stm32.11.3.rel1.win32_1.1.100.202309141235/tools/bin/../lib/gcc/arm-none-eabi/11.3.1/../../../../arm-none-eabi/lib/thumb/v7-m/nofp\libc_nano.a(libc_a-stdio.o) (_close_r)
C:/ST/STM32CubeIDE_1.14.1/STM32CubeIDE/plugins/com.st.stm32cube.ide.mcu.externaltools.gnu-tools-for-stm32.11.3.rel1.win32_1.1.100.202309141235/tools/bin/../lib/gcc/arm-none-eabi/11.3.1/../../../../arm-none-eabi/lib/thumb/v7-m/nofp\libc_nano.a(libc_a-reent.o)
                              C:/ST/STM32CubeIDE_1.14.1/STM32CubeIDE/plugins/com.st.stm32cube.ide.mcu.externaltools.gnu-tools-for-stm32.11.3.rel1.win32_1.1.100.202309141235/tools/bin/../lib/gcc/arm-none-eabi/11.3.1/../../../../arm-none-eabi/lib/thumb/v7-m/nofp\libc_nano.a(libc_a-closer.o) (errno)
C:/ST/STM32CubeIDE_1.14.1/STM32CubeIDE/plugins/com.st.stm32cube.ide.mcu.externaltools.gnu-tools-for-stm32.11.3.rel1.win32_1.1.100.202309141235/tools/bin/../lib/gcc/arm-none-eabi/11.3.1/../../../../arm-none-eabi/lib/thumb/v7-m/nofp\libc_nano.a(libc_a-impure.o)
[...]
Memory Configuration

Name             Origin             Length             Attributes
RAM              0x0000000020000000 0x0000000000005000 xrw
FLASH            0x0000000008005000 0x000000000000b000 xr
*default*        0x0000000000000000 0xffffffffffffffff

Linker script and memory map

LOAD C:/ST/STM32CubeIDE_1.14.1/STM32CubeIDE/plugins/com.st.stm32cube.ide.mcu.externaltools.gnu-tools-for-stm32.11.3.rel1.win32_1.1.100.202309141235/tools/bin/../lib/gcc/arm-none-eabi/11.3.1/thumb/v7-m/nofp/crti.o
LOAD C:/ST/STM32CubeIDE_1.14.1/STM32CubeIDE/plugins/com.st.stm32cube.ide.mcu.externaltools.gnu-tools-for-stm32.11.3.rel1.win32_1.1.100.202309141235/tools/bin/../lib/gcc/arm-none-eabi/11.3.1/thumb/v7-m/nofp/crtbegin.o
LOAD C:/ST/STM32CubeIDE_1.14.1/STM32CubeIDE/plugins/com.st.stm32cube.ide.mcu.externaltools.gnu-tools-for-stm32.11.3.rel1.win32_1.1.100.202309141235/tools/bin/../lib/gcc/arm-none-eabi/11.3.1/../../../../arm-none-eabi/lib/thumb/v7-m/nofp/crt0.o
LOAD ./Core/Src/DHT.o
LOAD ./Core/Src/SSD1306.o
LOAD ./Core/Src/SX1278.o
LOAD ./Core/Src/SX1278_hw.o
LOAD ./Core/Src/SX1278_if.o
LOAD ./Core/Src/UserInterface.o
LOAD ./Core/Src/aes.o
LOAD ./Core/Src/delay_timer.o
LOAD ./Core/Src/fonts.o
LOAD ./Core/Src/function.o
LOAD ./Core/Src/main.o
LOAD ./Core/Src/operation.o
LOAD ./Core/Src/stm32f1xx_hal_msp.o
LOAD ./Core/Src/stm32f1xx_it.o
LOAD ./Core/Src/syscalls.o
LOAD ./Core/Src/sysmem.o
LOAD ./Core/Src/system_stm32f1xx.o
LOAD ./Core/Startup/startup_stm32f103c8tx.o
LOAD ./Drivers/STM32F1xx_HAL_Driver/Src/stm32f1xx_hal.o
LOAD ./Drivers/STM32F1xx_HAL_Driver/Src/stm32f1xx_hal_adc.o
LOAD ./Drivers/STM32F1xx_HAL_Driver/Src/stm32f1xx_hal_adc_ex.o
LOAD ./Drivers/STM32F1xx_HAL_Driver/Src/stm32f1xx_hal_cortex.o
LOAD ./Drivers/STM32F1xx_HAL_Driver/Src/stm32f1xx_hal_dma.o
LOAD ./Drivers/STM32F1xx_HAL_Driver/Src/stm32f1xx_hal_exti.o
LOAD ./Drivers/STM32F1xx_HAL_Driver/Src/stm32f1xx_hal_flash.o
LOAD ./Drivers/STM32F1xx_HAL_Driver/Src/stm32f1xx_hal_flash_ex.o
LOAD ./Drivers/STM32F1xx_HAL_Driver/Src/stm32f1xx_hal_gpio.o
LOAD ./Drivers/STM32F1xx_HAL_Driver/Src/stm32f1xx_hal_gpio_ex.o
LOAD ./Drivers/STM32F1xx_HAL_Driver/Src/stm32f1xx_hal_i2c.o
LOAD ./Drivers/STM32F1xx_HAL_Driver/Src/stm32f1xx_hal_iwdg.o
LOAD ./Drivers/STM32F1xx_HAL_Driver/Src/stm32f1xx_hal_pwr.o
LOAD ./Drivers/STM32F1xx_HAL_Driver/Src/stm32f1xx_hal_rcc.o
LOAD ./Drivers/STM32F1xx_HAL_Driver/Src/stm32f1xx_hal_rcc_ex.o
LOAD ./Drivers/STM32F1xx_HAL_Driver/Src/stm32f1xx_hal_spi.o
LOAD ./Drivers/STM32F1xx_HAL_Driver/Src/stm32f1xx_hal_tim.o
LOAD ./Drivers/STM32F1xx_HAL_Driver/Src/stm32f1xx_hal_tim_ex.o
START GROUP
LOAD C:/ST/STM32CubeIDE_1.14.1/STM32CubeIDE/plugins/com.st.stm32cube.ide.mcu.externaltools.gnu-tools-for-stm32.11.3.rel1.win32_1.1.100.202309141235/tools/bin/../lib/gcc/arm-none-eabi/11.3.1/../../../../arm-none-eabi/lib/thumb/v7-m/nofp\libc_nano.a
LOAD C:/ST/STM32CubeIDE_1.14.1/STM32CubeIDE/plugins/com.st.stm32cube.ide.mcu.externaltools.gnu-tools-for-stm32.11.3.rel1.win32_1.1.100.202309141235/tools/bin/../lib/gcc/arm-none-eabi/11.3.1/../../../../arm-none-eabi/lib/thumb/v7-m/nofp\libm.a
END GROUP
START GROUP
LOAD C:/ST/STM32CubeIDE_1.14.1/STM32CubeIDE/plugins/com.st.stm32cube.ide.mcu.externaltools.gnu-tools-for-stm32.11.3.rel1.win32_1.1.100.202309141235/tools/bin/../lib/gcc/arm-none-eabi/11.3.1/thumb/v7-m/nofp\libgcc.a
LOAD C:/ST/STM32CubeIDE_1.14.1/STM32CubeIDE/plugins/com.st.stm32cube.ide.mcu.externaltools.gnu-tools-for-stm32.11.3.rel1.win32_1.1.100.202309141235/tools/bin/../lib/gcc/arm-none-eabi/11.3.1/../../../../arm-none-eabi/lib/thumb/v7-m/nofp\libc_nano.a
END GROUP
START GROUP
LOAD C:/ST/STM32CubeIDE_1.14.1/STM32CubeIDE/plugins/com.st.stm32cube.ide.mcu.externaltools.gnu-tools-for-stm32.11.3.rel1.win32_1.1.100.202309141235/tools/bin/../lib/gcc/arm-none-eabi/11.3.1/thumb/v7-m/nofp\libgcc.a
LOAD C:/ST/STM32CubeIDE_1.14.1/STM32CubeIDE/plugins/com.st.stm32cube.ide.mcu.externaltools.gnu-tools-for-stm32.11.3.rel1.win32_1.1.100.202309141235/tools/bin/../lib/gcc/arm-none-eabi/11.3.1/../../../../arm-none-eabi/lib/thumb/v7-m/nofp\libc_nano.a
LOAD C:/ST/STM32CubeIDE_1.14.1/STM32CubeIDE/plugins/com.st.stm32cube.ide.mcu.externaltools.gnu-tools-for-stm32.11.3.rel1.win32_1.1.100.202309141235/tools/bin/../lib/gcc/arm-none-eabi/11.3.1/../../../../arm-none-eabi/lib/thumb/v7-m/nofp\libnosys.a
END GROUP
START GROUP
LOAD C:/ST/STM32CubeIDE_1.14.1/STM32CubeIDE/plugins/com.st.stm32cube.ide.mcu.externaltools.gnu-tools-for-stm32.11.3.rel1.win32_1.1.100.202309141235/tools/bin/../lib/gcc/arm-none-eabi/11.3.1/thumb/v7-m/nofp\libgcc.a
LOAD C:/ST/STM32CubeIDE_1.14.1/STM32CubeIDE/plugins/com.st.stm32cube.ide.mcu.externaltools.gnu-tools-for-stm32.11.3.rel1.win32_1.1.100.202309141235/tools/bin/../lib/gcc/arm-none-eabi/11.3.1/../../../../arm-none-eabi/lib/thumb/v7-m/nofp\libc_nano.a
LOAD C:/ST/STM32CubeIDE_1.14.1/STM32CubeIDE/plugins/com.st.stm32cube.ide.mcu.externaltools.gnu-tools-for-stm32.11.3.rel1.win32_1.1.100.202309141235/tools/bin/../lib/gcc/arm-none-eabi/11.3.1/../../../../arm-none-eabi/lib/thumb/v7-m/nofp\libnosys.a
END GROUP
LOAD C:/ST/STM32CubeIDE_1.14.1/STM32CubeIDE/plugins/com.st.stm32cube.ide.mcu.externaltools.gnu-tools-for-stm32.11.3.rel1.win32_1.1.100.202309141235/tools/bin/../lib/gcc/arm-none-eabi/11.3.1/thumb/v7-m/nofp/crtend.o
LOAD C:/ST/STM32CubeIDE_1.14.1/STM32CubeIDE/plugins/com.st.stm32cube.ide.mcu.externaltools.gnu-tools-for-stm32.11.3.rel1.win32_1.1.100.202309141235/tools/bin/../lib/gcc/arm-none-eabi/11.3.1/thumb/v7-m/nofp/crtn.o
                0x0000000020005000                _estack = (ORIGIN (RAM) + LENGTH (RAM))
                0x0000000000000200                _Min_Heap_Size = 0x200
                0x0000000000000400                _Min_Stack_Size = 0x400

.isr_vector     0x0000000008005000      0x10c
                0x0000000008005000                . = ALIGN (0x4)
 *(.isr_vector)
 .isr_vector    0x0000000008005000      0x10c ./Core/Startup/startup_stm32f103c8tx.o
                0x0000000008005000                g_pfnVectors
                0x000000000800510c                . = ALIGN (0x4)

.text           0x0000000008005110     0x7570
                0x0000000008005110                . = ALIGN (0x4)
 *(.text)
 .text          0x0000000008005110       0x40 C:/ST/STM32CubeIDE_1.14.1/STM32CubeIDE/plugins/com.st.stm32cube.ide.mcu.externaltools.gnu-tools-for-stm32.11.3.rel1.win32_1.1.100.202309141235/tools/bin/../lib/gcc/arm-none-eabi/11.3.1/thumb/v7-m/nofp/crtbegin.o
 .text          0x0000000008005150      0x168 C:/ST/STM32CubeIDE_1.14.1/STM32CubeIDE/plugins/com.st.stm32cube.ide.mcu.externaltools.gnu-tools-for-stm32.11.3.rel1.win32_1.1.100.202309141235/tools/bin/../lib/gcc/arm-none-eabi/11.3.1/thumb/v7-m/nofp\libgcc.a(_arm_mulsf3.o)
                0x0000000008005150                __aeabi_fmul
                0x0000000008005150                __mulsf3
 .text          0x00000000080052b8      0x378 C:/ST/STM32CubeIDE_1.14.1/STM32CubeIDE/plugins/com.st.stm32cube.ide.mcu.externaltools.gnu-tools-for-stm32.11.3.rel1.win32_1.1.100.202309141235/tools/bin/../lib/gcc/arm-none-eabi/11.3.1/thumb/v7-m/nofp\libgcc.a(_arm_addsubdf3.o)
                0x00000000080052b8                __aeabi_drsub
                0x00000000080052c0                __aeabi_dsub
                0x00000000080052c0                __subdf3
                0x00000000080052c4                __aeabi_dadd
                0x00000000080052c4                __adddf3
                0x000000000800553c                __floatunsidf
                0x000000000800553c                __aeabi_ui2d
                0x000000000800555c                __floatsidf
                0x000000000800555c                __aeabi_i2d
                0x0000000008005580                __aeabi_f2d
                0x0000000008005580                __extendsfdf2
                0x00000000080055c4                __floatundidf
                0x00000000080055c4                __aeabi_ul2d
                0x00000000080055d4                __floatdidf
                0x00000000080055d4                __aeabi_l2d
 .text          0x0000000008005630      0x424 C:/ST/STM32CubeIDE_1.14.1/STM32CubeIDE/plugins/com.st.stm32cube.ide.mcu.externaltools.gnu-tools-for-stm32.11.3.rel1.win32_1.1.100.202309141235/tools/bin/../lib/gcc/arm-none-eabi/11.3.1/thumb/v7-m/nofp\libgcc.a(_arm_muldivdf3.o)
                0x0000000008005630                __aeabi_dmul
                0x0000000008005630                __muldf3
                0x0000000008005884                __divdf3
                0x0000000008005884                __aeabi_ddiv
 .text          0x0000000008005a54       0xa0 C:/ST/STM32CubeIDE_1.14.1/STM32CubeIDE/plugins/com.st.stm32cube.ide.mcu.externaltools.gnu-tools-for-stm32.11.3.rel1.win32_1.1.100.202309141235/tools/bin/../lib/gcc/arm-none-eabi/11.3.1/thumb/v7-m/nofp\libgcc.a(_arm_truncdfsf2.o)
                0x0000000008005a54                __truncdfsf2
                0x0000000008005a54                __aeabi_d2f
 .text          0x0000000008005af4      0x21c C:/ST/STM32CubeIDE_1.14.1/STM32CubeIDE/plugins/com.st.stm32cube.ide.mcu.externaltools.gnu-tools-for-stm32.11.3.rel1.win32_1.1.100.202309141235/tools/bin/../lib/gcc/arm-none-eabi/11.3.1/thumb/v7-m/nofp\libgcc.a(_arm_addsubsf3.o)
                0x0000000008005af4                __aeabi_frsub
                0x0000000008005afc                __subsf3
                0x0000000008005afc                __aeabi_fsub
                0x0000000008005b00                __aeabi_fadd
                0x0000000008005b00                __addsf3
                0x0000000008005c60                __aeabi_ui2f
                0x0000000008005c60                __floatunsisf
                0x0000000008005c68                __aeabi_i2f
                0x0000000008005c68                __floatsisf
                0x0000000008005c84                __aeabi_ul2f
                0x0000000008005c84                __floatundisf
                0x0000000008005c94                __aeabi_l2f
                0x0000000008005c94                __floatdisf
 .text          0x0000000008005d10       0x4c C:/ST/STM32CubeIDE_1.14.1/STM32CubeIDE/plugins/com.st.stm32cube.ide.mcu.externaltools.gnu-tools-for-stm32.11.3.rel1.win32_1.1.100.202309141235/tools/bin/../lib/gcc/arm-none-eabi/11.3.1/thumb/v7-m/nofp\libgcc.a(_arm_fixsfsi.o)
                0x0000000008005d10                __aeabi_f2iz
                0x0000000008005d10                __fixsfsi
 .text          0x0000000008005d5c       0x40 C:/ST/STM32CubeIDE_1.14.1/STM32CubeIDE/plugins/com.st.stm32cube.ide.mcu.externaltools.gnu-tools-for-stm32.11.3.rel1.win32_1.1.100.202309141235/tools/bin/../lib/gcc/arm-none-eabi/11.3.1/thumb/v7-m/nofp\libgcc.a(_arm_fixunssfsi.o)
                0x0000000008005d5c                __fixunssfsi
                0x0000000008005d5c                __aeabi_f2uiz
 .text          0x0000000008005d9c       0x30 C:/ST/STM32CubeIDE_1.14.1/STM32CubeIDE/plugins/com.st.stm32cube.ide.mcu.externaltools.gnu-tools-for-stm32.11.3.rel1.win32_1.1.100.202309141235/tools/bin/../lib/gcc/arm-none-eabi/11.3.1/thumb/v7-m/nofp\libgcc.a(_aeabi_uldivmod.o)
                0x0000000008005d9c                __aeabi_uldivmod
 .text          0x0000000008005dcc      0x2cc C:/ST/STM32CubeIDE_1.14.1/STM32CubeIDE/plugins/com.st.stm32cube.ide.mcu.externaltools.gnu-tools-for-stm32.11.3.rel1.win32_1.1.100.202309141235/tools/bin/../lib/gcc/arm-none-eabi/11.3.1/thumb/v7-m/nofp\libgcc.a(_udivmoddi4.o)
                0x0000000008005dcc                __udivmoddi4
 .text          0x0000000008006098        0x4 C:/ST/STM32CubeIDE_1.14.1/STM32CubeIDE/plugins/com.st.stm32cube.ide.mcu.externaltools.gnu-tools-for-stm32.11.3.rel1.win32_1.1.100.202309141235/tools/bin/../lib/gcc/arm-none-eabi/11.3.1/thumb/v7-m/nofp\libgcc.a(_dvmd_tls.o)
                0x0000000008006098                __aeabi_idiv0
                0x0000000008006098                __aeabi_ldiv0
 *(.text*)
 .text.microDelay
                0x000000000800609c       0x30 ./Core/Src/DHT.o
                0x000000000800609c                microDelay
 .text.DHT_Start
                0x00000000080060cc       0xe0 ./Core/Src/DHT.o
                0x00000000080060cc                DHT_Start
 .text.DHT_Read
                0x00000000080061ac       0xf4 ./Core/Src/DHT.o
                0x00000000080061ac                DHT_Read
 .text.SSD1306_Init
                0x00000000080062a0      0x188 ./Core/Src/SSD1306.o
                0x00000000080062a0                SSD1306_Init
 .text.SSD1306_UpdateScreen
                0x0000000008006428       0x64 ./Core/Src/SSD1306.o
                0x0000000008006428                SSD1306_UpdateScreen
 .text.SSD1306_Fill
                0x000000000800648c       0x30 ./Core/Src/SSD1306.o
                0x000000000800648c                SSD1306_Fill
 .text.SSD1306_DrawPixel
                0x00000000080064bc       0xd4 ./Core/Src/SSD1306.o
                0x00000000080064bc                SSD1306_DrawPixel
 .text.SSD1306_GotoXY
                0x0000000008006590       0x2c ./Core/Src/SSD1306.o
                0x0000000008006590                SSD1306_GotoXY
 .text.SSD1306_Putc
                0x00000000080065bc      0x100 ./Core/Src/SSD1306.o
                0x00000000080065bc                SSD1306_Putc
 .text.SSD1306_Puts
                0x00000000080066bc       0x4a ./Core/Src/SSD1306.o
                0x00000000080066bc                SSD1306_Puts
 .text.SSD1306_Clear
                0x0000000008006706       0x12 ./Core/Src/SSD1306.o
                0x0000000008006706                SSD1306_Clear
 .text.ssd1306_I2C_Init
                0x0000000008006718       0x28 ./Core/Src/SSD1306.o
                0x0000000008006718                ssd1306_I2C_Init
 .text.ssd1306_I2C_WriteMulti
                0x0000000008006740       0xcc ./Core/Src/SSD1306.o
                0x0000000008006740                ssd1306_I2C_WriteMulti
 .text.ssd1306_I2C_Write
                0x000000000800680c       0x3c ./Core/Src/SSD1306.o
                0x000000000800680c                ssd1306_I2C_Write
 .text.SX1278_SPIRead
                0x0000000008006848       0x3e ./Core/Src/SX1278.o
                0x0000000008006848                SX1278_SPIRead
 .text.SX1278_SPIWrite
                0x0000000008006886       0x52 ./Core/Src/SX1278.o
                0x0000000008006886                SX1278_SPIWrite
 .text.SX1278_SPIBurstRead
                0x00000000080068d8       0x72 ./Core/Src/SX1278.o
                0x00000000080068d8                SX1278_SPIBurstRead
 .text.SX1278_SPIBurstWrite
                0x000000000800694a       0x76 ./Core/Src/SX1278.o
                0x000000000800694a                SX1278_SPIBurstWrite
 .text.SX1278_config
                0x00000000080069c0      0x208 ./Core/Src/SX1278.o
                0x00000000080069c0                SX1278_config
 .text.SX1278_standby
                0x0000000008006bc8       0x20 ./Core/Src/SX1278.o
                0x0000000008006bc8                SX1278_standby
 .text.SX1278_sleep
                0x0000000008006be8       0x20 ./Core/Src/SX1278.o
                0x0000000008006be8                SX1278_sleep
 .text.SX1278_entryLoRa
                0x0000000008006c08       0x1a ./Core/Src/SX1278.o
                0x0000000008006c08                SX1278_entryLoRa
 .text.SX1278_clearLoRaIrq
                0x0000000008006c22       0x1a ./Core/Src/SX1278.o
                0x0000000008006c22                SX1278_clearLoRaIrq
 .text.SX1278_LoRaEntryRx
                0x0000000008006c3c       0xca ./Core/Src/SX1278.o
                0x0000000008006c3c                SX1278_LoRaEntryRx
 .text.SX1278_LoRaRxPacket
                0x0000000008006d06       0x88 ./Core/Src/SX1278.o
                0x0000000008006d06                SX1278_LoRaRxPacket
 .text.SX1278_LoRaEntryTx
                0x0000000008006d8e       0xb0 ./Core/Src/SX1278.o
                0x0000000008006d8e                SX1278_LoRaEntryTx
 .text.SX1278_LoRaTxPacket
                0x0000000008006e3e       0x7e ./Core/Src/SX1278.o
                0x0000000008006e3e                SX1278_LoRaTxPacket
 .text.SX1278_init
                0x0000000008006ebc       0x5a ./Core/Src/SX1278.o
                0x0000000008006ebc                SX1278_init
 .text.SX1278_read
                0x0000000008006f16       0x4c ./Core/Src/SX1278.o
                0x0000000008006f16                SX1278_read
 .text.SX1278_hw_init
                0x0000000008006f62       0x2a ./Core/Src/SX1278_hw.o
                0x0000000008006f62                SX1278_hw_init
 .text.SX1278_hw_SetNSS
                0x0000000008006f8c       0x2e ./Core/Src/SX1278_hw.o
                0x0000000008006f8c                SX1278_hw_SetNSS
 .text.SX1278_hw_Reset
                0x0000000008006fba       0x48 ./Core/Src/SX1278_hw.o
                0x0000000008006fba                SX1278_hw_Reset
 .text.SX1278_hw_SPICommand
                0x0000000008007002       0x40 ./Core/Src/SX1278_hw.o
                0x0000000008007002                SX1278_hw_SPICommand
 .text.SX1278_hw_SPIReadByte
                0x0000000008007042       0x4c ./Core/Src/SX1278_hw.o
                0x0000000008007042                SX1278_hw_SPIReadByte
 .text.SX1278_hw_DelayMs
                0x000000000800708e       0x16 ./Core/Src/SX1278_hw.o
                0x000000000800708e                SX1278_hw_DelayMs
 .text.SX1278_hw_GetDIO0
                0x00000000080070a4       0x2e ./Core/Src/SX1278_hw.o
                0x00000000080070a4                SX1278_hw_GetDIO0
 *fill*         0x00000000080070d2        0x6 
 .text.LORA_IF_Init
                0x00000000080070d8       0xb0 ./Core/Src/SX1278_if.o
                0x00000000080070d8                LORA_IF_Init
 .text.LORA_IF_RECIEVE
                0x0000000008007188      0x110 ./Core/Src/SX1278_if.o
                0x0000000008007188                LORA_IF_RECIEVE
 .text.LORA_IF_SEND
                0x0000000008007298       0xb0 ./Core/Src/SX1278_if.o
                0x0000000008007298                LORA_IF_SEND
 .text.HAL_GPIO_EXTI_Callback
                0x0000000008007348       0xe0 ./Core/Src/SX1278_if.o
                0x0000000008007348                HAL_GPIO_EXTI_Callback
 .text.UI_InitBoot
                0x0000000008007428       0x9c ./Core/Src/UserInterface.o
                0x0000000008007428                UI_InitBoot
 .text.UI_DisplayInformation
                0x00000000080074c4       0xd8 ./Core/Src/UserInterface.o
                0x00000000080074c4                UI_DisplayInformation
 .text.UI_Display_DataValue
                0x000000000800759c       0xe0 ./Core/Src/UserInterface.o
                0x000000000800759c                UI_Display_DataValue
 .text.KeyExpansion
                0x000000000800767c      0x1a0 ./Core/Src/aes.o
 .text.AES_init_ctx_iv
                0x000000000800781c       0x2c ./Core/Src/aes.o
                0x000000000800781c                AES_init_ctx_iv
 .text.AddRoundKey
                0x0000000008007848       0x76 ./Core/Src/aes.o
 *fill*         0x00000000080078be        0x2 
 .text.SubBytes
                0x00000000080078c0       0x60 ./Core/Src/aes.o
 .text.ShiftRows
                0x0000000008007920       0x82 ./Core/Src/aes.o
 .text.xtime    0x00000000080079a2       0x3a ./Core/Src/aes.o
 .text.MixColumns
                0x00000000080079dc      0x16a ./Core/Src/aes.o
 .text.Cipher   0x0000000008007b46       0x5c ./Core/Src/aes.o
 .text.AES_CTR_xcrypt_buffer
                0x0000000008007ba2       0xc6 ./Core/Src/aes.o
                0x0000000008007ba2                AES_CTR_xcrypt_buffer
 .text.FUNC_get_DHT_val
                0x0000000008007c68      0x184 ./Core/Src/function.o
                0x0000000008007c68                FUNC_get_DHT_val
 .text.FUNC_ReaddataAddress
                0x0000000008007dec       0x1a ./Core/Src/function.o
                0x0000000008007dec                FUNC_ReaddataAddress
 *fill*         0x0000000008007e06        0x2 
 .text.FUNC_EraseAndRestore_Header_Page
                0x0000000008007e08      0x12c ./Core/Src/function.o
                0x0000000008007e08                FUNC_EraseAndRestore_Header_Page
 .text.main     0x0000000008007f34       0x34 ./Core/Src/main.o
                0x0000000008007f34                main
 .text.SystemClock_Config
                0x0000000008007f68       0xba ./Core/Src/main.o
                0x0000000008007f68                SystemClock_Config
 *fill*         0x0000000008008022        0x2 
 .text.MX_ADC1_Init
                0x0000000008008024       0x7c ./Core/Src/main.o
 .text.MX_I2C1_Init
                0x00000000080080a0       0x5c ./Core/Src/main.o
 .text.MX_SPI1_Init
                0x00000000080080fc       0x6c ./Core/Src/main.o
 .text.MX_TIM1_Init
                0x0000000008008168       0xa0 ./Core/Src/main.o
 .text.MX_TIM2_Init
                0x0000000008008208       0x98 ./Core/Src/main.o
 .text.MX_GPIO_Init
                0x00000000080082a0      0x170 ./Core/Src/main.o
 .text.Error_Handler
                0x0000000008008410        0xa ./Core/Src/main.o
                0x0000000008008410                Error_Handler
 *fill*         0x000000000800841a        0x2 
 .text.HAL_MspInit
                0x000000000800841c       0x64 ./Core/Src/stm32f1xx_hal_msp.o
                0x000000000800841c                HAL_MspInit
 .text.HAL_ADC_MspInit
                0x0000000008008480       0x78 ./Core/Src/stm32f1xx_hal_msp.o
                0x0000000008008480                HAL_ADC_MspInit
 .text.HAL_I2C_MspInit
                0x00000000080084f8       0x7c ./Core/Src/stm32f1xx_hal_msp.o
                0x00000000080084f8                HAL_I2C_MspInit
 .text.HAL_SPI_MspInit
                0x0000000008008574       0x94 ./Core/Src/stm32f1xx_hal_msp.o
                0x0000000008008574                HAL_SPI_MspInit
 .text.HAL_TIM_Base_MspInit
                0x0000000008008608       0x70 ./Core/Src/stm32f1xx_hal_msp.o
                0x0000000008008608                HAL_TIM_Base_MspInit
 .text.__NVIC_SystemReset
                0x0000000008008678       0x2c ./Core/Src/stm32f1xx_it.o
 .text.NMI_Handler
                0x00000000080086a4        0x6 ./Core/Src/stm32f1xx_it.o
                0x00000000080086a4                NMI_Handler
 .text.HardFault_Handler
                0x00000000080086aa        0x8 ./Core/Src/stm32f1xx_it.o
                0x00000000080086aa                HardFault_Handler
 .text.MemManage_Handler
                0x00000000080086b2        0x6 ./Core/Src/stm32f1xx_it.o
                0x00000000080086b2                MemManage_Handler
 .text.BusFault_Handler
                0x00000000080086b8        0x6 ./Core/Src/stm32f1xx_it.o
                0x00000000080086b8                BusFault_Handler
 .text.UsageFault_Handler
                0x00000000080086be        0x6 ./Core/Src/stm32f1xx_it.o
                0x00000000080086be                UsageFault_Handler
 .text.SVC_Handler
                0x00000000080086c4        0xc ./Core/Src/stm32f1xx_it.o
                0x00000000080086c4                SVC_Handler
 .text.DebugMon_Handler
                0x00000000080086d0        0xc ./Core/Src/stm32f1xx_it.o
                0x00000000080086d0                DebugMon_Handler
 .text.PendSV_Handler
                0x00000000080086dc        0xc ./Core/Src/stm32f1xx_it.o
                0x00000000080086dc                PendSV_Handler
 .text.SysTick_Handler
                0x00000000080086e8        0xc ./Core/Src/stm32f1xx_it.o
                0x00000000080086e8                SysTick_Handler
 .text.EXTI1_IRQHandler
                0x00000000080086f4        0xe ./Core/Src/stm32f1xx_it.o
                0x00000000080086f4                EXTI1_IRQHandler
 *fill*         0x0000000008008702        0x2 
 .text.TIM2_IRQHandler
                0x0000000008008704       0x14 ./Core/Src/stm32f1xx_it.o
                0x0000000008008704                TIM2_IRQHandler
 .text._sbrk    0x0000000008008718       0x6c ./Core/Src/sysmem.o
                0x0000000008008718                _sbrk
 .text.SystemInit
                0x0000000008008784        0xc ./Core/Src/system_stm32f1xx.o
                0x0000000008008784                SystemInit
 .text.Reset_Handler
                0x0000000008008790       0x48 ./Core/Startup/startup_stm32f103c8tx.o
                0x0000000008008790                Reset_Handler
 .text.Default_Handler
                0x00000000080087d8        0x2 ./Core/Startup/startup_stm32f103c8tx.o
                0x00000000080087d8                RTC_Alarm_IRQHandler
                0x00000000080087d8                EXTI2_IRQHandler
                0x00000000080087d8                TIM1_CC_IRQHandler
                0x00000000080087d8                PVD_IRQHandler
                0x00000000080087d8                EXTI3_IRQHandler
                0x00000000080087d8                EXTI0_IRQHandler
                0x00000000080087d8                I2C2_EV_IRQHandler
                0x00000000080087d8                ADC1_2_IRQHandler
                0x00000000080087d8                SPI1_IRQHandler
                0x00000000080087d8                TAMPER_IRQHandler
                0x00000000080087d8                DMA1_Channel4_IRQHandler
                0x00000000080087d8                USART3_IRQHandler
                0x00000000080087d8                RTC_IRQHandler
                0x00000000080087d8                DMA1_Channel7_IRQHandler
                0x00000000080087d8                CAN1_RX1_IRQHandler
                0x00000000080087d8                TIM4_IRQHandler
                0x00000000080087d8                I2C1_EV_IRQHandler
                0x00000000080087d8                DMA1_Channel6_IRQHandler
                0x00000000080087d8                TIM3_IRQHandler
                0x00000000080087d8                RCC_IRQHandler
                0x00000000080087d8                TIM1_TRG_COM_IRQHandler
                0x00000000080087d8                DMA1_Channel1_IRQHandler
                0x00000000080087d8                Default_Handler
                0x00000000080087d8                EXTI15_10_IRQHandler
                0x00000000080087d8                EXTI9_5_IRQHandler
                0x00000000080087d8                SPI2_IRQHandler
                0x00000000080087d8                DMA1_Channel5_IRQHandler
                0x00000000080087d8                EXTI4_IRQHandler
                0x00000000080087d8                USB_LP_CAN1_RX0_IRQHandler
                0x00000000080087d8                USB_HP_CAN1_TX_IRQHandler
                0x00000000080087d8                DMA1_Channel3_IRQHandler
                0x00000000080087d8                TIM1_UP_IRQHandler
                0x00000000080087d8                WWDG_IRQHandler
                0x00000000080087d8                TIM1_BRK_IRQHandler
                0x00000000080087d8                USART2_IRQHandler
                0x00000000080087d8                I2C2_ER_IRQHandler
                0x00000000080087d8                DMA1_Channel2_IRQHandler
                0x00000000080087d8                CAN1_SCE_IRQHandler
                0x00000000080087d8                FLASH_IRQHandler
                0x00000000080087d8                USART1_IRQHandler
                0x00000000080087d8                I2C1_ER_IRQHandler
                0x00000000080087d8                USBWakeUp_IRQHandler
 *fill*         0x00000000080087da        0x2 
 .text.HAL_Init
                0x00000000080087dc       0x2c ./Drivers/STM32F1xx_HAL_Driver/Src/stm32f1xx_hal.o
                0x00000000080087dc                HAL_Init
 .text.HAL_InitTick
                0x0000000008008808       0x60 ./Drivers/STM32F1xx_HAL_Driver/Src/stm32f1xx_hal.o
                0x0000000008008808                HAL_InitTick
 .text.HAL_IncTick
                0x0000000008008868       0x24 ./Drivers/STM32F1xx_HAL_Driver/Src/stm32f1xx_hal.o
                0x0000000008008868                HAL_IncTick
 .text.HAL_GetTick
                0x000000000800888c       0x14 ./Drivers/STM32F1xx_HAL_Driver/Src/stm32f1xx_hal.o
                0x000000000800888c                HAL_GetTick
 .text.HAL_Delay
                0x00000000080088a0       0x48 ./Drivers/STM32F1xx_HAL_Driver/Src/stm32f1xx_hal.o
                0x00000000080088a0                HAL_Delay
 .text.HAL_ADC_Init
                0x00000000080088e8      0x1b0 ./Drivers/STM32F1xx_HAL_Driver/Src/stm32f1xx_hal_adc.o
                0x00000000080088e8                HAL_ADC_Init
 .text.HAL_ADC_ConfigChannel
                0x0000000008008a98      0x1f0 ./Drivers/STM32F1xx_HAL_Driver/Src/stm32f1xx_hal_adc.o
                0x0000000008008a98                HAL_ADC_ConfigChannel
 .text.ADC_ConversionStop_Disable
                0x0000000008008c88       0x82 ./Drivers/STM32F1xx_HAL_Driver/Src/stm32f1xx_hal_adc.o
                0x0000000008008c88                ADC_ConversionStop_Disable
 *fill*         0x0000000008008d0a        0x2 
 .text.__NVIC_SetPriorityGrouping
                0x0000000008008d0c       0x48 ./Drivers/STM32F1xx_HAL_Driver/Src/stm32f1xx_hal_cortex.o
 .text.__NVIC_GetPriorityGrouping
                0x0000000008008d54       0x1c ./Drivers/STM32F1xx_HAL_Driver/Src/stm32f1xx_hal_cortex.o
 .text.__NVIC_EnableIRQ
                0x0000000008008d70       0x38 ./Drivers/STM32F1xx_HAL_Driver/Src/stm32f1xx_hal_cortex.o
 .text.__NVIC_DisableIRQ
                0x0000000008008da8       0x48 ./Drivers/STM32F1xx_HAL_Driver/Src/stm32f1xx_hal_cortex.o
 .text.__NVIC_SetPriority
                0x0000000008008df0       0x54 ./Drivers/STM32F1xx_HAL_Driver/Src/stm32f1xx_hal_cortex.o
 .text.NVIC_EncodePriority
                0x0000000008008e44       0x64 ./Drivers/STM32F1xx_HAL_Driver/Src/stm32f1xx_hal_cortex.o
 .text.SysTick_Config
                0x0000000008008ea8       0x44 ./Drivers/STM32F1xx_HAL_Driver/Src/stm32f1xx_hal_cortex.o
 .text.HAL_NVIC_SetPriorityGrouping
                0x0000000008008eec       0x16 ./Drivers/STM32F1xx_HAL_Driver/Src/stm32f1xx_hal_cortex.o
                0x0000000008008eec                HAL_NVIC_SetPriorityGrouping
 .text.HAL_NVIC_SetPriority
                0x0000000008008f02       0x38 ./Drivers/STM32F1xx_HAL_Driver/Src/stm32f1xx_hal_cortex.o
                0x0000000008008f02                HAL_NVIC_SetPriority
 .text.HAL_NVIC_EnableIRQ
                0x0000000008008f3a       0x1c ./Drivers/STM32F1xx_HAL_Driver/Src/stm32f1xx_hal_cortex.o
                0x0000000008008f3a                HAL_NVIC_EnableIRQ
 .text.HAL_NVIC_DisableIRQ
                0x0000000008008f56       0x1c ./Drivers/STM32F1xx_HAL_Driver/Src/stm32f1xx_hal_cortex.o
                0x0000000008008f56                HAL_NVIC_DisableIRQ
 .text.HAL_SYSTICK_Config
                0x0000000008008f72       0x18 ./Drivers/STM32F1xx_HAL_Driver/Src/stm32f1xx_hal_cortex.o
                0x0000000008008f72                HAL_SYSTICK_Config
 *fill*         0x0000000008008f8a        0x2 
 .text.HAL_FLASH_Program
                0x0000000008008f8c       0xe0 ./Drivers/STM32F1xx_HAL_Driver/Src/stm32f1xx_hal_flash.o
                0x0000000008008f8c                HAL_FLASH_Program
 .text.HAL_FLASH_Unlock
                0x000000000800906c       0x4c ./Drivers/STM32F1xx_HAL_Driver/Src/stm32f1xx_hal_flash.o
                0x000000000800906c                HAL_FLASH_Unlock
 .text.HAL_FLASH_Lock
                0x00000000080090b8       0x20 ./Drivers/STM32F1xx_HAL_Driver/Src/stm32f1xx_hal_flash.o
                0x00000000080090b8                HAL_FLASH_Lock
 .text.FLASH_Program_HalfWord
                0x00000000080090d8       0x38 ./Drivers/STM32F1xx_HAL_Driver/Src/stm32f1xx_hal_flash.o
 .text.FLASH_WaitForLastOperation
                0x0000000008009110       0x8c ./Drivers/STM32F1xx_HAL_Driver/Src/stm32f1xx_hal_flash.o
                0x0000000008009110                FLASH_WaitForLastOperation
 .text.FLASH_SetErrorCode
                0x000000000800919c       0xa0 ./Drivers/STM32F1xx_HAL_Driver/Src/stm32f1xx_hal_flash.o
 .text.HAL_FLASHEx_Erase
                0x000000000800923c       0xd8 ./Drivers/STM32F1xx_HAL_Driver/Src/stm32f1xx_hal_flash_ex.o
                0x000000000800923c                HAL_FLASHEx_Erase
 .text.FLASH_MassErase
                0x0000000008009314       0x38 ./Drivers/STM32F1xx_HAL_Driver/Src/stm32f1xx_hal_flash_ex.o
 .text.FLASH_PageErase
                0x000000000800934c       0x40 ./Drivers/STM32F1xx_HAL_Driver/Src/stm32f1xx_hal_flash_ex.o
                0x000000000800934c                FLASH_PageErase
 .text.HAL_GPIO_Init
                0x000000000800938c      0x308 ./Drivers/STM32F1xx_HAL_Driver/Src/stm32f1xx_hal_gpio.o
                0x000000000800938c                HAL_GPIO_Init
 .text.HAL_GPIO_ReadPin
                0x0000000008009694       0x2e ./Drivers/STM32F1xx_HAL_Driver/Src/stm32f1xx_hal_gpio.o
                0x0000000008009694                HAL_GPIO_ReadPin
 .text.HAL_GPIO_WritePin
                0x00000000080096c2       0x30 ./Drivers/STM32F1xx_HAL_Driver/Src/stm32f1xx_hal_gpio.o
                0x00000000080096c2                HAL_GPIO_WritePin
 .text.HAL_GPIO_TogglePin
                0x00000000080096f2       0x32 ./Drivers/STM32F1xx_HAL_Driver/Src/stm32f1xx_hal_gpio.o
                0x00000000080096f2                HAL_GPIO_TogglePin
 .text.HAL_GPIO_EXTI_IRQHandler
                0x0000000008009724       0x30 ./Drivers/STM32F1xx_HAL_Driver/Src/stm32f1xx_hal_gpio.o
                0x0000000008009724                HAL_GPIO_EXTI_IRQHandler
 .text.HAL_I2C_Init
                0x0000000008009754      0x288 ./Drivers/STM32F1xx_HAL_Driver/Src/stm32f1xx_hal_i2c.o
                0x0000000008009754                HAL_I2C_Init
 .text.HAL_I2C_Master_Transmit
                0x00000000080099dc      0x1fc ./Drivers/STM32F1xx_HAL_Driver/Src/stm32f1xx_hal_i2c.o
                0x00000000080099dc                HAL_I2C_Master_Transmit
 .text.HAL_I2C_IsDeviceReady
                0x0000000008009bd8      0x25c ./Drivers/STM32F1xx_HAL_Driver/Src/stm32f1xx_hal_i2c.o
                0x0000000008009bd8                HAL_I2C_IsDeviceReady
 .text.I2C_MasterRequestWrite
                0x0000000008009e34      0x104 ./Drivers/STM32F1xx_HAL_Driver/Src/stm32f1xx_hal_i2c.o
 .text.I2C_WaitOnFlagUntilTimeout
                0x0000000008009f38       0xf4 ./Drivers/STM32F1xx_HAL_Driver/Src/stm32f1xx_hal_i2c.o
 .text.I2C_WaitOnMasterAddressFlagUntilTimeout
                0x000000000800a02c      0x140 ./Drivers/STM32F1xx_HAL_Driver/Src/stm32f1xx_hal_i2c.o
 .text.I2C_WaitOnTXEFlagUntilTimeout
                0x000000000800a16c       0x90 ./Drivers/STM32F1xx_HAL_Driver/Src/stm32f1xx_hal_i2c.o
 .text.I2C_WaitOnBTFFlagUntilTimeout
                0x000000000800a1fc       0x90 ./Drivers/STM32F1xx_HAL_Driver/Src/stm32f1xx_hal_i2c.o
 .text.I2C_IsAcknowledgeFailed
                0x000000000800a28c       0x5c ./Drivers/STM32F1xx_HAL_Driver/Src/stm32f1xx_hal_i2c.o
 .text.HAL_RCC_OscConfig
                0x000000000800a2e8      0x504 ./Drivers/STM32F1xx_HAL_Driver/Src/stm32f1xx_hal_rcc.o
                0x000000000800a2e8                HAL_RCC_OscConfig
 .text.HAL_RCC_ClockConfig
                0x000000000800a7ec      0x1d4 ./Drivers/STM32F1xx_HAL_Driver/Src/stm32f1xx_hal_rcc.o
                0x000000000800a7ec                HAL_RCC_ClockConfig
 .text.HAL_RCC_GetSysClockFreq
                0x000000000800a9c0       0xa8 ./Drivers/STM32F1xx_HAL_Driver/Src/stm32f1xx_hal_rcc.o
                0x000000000800a9c0                HAL_RCC_GetSysClockFreq
 .text.HAL_RCC_GetHCLKFreq
                0x000000000800aa68       0x14 ./Drivers/STM32F1xx_HAL_Driver/Src/stm32f1xx_hal_rcc.o
                0x000000000800aa68                HAL_RCC_GetHCLKFreq
 .text.HAL_RCC_GetPCLK1Freq
                0x000000000800aa7c       0x28 ./Drivers/STM32F1xx_HAL_Driver/Src/stm32f1xx_hal_rcc.o
                0x000000000800aa7c                HAL_RCC_GetPCLK1Freq
 .text.RCC_Delay
                0x000000000800aaa4       0x3c ./Drivers/STM32F1xx_HAL_Driver/Src/stm32f1xx_hal_rcc.o
 .text.HAL_RCCEx_PeriphCLKConfig
                0x000000000800aae0      0x16c ./Drivers/STM32F1xx_HAL_Driver/Src/stm32f1xx_hal_rcc_ex.o
                0x000000000800aae0                HAL_RCCEx_PeriphCLKConfig
 .text.HAL_SPI_Init
                0x000000000800ac4c      0x108 ./Drivers/STM32F1xx_HAL_Driver/Src/stm32f1xx_hal_spi.o
                0x000000000800ac4c                HAL_SPI_Init
 .text.HAL_SPI_Transmit
                0x000000000800ad54      0x286 ./Drivers/STM32F1xx_HAL_Driver/Src/stm32f1xx_hal_spi.o
                0x000000000800ad54                HAL_SPI_Transmit
 .text.HAL_SPI_TransmitReceive
                0x000000000800afda      0x360 ./Drivers/STM32F1xx_HAL_Driver/Src/stm32f1xx_hal_spi.o
                0x000000000800afda                HAL_SPI_TransmitReceive
 .text.HAL_SPI_GetState
                0x000000000800b33a       0x1a ./Drivers/STM32F1xx_HAL_Driver/Src/stm32f1xx_hal_spi.o
                0x000000000800b33a                HAL_SPI_GetState
 .text.SPI_WaitFlagStateUntilTimeout
                0x000000000800b354      0x110 ./Drivers/STM32F1xx_HAL_Driver/Src/stm32f1xx_hal_spi.o
 .text.SPI_EndRxTxTransaction
                0x000000000800b464       0x3c ./Drivers/STM32F1xx_HAL_Driver/Src/stm32f1xx_hal_spi.o
 .text.HAL_TIM_Base_Init
                0x000000000800b4a0       0x9e ./Drivers/STM32F1xx_HAL_Driver/Src/stm32f1xx_hal_tim.o
                0x000000000800b4a0                HAL_TIM_Base_Init
 *fill*         0x000000000800b53e        0x2 
 .text.HAL_TIM_Base_Start
                0x000000000800b540       0x94 ./Drivers/STM32F1xx_HAL_Driver/Src/stm32f1xx_hal_tim.o
                0x000000000800b540                HAL_TIM_Base_Start
 .text.HAL_TIM_IRQHandler
                0x000000000800b5d4      0x210 ./Drivers/STM32F1xx_HAL_Driver/Src/stm32f1xx_hal_tim.o
                0x000000000800b5d4                HAL_TIM_IRQHandler
 .text.HAL_TIM_ConfigClockSource
                0x000000000800b7e4      0x18e ./Drivers/STM32F1xx_HAL_Driver/Src/stm32f1xx_hal_tim.o
                0x000000000800b7e4                HAL_TIM_ConfigClockSource
 .text.HAL_TIM_PeriodElapsedCallback
                0x000000000800b972       0x12 ./Drivers/STM32F1xx_HAL_Driver/Src/stm32f1xx_hal_tim.o
                0x000000000800b972                HAL_TIM_PeriodElapsedCallback
 .text.HAL_TIM_OC_DelayElapsedCallback
                0x000000000800b984       0x12 ./Drivers/STM32F1xx_HAL_Driver/Src/stm32f1xx_hal_tim.o
                0x000000000800b984                HAL_TIM_OC_DelayElapsedCallback
 .text.HAL_TIM_IC_CaptureCallback
                0x000000000800b996       0x12 ./Drivers/STM32F1xx_HAL_Driver/Src/stm32f1xx_hal_tim.o
                0x000000000800b996                HAL_TIM_IC_CaptureCallback
 .text.HAL_TIM_PWM_PulseFinishedCallback
                0x000000000800b9a8       0x12 ./Drivers/STM32F1xx_HAL_Driver/Src/stm32f1xx_hal_tim.o
                0x000000000800b9a8                HAL_TIM_PWM_PulseFinishedCallback
 .text.HAL_TIM_TriggerCallback
                0x000000000800b9ba       0x12 ./Drivers/STM32F1xx_HAL_Driver/Src/stm32f1xx_hal_tim.o
                0x000000000800b9ba                HAL_TIM_TriggerCallback
 .text.TIM_Base_SetConfig
                0x000000000800b9cc       0xc4 ./Drivers/STM32F1xx_HAL_Driver/Src/stm32f1xx_hal_tim.o
                0x000000000800b9cc                TIM_Base_SetConfig
 .text.TIM_TI1_ConfigInputStage
                0x000000000800ba90       0x5c ./Drivers/STM32F1xx_HAL_Driver/Src/stm32f1xx_hal_tim.o
 .text.TIM_TI2_ConfigInputStage
                0x000000000800baec       0x5e ./Drivers/STM32F1xx_HAL_Driver/Src/stm32f1xx_hal_tim.o
 .text.TIM_ITRx_SetConfig
                0x000000000800bb4a       0x34 ./Drivers/STM32F1xx_HAL_Driver/Src/stm32f1xx_hal_tim.o
 .text.TIM_ETR_SetConfig
                0x000000000800bb7e       0x3e ./Drivers/STM32F1xx_HAL_Driver/Src/stm32f1xx_hal_tim.o
                0x000000000800bb7e                TIM_ETR_SetConfig
 .text.HAL_TIMEx_MasterConfigSynchronization
                0x000000000800bbbc       0xbc ./Drivers/STM32F1xx_HAL_Driver/Src/stm32f1xx_hal_tim_ex.o
                0x000000000800bbbc                HAL_TIMEx_MasterConfigSynchronization
 .text.HAL_TIMEx_CommutCallback
                0x000000000800bc78       0x12 ./Drivers/STM32F1xx_HAL_Driver/Src/stm32f1xx_hal_tim_ex.o
                0x000000000800bc78                HAL_TIMEx_CommutCallback
 .text.HAL_TIMEx_BreakCallback
                0x000000000800bc8a       0x12 ./Drivers/STM32F1xx_HAL_Driver/Src/stm32f1xx_hal_tim_ex.o
                0x000000000800bc8a                HAL_TIMEx_BreakCallback
 .text.snprintf
                0x000000000800bc9c       0x68 C:/ST/STM32CubeIDE_1.14.1/STM32CubeIDE/plugins/com.st.stm32cube.ide.mcu.externaltools.gnu-tools-for-stm32.11.3.rel1.win32_1.1.100.202309141235/tools/bin/../lib/gcc/arm-none-eabi/11.3.1/../../../../arm-none-eabi/lib/thumb/v7-m/nofp\libc_nano.a(libc_a-snprintf.o)
                0x000000000800bc9c                sniprintf
                0x000000000800bc9c                snprintf
 .text.sprintf  0x000000000800bd04       0x40 C:/ST/STM32CubeIDE_1.14.1/STM32CubeIDE/plugins/com.st.stm32cube.ide.mcu.externaltools.gnu-tools-for-stm32.11.3.rel1.win32_1.1.100.202309141235/tools/bin/../lib/gcc/arm-none-eabi/11.3.1/../../../../arm-none-eabi/lib/thumb/v7-m/nofp\libc_nano.a(libc_a-sprintf.o)
                0x000000000800bd04                siprintf
                0x000000000800bd04                sprintf
 .text.memset   0x000000000800bd44       0x10 C:/ST/STM32CubeIDE_1.14.1/STM32CubeIDE/plugins/com.st.stm32cube.ide.mcu.externaltools.gnu-tools-for-stm32.11.3.rel1.win32_1.1.100.202309141235/tools/bin/../lib/gcc/arm-none-eabi/11.3.1/../../../../arm-none-eabi/lib/thumb/v7-m/nofp\libc_nano.a(libc_a-memset.o)
                0x000000000800bd44                memset
 .text.__errno  0x000000000800bd54        0xc C:/ST/STM32CubeIDE_1.14.1/STM32CubeIDE/plugins/com.st.stm32cube.ide.mcu.externaltools.gnu-tools-for-stm32.11.3.rel1.win32_1.1.100.202309141235/tools/bin/../lib/gcc/arm-none-eabi/11.3.1/../../../../arm-none-eabi/lib/thumb/v7-m/nofp\libc_nano.a(libc_a-errno.o)
                0x000000000800bd54                __errno
 .text.__libc_init_array
                0x000000000800bd60       0x48 C:/ST/STM32CubeIDE_1.14.1/STM32CubeIDE/plugins/com.st.stm32cube.ide.mcu.externaltools.gnu-tools-for-stm32.11.3.rel1.win32_1.1.100.202309141235/tools/bin/../lib/gcc/arm-none-eabi/11.3.1/../../../../arm-none-eabi/lib/thumb/v7-m/nofp\libc_nano.a(libc_a-init.o)
                0x000000000800bd60                __libc_init_array
 .text.__retarget_lock_acquire_recursive
                0x000000000800bda8        0x2 C:/ST/STM32CubeIDE_1.14.1/STM32CubeIDE/plugins/com.st.stm32cube.ide.mcu.externaltools.gnu-tools-for-stm32.11.3.rel1.win32_1.1.100.202309141235/tools/bin/../lib/gcc/arm-none-eabi/11.3.1/../../../../arm-none-eabi/lib/thumb/v7-m/nofp\libc_nano.a(libc_a-lock.o)
                0x000000000800bda8                __retarget_lock_acquire_recursive
 .text.__retarget_lock_release_recursive
                0x000000000800bdaa        0x2 C:/ST/STM32CubeIDE_1.14.1/STM32CubeIDE/plugins/com.st.stm32cube.ide.mcu.externaltools.gnu-tools-for-stm32.11.3.rel1.win32_1.1.100.202309141235/tools/bin/../lib/gcc/arm-none-eabi/11.3.1/../../../../arm-none-eabi/lib/thumb/v7-m/nofp\libc_nano.a(libc_a-lock.o)
                0x000000000800bdaa                __retarget_lock_release_recursive
 .text.memcpy   0x000000000800bdac       0x1c C:/ST/STM32CubeIDE_1.14.1/STM32CubeIDE/plugins/com.st.stm32cube.ide.mcu.externaltools.gnu-tools-for-stm32.11.3.rel1.win32_1.1.100.202309141235/tools/bin/../lib/gcc/arm-none-eabi/11.3.1/../../../../arm-none-eabi/lib/thumb/v7-m/nofp\libc_nano.a(libc_a-memcpy-stub.o)
                0x000000000800bdac                memcpy
 .text._free_r  0x000000000800bdc8       0x90 C:/ST/STM32CubeIDE_1.14.1/STM32CubeIDE/plugins/com.st.stm32cube.ide.mcu.externaltools.gnu-tools-for-stm32.11.3.rel1.win32_1.1.100.202309141235/tools/bin/../lib/gcc/arm-none-eabi/11.3.1/../../../../arm-none-eabi/lib/thumb/v7-m/nofp\libc_nano.a(libc_a-freer.o)
                0x000000000800bdc8                _free_r
 .text.sbrk_aligned
                0x000000000800be58       0x40 C:/ST/STM32CubeIDE_1.14.1/STM32CubeIDE/plugins/com.st.stm32cube.ide.mcu.externaltools.gnu-tools-for-stm32.11.3.rel1.win32_1.1.100.202309141235/tools/bin/../lib/gcc/arm-none-eabi/11.3.1/../../../../arm-none-eabi/lib/thumb/v7-m/nofp\libc_nano.a(libc_a-mallocr.o)
 .text._malloc_r
                0x000000000800be98      0x100 C:/ST/STM32CubeIDE_1.14.1/STM32CubeIDE/plugins/com.st.stm32cube.ide.mcu.externaltools.gnu-tools-for-stm32.11.3.rel1.win32_1.1.100.202309141235/tools/bin/../lib/gcc/arm-none-eabi/11.3.1/../../../../arm-none-eabi/lib/thumb/v7-m/nofp\libc_nano.a(libc_a-mallocr.o)
                0x000000000800be98                _malloc_r
 .text.__malloc_lock
                0x000000000800bf98        0xc C:/ST/STM32CubeIDE_1.14.1/STM32CubeIDE/plugins/com.st.stm32cube.ide.mcu.externaltools.gnu-tools-for-stm32.11.3.rel1.win32_1.1.100.202309141235/tools/bin/../lib/gcc/arm-none-eabi/11.3.1/../../../../arm-none-eabi/lib/thumb/v7-m/nofp\libc_nano.a(libc_a-mlock.o)
                0x000000000800bf98                __malloc_lock
 .text.__malloc_unlock
                0x000000000800bfa4        0xc C:/ST/STM32CubeIDE_1.14.1/STM32CubeIDE/plugins/com.st.stm32cube.ide.mcu.externaltools.gnu-tools-for-stm32.11.3.rel1.win32_1.1.100.202309141235/tools/bin/../lib/gcc/arm-none-eabi/11.3.1/../../../../arm-none-eabi/lib/thumb/v7-m/nofp\libc_nano.a(libc_a-mlock.o)
                0x000000000800bfa4                __malloc_unlock
 .text.__ssputs_r
                0x000000000800bfb0       0xb4 C:/ST/STM32CubeIDE_1.14.1/STM32CubeIDE/plugins/com.st.stm32cube.ide.mcu.externaltools.gnu-tools-for-stm32.11.3.rel1.win32_1.1.100.202309141235/tools/bin/../lib/gcc/arm-none-eabi/11.3.1/../../../../arm-none-eabi/lib/thumb/v7-m/nofp\libc_nano.a(libc_a-nano-svfprintf.o)
                0x000000000800bfb0                __ssputs_r
 .text._svfprintf_r
                0x000000000800c064      0x1fc C:/ST/STM32CubeIDE_1.14.1/STM32CubeIDE/plugins/com.st.stm32cube.ide.mcu.externaltools.gnu-tools-for-stm32.11.3.rel1.win32_1.1.100.202309141235/tools/bin/../lib/gcc/arm-none-eabi/11.3.1/../../../../arm-none-eabi/lib/thumb/v7-m/nofp\libc_nano.a(libc_a-nano-svfprintf.o)
                0x000000000800c064                _svfiprintf_r
                0x000000000800c064                _svfprintf_r
 .text._printf_common
                0x000000000800c260       0xe4 C:/ST/STM32CubeIDE_1.14.1/STM32CubeIDE/plugins/com.st.stm32cube.ide.mcu.externaltools.gnu-tools-for-stm32.11.3.rel1.win32_1.1.100.202309141235/tools/bin/../lib/gcc/arm-none-eabi/11.3.1/../../../../arm-none-eabi/lib/thumb/v7-m/nofp\libc_nano.a(libc_a-nano-vfprintf_i.o)
                0x000000000800c260                _printf_common
 .text._printf_i
                0x000000000800c344      0x244 C:/ST/STM32CubeIDE_1.14.1/STM32CubeIDE/plugins/com.st.stm32cube.ide.mcu.externaltools.gnu-tools-for-stm32.11.3.rel1.win32_1.1.100.202309141235/tools/bin/../lib/gcc/arm-none-eabi/11.3.1/../../../../arm-none-eabi/lib/thumb/v7-m/nofp\libc_nano.a(libc_a-nano-vfprintf_i.o)
                0x000000000800c344                _printf_i
 .text.memmove  0x000000000800c588       0x34 C:/ST/STM32CubeIDE_1.14.1/STM32CubeIDE/plugins/com.st.stm32cube.ide.mcu.externaltools.gnu-tools-for-stm32.11.3.rel1.win32_1.1.100.202309141235/tools/bin/../lib/gcc/arm-none-eabi/11.3.1/../../../../arm-none-eabi/lib/thumb/v7-m/nofp\libc_nano.a(libc_a-memmove.o)
                0x000000000800c588                memmove
 .text._sbrk_r  0x000000000800c5bc       0x20 C:/ST/STM32CubeIDE_1.14.1/STM32CubeIDE/plugins/com.st.stm32cube.ide.mcu.externaltools.gnu-tools-for-stm32.11.3.rel1.win32_1.1.100.202309141235/tools/bin/../lib/gcc/arm-none-eabi/11.3.1/../../../../arm-none-eabi/lib/thumb/v7-m/nofp\libc_nano.a(libc_a-sbrkr.o)
                0x000000000800c5bc                _sbrk_r
 .text.memchr   0x000000000800c5dc       0x1c C:/ST/STM32CubeIDE_1.14.1/STM32CubeIDE/plugins/com.st.stm32cube.ide.mcu.externaltools.gnu-tools-for-stm32.11.3.rel1.win32_1.1.100.202309141235/tools/bin/../lib/gcc/arm-none-eabi/11.3.1/../../../../arm-none-eabi/lib/thumb/v7-m/nofp\libc_nano.a(libc_a-memchr-stub.o)
                0x000000000800c5dc                memchr
 .text._realloc_r
                0x000000000800c5f8       0x5e C:/ST/STM32CubeIDE_1.14.1/STM32CubeIDE/plugins/com.st.stm32cube.ide.mcu.externaltools.gnu-tools-for-stm32.11.3.rel1.win32_1.1.100.202309141235/tools/bin/../lib/gcc/arm-none-eabi/11.3.1/../../../../arm-none-eabi/lib/thumb/v7-m/nofp\libc_nano.a(libc_a-reallocr.o)
                0x000000000800c5f8                _realloc_r
 .text._malloc_usable_size_r
                0x000000000800c656       0x10 C:/ST/STM32CubeIDE_1.14.1/STM32CubeIDE/plugins/com.st.stm32cube.ide.mcu.externaltools.gnu-tools-for-stm32.11.3.rel1.win32_1.1.100.202309141235/tools/bin/../lib/gcc/arm-none-eabi/11.3.1/../../../../arm-none-eabi/lib/thumb/v7-m/nofp\libc_nano.a(libc_a-msizer.o)
                0x000000000800c656                _malloc_usable_size_r
 *(.glue_7)
 .glue_7        0x000000000800c666        0x0 linker stubs
 *(.glue_7t)
 .glue_7t       0x000000000800c666        0x0 linker stubs
 *(.eh_frame)
 *fill*         0x000000000800c666        0x2 
 .eh_frame      0x000000000800c668        0x0 C:/ST/STM32CubeIDE_1.14.1/STM32CubeIDE/plugins/com.st.stm32cube.ide.mcu.externaltools.gnu-tools-for-stm32.11.3.rel1.win32_1.1.100.202309141235/tools/bin/../lib/gcc/arm-none-eabi/11.3.1/thumb/v7-m/nofp/crtbegin.o
 *(.init)
 .init          0x000000000800c668        0x4 C:/ST/STM32CubeIDE_1.14.1/STM32CubeIDE/plugins/com.st.stm32cube.ide.mcu.externaltools.gnu-tools-for-stm32.11.3.rel1.win32_1.1.100.202309141235/tools/bin/../lib/gcc/arm-none-eabi/11.3.1/thumb/v7-m/nofp/crti.o
                0x000000000800c668                _init
 .init          0x000000000800c66c        0x8 C:/ST/STM32CubeIDE_1.14.1/STM32CubeIDE/plugins/com.st.stm32cube.ide.mcu.externaltools.gnu-tools-for-stm32.11.3.rel1.win32_1.1.100.202309141235/tools/bin/../lib/gcc/arm-none-eabi/11.3.1/thumb/v7-m/nofp/crtn.o
 *(.fini)
 .fini          0x000000000800c674        0x4 C:/ST/STM32CubeIDE_1.14.1/STM32CubeIDE/plugins/com.st.stm32cube.ide.mcu.externaltools.gnu-tools-for-stm32.11.3.rel1.win32_1.1.100.202309141235/tools/bin/../lib/gcc/arm-none-eabi/11.3.1/thumb/v7-m/nofp/crti.o
                0x000000000800c674                _fini
 .fini          0x000000000800c678        0x8 C:/ST/STM32CubeIDE_1.14.1/STM32CubeIDE/plugins/com.st.stm32cube.ide.mcu.externaltools.gnu-tools-for-stm32.11.3.rel1.win32_1.1.100.202309141235/tools/bin/../lib/gcc/arm-none-eabi/11.3.1/thumb/v7-m/nofp/crtn.o
                0x000000000800c680                . = ALIGN (0x4)
                0x000000000800c680                _etext = .

.vfp11_veneer   0x000000000800c680        0x0
 .vfp11_veneer  0x000000000800c680        0x0 linker stubs

.v4_bx          0x000000000800c680        0x0
 .v4_bx         0x000000000800c680        0x0 linker stubs

.iplt           0x000000000800c680        0x0
 .iplt          0x000000000800c680        0x0 C:/ST/STM32CubeIDE_1.14.1/STM32CubeIDE/plugins/com.st.stm32cube.ide.mcu.externaltools.gnu-tools-for-stm32.11.3.rel1.win32_1.1.100.202309141235/tools/bin/../lib/gcc/arm-none-eabi/11.3.1/thumb/v7-m/nofp/crtbegin.o

.rodata         0x000000000800c680     0x16c0
                0x000000000800c680                . = ALIGN (0x4)
 *(.rodata)
 .rodata        0x000000000800c680       0x6a ./Core/Src/UserInterface.o
 *(.rodata*)
 *fill*         0x000000000800c6ea        0x2 
 .rodata.SX1278_Power
                0x000000000800c6ec        0x4 ./Core/Src/SX1278.o
 .rodata.SX1278_SpreadFactor
                0x000000000800c6f0        0x7 ./Core/Src/SX1278.o
 *fill*         0x000000000800c6f7        0x1 
 .rodata.SX1278_LoRaBandwidth
                0x000000000800c6f8        0xa ./Core/Src/SX1278.o
 *fill*         0x000000000800c702        0x2 
 .rodata.SX1278_CodingRate
                0x000000000800c704        0x4 ./Core/Src/SX1278.o
 .rodata.SX1278_CRC_Sum
                0x000000000800c708        0x2 ./Core/Src/SX1278.o
 *fill*         0x000000000800c70a        0x2 
 .rodata.sbox   0x000000000800c70c      0x100 ./Core/Src/aes.o
 .rodata.Rcon   0x000000000800c80c        0xb ./Core/Src/aes.o
 *fill*         0x000000000800c817        0x1 
 .rodata.Font7x10
                0x000000000800c818      0x76c ./Core/Src/fonts.o
                0x000000000800c818                Font7x10
 .rodata.Font11x18
                0x000000000800cf84      0xd5c ./Core/Src/fonts.o
                0x000000000800cf84                Font11x18
 .rodata.AHBPrescTable
                0x000000000800dce0       0x10 ./Core/Src/system_stm32f1xx.o
                0x000000000800dce0                AHBPrescTable
 .rodata.APBPrescTable
                0x000000000800dcf0        0x8 ./Core/Src/system_stm32f1xx.o
                0x000000000800dcf0                APBPrescTable
 .rodata.aPLLMULFactorTable.1
                0x000000000800dcf8       0x10 ./Drivers/STM32F1xx_HAL_Driver/Src/stm32f1xx_hal_rcc.o
 .rodata.aPredivFactorTable.0
                0x000000000800dd08        0x2 ./Drivers/STM32F1xx_HAL_Driver/Src/stm32f1xx_hal_rcc.o
 .rodata._svfprintf_r.str1.1
                0x000000000800dd0a       0x11 C:/ST/STM32CubeIDE_1.14.1/STM32CubeIDE/plugins/com.st.stm32cube.ide.mcu.externaltools.gnu-tools-for-stm32.11.3.rel1.win32_1.1.100.202309141235/tools/bin/../lib/gcc/arm-none-eabi/11.3.1/../../../../arm-none-eabi/lib/thumb/v7-m/nofp\libc_nano.a(libc_a-nano-svfprintf.o)
 .rodata._printf_i.str1.1
                0x000000000800dd1b       0x22 C:/ST/STM32CubeIDE_1.14.1/STM32CubeIDE/plugins/com.st.stm32cube.ide.mcu.externaltools.gnu-tools-for-stm32.11.3.rel1.win32_1.1.100.202309141235/tools/bin/../lib/gcc/arm-none-eabi/11.3.1/../../../../arm-none-eabi/lib/thumb/v7-m/nofp\libc_nano.a(libc_a-nano-vfprintf_i.o)
                0x000000000800dd40                . = ALIGN (0x4)
 *fill*         0x000000000800dd3d        0x3 

.ARM.extab      0x000000000800dd40        0x0
                0x000000000800dd40                . = ALIGN (0x4)
 *(.ARM.extab* .gnu.linkonce.armextab.*)
                0x000000000800dd40                . = ALIGN (0x4)

.ARM            0x000000000800dd40        0x8
                0x000000000800dd40                . = ALIGN (0x4)
                0x000000000800dd40                __exidx_start = .
 *(.ARM.exidx*)
 .ARM.exidx     0x000000000800dd40        0x8 C:/ST/STM32CubeIDE_1.14.1/STM32CubeIDE/plugins/com.st.stm32cube.ide.mcu.externaltools.gnu-tools-for-stm32.11.3.rel1.win32_1.1.100.202309141235/tools/bin/../lib/gcc/arm-none-eabi/11.3.1/thumb/v7-m/nofp\libgcc.a(_udivmoddi4.o)
                0x000000000800dd48                __exidx_end = .
                0x000000000800dd48                . = ALIGN (0x4)

.rel.dyn        0x000000000800dd48        0x0
 .rel.iplt      0x000000000800dd48        0x0 C:/ST/STM32CubeIDE_1.14.1/STM32CubeIDE/plugins/com.st.stm32cube.ide.mcu.externaltools.gnu-tools-for-stm32.11.3.rel1.win32_1.1.100.202309141235/tools/bin/../lib/gcc/arm-none-eabi/11.3.1/thumb/v7-m/nofp/crtbegin.o

.preinit_array  0x000000000800dd48        0x0
                0x000000000800dd48                . = ALIGN (0x4)
                0x000000000800dd48                PROVIDE (__preinit_array_start = .)
 *(.preinit_array*)
                0x000000000800dd48                PROVIDE (__preinit_array_end = .)
                0x000000000800dd48                . = ALIGN (0x4)

.init_array     0x000000000800dd48        0x4
                0x000000000800dd48                . = ALIGN (0x4)
                0x000000000800dd48                PROVIDE (__init_array_start = .)
 *(SORT_BY_NAME(.init_array.*))
 *(.init_array*)
 .init_array    0x000000000800dd48        0x4 C:/ST/STM32CubeIDE_1.14.1/STM32CubeIDE/plugins/com.st.stm32cube.ide.mcu.externaltools.gnu-tools-for-stm32.11.3.rel1.win32_1.1.100.202309141235/tools/bin/../lib/gcc/arm-none-eabi/11.3.1/thumb/v7-m/nofp/crtbegin.o
                0x000000000800dd4c                PROVIDE (__init_array_end = .)
                0x000000000800dd4c                . = ALIGN (0x4)

.fini_array     0x000000000800dd4c        0x4
                0x000000000800dd4c                . = ALIGN (0x4)
                [!provide]                        PROVIDE (__fini_array_start = .)
 *(SORT_BY_NAME(.fini_array.*))
 *(.fini_array*)
 .fini_array    0x000000000800dd4c        0x4 C:/ST/STM32CubeIDE_1.14.1/STM32CubeIDE/plugins/com.st.stm32cube.ide.mcu.externaltools.gnu-tools-for-stm32.11.3.rel1.win32_1.1.100.202309141235/tools/bin/../lib/gcc/arm-none-eabi/11.3.1/thumb/v7-m/nofp/crtbegin.o
                [!provide]                        PROVIDE (__fini_array_end = .)
                0x000000000800dd50                . = ALIGN (0x4)
                0x000000000800dd50                _sidata = LOADADDR (.data)

.data           0x0000000020000000       0x8c load address 0x000000000800dd50
                0x0000000020000000                . = ALIGN (0x4)
                0x0000000020000000                _sdata = .
 *(.data)
 *(.data*)
 .data.AES_CTR_128_Key
                0x0000000020000000       0x10 ./Core/Src/SX1278_if.o
 .data.AES_CTR_128_IV
                0x0000000020000010       0x10 ./Core/Src/SX1278_if.o
 .data.Font_7x10
                0x0000000020000020        0x8 ./Core/Src/fonts.o
                0x0000000020000020                Font_7x10
 .data.Font_11x18
                0x0000000020000028        0x8 ./Core/Src/fonts.o
                0x0000000020000028                Font_11x18
 .data.SystemCoreClock
                0x0000000020000030        0x4 ./Core/Src/system_stm32f1xx.o
                0x0000000020000030                SystemCoreClock
 .data.uwTickPrio
                0x0000000020000034        0x4 ./Drivers/STM32F1xx_HAL_Driver/Src/stm32f1xx_hal.o
                0x0000000020000034                uwTickPrio
 .data.uwTickFreq
                0x0000000020000038        0x1 ./Drivers/STM32F1xx_HAL_Driver/Src/stm32f1xx_hal.o
                0x0000000020000038                uwTickFreq
 *fill*         0x0000000020000039        0x3 
 .data._impure_data
                0x000000002000003c       0x4c C:/ST/STM32CubeIDE_1.14.1/STM32CubeIDE/plugins/com.st.stm32cube.ide.mcu.externaltools.gnu-tools-for-stm32.11.3.rel1.win32_1.1.100.202309141235/tools/bin/../lib/gcc/arm-none-eabi/11.3.1/../../../../arm-none-eabi/lib/thumb/v7-m/nofp\libc_nano.a(libc_a-impure.o)
                0x000000002000003c                _impure_data
 .data._impure_ptr
                0x0000000020000088        0x4 C:/ST/STM32CubeIDE_1.14.1/STM32CubeIDE/plugins/com.st.stm32cube.ide.mcu.externaltools.gnu-tools-for-stm32.11.3.rel1.win32_1.1.100.202309141235/tools/bin/../lib/gcc/arm-none-eabi/11.3.1/../../../../arm-none-eabi/lib/thumb/v7-m/nofp\libc_nano.a(libc_a-impure.o)
                0x0000000020000088                _impure_ptr
 *(.RamFunc)
 *(.RamFunc*)
                0x000000002000008c                . = ALIGN (0x4)
                0x000000002000008c                _edata = .

.igot.plt       0x000000002000008c        0x0 load address 0x000000000800dddc
 .igot.plt      0x000000002000008c        0x0 C:/ST/STM32CubeIDE_1.14.1/STM32CubeIDE/plugins/com.st.stm32cube.ide.mcu.externaltools.gnu-tools-for-stm32.11.3.rel1.win32_1.1.100.202309141235/tools/bin/../lib/gcc/arm-none-eabi/11.3.1/thumb/v7-m/nofp/crtbegin.o
                0x000000002000008c                . = ALIGN (0x4)

.bss            0x0000000020000090      0x950 load address 0x000000000800dddc
                0x0000000020000090                _sbss = .
                0x0000000020000090                __bss_start__ = _sbss
 *(.bss)
 .bss           0x0000000020000090       0x1c C:/ST/STM32CubeIDE_1.14.1/STM32CubeIDE/plugins/com.st.stm32cube.ide.mcu.externaltools.gnu-tools-for-stm32.11.3.rel1.win32_1.1.100.202309141235/tools/bin/../lib/gcc/arm-none-eabi/11.3.1/thumb/v7-m/nofp/crtbegin.o
 *(.bss*)
 .bss.pMillis   0x00000000200000ac        0x4 ./Core/Src/DHT.o
                0x00000000200000ac                pMillis
 .bss.cMillis   0x00000000200000b0        0x4 ./Core/Src/DHT.o
                0x00000000200000b0                cMillis
 .bss.SSD1306_Buffer
                0x00000000200000b4      0x420 ./Core/Src/SSD1306.o
 .bss.SSD1306   0x00000000200004d4        0x6 ./Core/Src/SSD1306.o
 .bss.gl_Status_Flag
                0x00000000200004da        0x1 ./Core/Src/SX1278_if.o
                0x00000000200004da                gl_Status_Flag
 .bss.ret       0x00000000200004db        0x1 ./Core/Src/SX1278_if.o
                0x00000000200004db                ret
 .bss.buffer_resp
                0x00000000200004dc       0x10 ./Core/Src/SX1278_if.o
                0x00000000200004dc                buffer_resp
 .bss.buffer_send
                0x00000000200004ec       0x10 ./Core/Src/SX1278_if.o
                0x00000000200004ec                buffer_send
 .bss.buffer_DHT
                0x00000000200004fc        0x4 ./Core/Src/SX1278_if.o
                0x00000000200004fc                buffer_DHT
 .bss.MQ2_Val   0x0000000020000500        0x2 ./Core/Src/SX1278_if.o
                0x0000000020000500                MQ2_Val
 *fill*         0x0000000020000502        0x2 
 .bss.Node_Address
                0x0000000020000504        0x4 ./Core/Src/SX1278_if.o
                0x0000000020000504                Node_Address
 .bss.Address_Receive
                0x0000000020000508        0x4 ./Core/Src/SX1278_if.o
                0x0000000020000508                Address_Receive
 .bss.ctx       0x000000002000050c       0xc0 ./Core/Src/SX1278_if.o
                0x000000002000050c                ctx
 .bss.gl_appver
                0x00000000200005cc        0x4 ./Core/Src/UserInterface.o
 .bss.Node_ID   0x00000000200005d0        0x4 ./Core/Src/UserInterface.o
 .bss.hadc1     0x00000000200005d4       0x30 ./Core/Src/main.o
                0x00000000200005d4                hadc1
 .bss.hi2c1     0x0000000020000604       0x54 ./Core/Src/main.o
                0x0000000020000604                hi2c1
 .bss.hspi1     0x0000000020000658       0x58 ./Core/Src/main.o
                0x0000000020000658                hspi1
 .bss.htim1     0x00000000200006b0       0x48 ./Core/Src/main.o
                0x00000000200006b0                htim1
 .bss.htim2     0x00000000200006f8       0x48 ./Core/Src/main.o
                0x00000000200006f8                htim2
 .bss.SX1278_hw
                0x0000000020000740       0x1c ./Core/Src/main.o
                0x0000000020000740                SX1278_hw
 .bss.SX1278    0x000000002000075c      0x114 ./Core/Src/main.o
                0x000000002000075c                SX1278
 .bss.__sbrk_heap_end
                0x0000000020000870        0x4 ./Core/Src/sysmem.o
 .bss.uwTick    0x0000000020000874        0x4 ./Drivers/STM32F1xx_HAL_Driver/Src/stm32f1xx_hal.o
                0x0000000020000874                uwTick
 .bss.pFlash    0x0000000020000878       0x20 ./Drivers/STM32F1xx_HAL_Driver/Src/stm32f1xx_hal_flash.o
                0x0000000020000878                pFlash
 .bss.__sf      0x0000000020000898      0x138 C:/ST/STM32CubeIDE_1.14.1/STM32CubeIDE/plugins/com.st.stm32cube.ide.mcu.externaltools.gnu-tools-for-stm32.11.3.rel1.win32_1.1.100.202309141235/tools/bin/../lib/gcc/arm-none-eabi/11.3.1/../../../../arm-none-eabi/lib/thumb/v7-m/nofp\libc_nano.a(libc_a-findfp.o)
                0x0000000020000898                __sf
 .bss.errno     0x00000000200009d0        0x4 C:/ST/STM32CubeIDE_1.14.1/STM32CubeIDE/plugins/com.st.stm32cube.ide.mcu.externaltools.gnu-tools-for-stm32.11.3.rel1.win32_1.1.100.202309141235/tools/bin/../lib/gcc/arm-none-eabi/11.3.1/../../../../arm-none-eabi/lib/thumb/v7-m/nofp\libc_nano.a(libc_a-reent.o)
                0x00000000200009d0                errno
 .bss.__lock___malloc_recursive_mutex
                0x00000000200009d4        0x1 C:/ST/STM32CubeIDE_1.14.1/STM32CubeIDE/plugins/com.st.stm32cube.ide.mcu.externaltools.gnu-tools-for-stm32.11.3.rel1.win32_1.1.100.202309141235/tools/bin/../lib/gcc/arm-none-eabi/11.3.1/../../../../arm-none-eabi/lib/thumb/v7-m/nofp\libc_nano.a(libc_a-lock.o)
                0x00000000200009d4                __lock___malloc_recursive_mutex
 *fill*         0x00000000200009d5        0x3 
 .bss.__malloc_free_list
                0x00000000200009d8        0x4 C:/ST/STM32CubeIDE_1.14.1/STM32CubeIDE/plugins/com.st.stm32cube.ide.mcu.externaltools.gnu-tools-for-stm32.11.3.rel1.win32_1.1.100.202309141235/tools/bin/../lib/gcc/arm-none-eabi/11.3.1/../../../../arm-none-eabi/lib/thumb/v7-m/nofp\libc_nano.a(libc_a-mallocr.o)
                0x00000000200009d8                __malloc_free_list
 .bss.__malloc_sbrk_start
                0x00000000200009dc        0x4 C:/ST/STM32CubeIDE_1.14.1/STM32CubeIDE/plugins/com.st.stm32cube.ide.mcu.externaltools.gnu-tools-for-stm32.11.3.rel1.win32_1.1.100.202309141235/tools/bin/../lib/gcc/arm-none-eabi/11.3.1/../../../../arm-none-eabi/lib/thumb/v7-m/nofp\libc_nano.a(libc_a-mallocr.o)
                0x00000000200009dc                __malloc_sbrk_start
 *(COMMON)
                0x00000000200009e0                . = ALIGN (0x4)
                0x00000000200009e0                _ebss = .
                0x00000000200009e0                __bss_end__ = _ebss

._user_heap_stack
                0x00000000200009e0      0x600 load address 0x000000000800dddc
                0x00000000200009e0                . = ALIGN (0x8)
                [!provide]                        PROVIDE (end = .)
                0x00000000200009e0                PROVIDE (_end = .)
                0x0000000020000be0                . = (. + _Min_Heap_Size)
 *fill*         0x00000000200009e0      0x200 
                0x0000000020000fe0                . = (. + _Min_Stack_Size)
 *fill*         0x0000000020000be0      0x400 
                0x0000000020000fe0                . = ALIGN (0x8)

/DISCARD/
 libc.a(*)
 libm.a(*)
 libgcc.a(*)

.ARM.attributes
                0x0000000000000000       0x29
 *(.ARM.attributes)
 .ARM.attributes
                0x0000000000000000       0x1d C:/ST/STM32CubeIDE_1.14.1/STM32CubeIDE/plugins/com.st.stm32cube.ide.mcu.externaltools.gnu-tools-for-stm32.11.3.rel1.win32_1.1.100.202309141235/tools/bin/../lib/gcc/arm-none-eabi/11.3.1/thumb/v7-m/nofp/crti.o
 .ARM.attributes
                0x000000000000001d       0x2d C:/ST/STM32CubeIDE_1.14.1/STM32CubeIDE/plugins/com.st.stm32cube.ide.mcu.externaltools.gnu-tools-for-stm32.11.3.rel1.win32_1.1.100.202309141235/tools/bin/../lib/gcc/arm-none-eabi/11.3.1/thumb/v7-m/nofp/crtbegin.o
 .ARM.attributes
                0x000000000000004a       0x2d ./Core/Src/DHT.o
 .ARM.attributes
                0x0000000000000077       0x2d ./Core/Src/SSD1306.o
 .ARM.attributes
                0x00000000000000a4       0x2d ./Core/Src/SX1278.o
 .ARM.attributes
                0x00000000000000d1       0x2d ./Core/Src/SX1278_hw.o
 .ARM.attributes
                0x00000000000000fe       0x2d ./Core/Src/SX1278_if.o
 .ARM.attributes
                0x000000000000012b       0x2d ./Core/Src/UserInterface.o
 .ARM.attributes
                0x0000000000000158       0x2d ./Core/Src/aes.o
 .ARM.attributes
                0x0000000000000185       0x2d ./Core/Src/fonts.o
 .ARM.attributes
                0x00000000000001b2       0x2d ./Core/Src/function.o
 .ARM.attributes
                0x00000000000001df       0x2d ./Core/Src/main.o
 .ARM.attributes
                0x000000000000020c       0x2d ./Core/Src/stm32f1xx_hal_msp.o
 .ARM.attributes
                0x0000000000000239       0x2d ./Core/Src/stm32f1xx_it.o
 .ARM.attributes
                0x0000000000000266       0x2d ./Core/Src/sysmem.o
 .ARM.attributes
                0x0000000000000293       0x2d ./Core/Src/system_stm32f1xx.o
 .ARM.attributes
                0x00000000000002c0       0x21 ./Core/Startup/startup_stm32f103c8tx.o
 .ARM.attributes
                0x00000000000002e1       0x2d ./Drivers/STM32F1xx_HAL_Driver/Src/stm32f1xx_hal.o
 .ARM.attributes
                0x000000000000030e       0x2d ./Drivers/STM32F1xx_HAL_Driver/Src/stm32f1xx_hal_adc.o
 .ARM.attributes
                0x000000000000033b       0x2d ./Drivers/STM32F1xx_HAL_Driver/Src/stm32f1xx_hal_cortex.o
 .ARM.attributes
                0x0000000000000368       0x2d ./Drivers/STM32F1xx_HAL_Driver/Src/stm32f1xx_hal_flash.o
 .ARM.attributes
                0x0000000000000395       0x2d ./Drivers/STM32F1xx_HAL_Driver/Src/stm32f1xx_hal_flash_ex.o
 .ARM.attributes
                0x00000000000003c2       0x2d ./Drivers/STM32F1xx_HAL_Driver/Src/stm32f1xx_hal_gpio.o
 .ARM.attributes
                0x00000000000003ef       0x2d ./Drivers/STM32F1xx_HAL_Driver/Src/stm32f1xx_hal_i2c.o
 .ARM.attributes
                0x000000000000041c       0x2d ./Drivers/STM32F1xx_HAL_Driver/Src/stm32f1xx_hal_rcc.o
 .ARM.attributes
                0x0000000000000449       0x2d ./Drivers/STM32F1xx_HAL_Driver/Src/stm32f1xx_hal_rcc_ex.o
 .ARM.attributes
                0x0000000000000476       0x2d ./Drivers/STM32F1xx_HAL_Driver/Src/stm32f1xx_hal_spi.o
 .ARM.attributes
                0x00000000000004a3       0x2d ./Drivers/STM32F1xx_HAL_Driver/Src/stm32f1xx_hal_tim.o
 .ARM.attributes
                0x00000000000004d0       0x2d ./Drivers/STM32F1xx_HAL_Driver/Src/stm32f1xx_hal_tim_ex.o
 .ARM.attributes
                0x00000000000004fd       0x2d C:/ST/STM32CubeIDE_1.14.1/STM32CubeIDE/plugins/com.st.stm32cube.ide.mcu.externaltools.gnu-tools-for-stm32.11.3.rel1.win32_1.1.100.202309141235/tools/bin/../lib/gcc/arm-none-eabi/11.3.1/../../../../arm-none-eabi/lib/thumb/v7-m/nofp\libc_nano.a(libc_a-findfp.o)
 .ARM.attributes
                0x000000000000052a       0x2d C:/ST/STM32CubeIDE_1.14.1/STM32CubeIDE/plugins/com.st.stm32cube.ide.mcu.externaltools.gnu-tools-for-stm32.11.3.rel1.win32_1.1.100.202309141235/tools/bin/../lib/gcc/arm-none-eabi/11.3.1/../../../../arm-none-eabi/lib/thumb/v7-m/nofp\libc_nano.a(libc_a-snprintf.o)
 .ARM.attributes
                0x0000000000000557       0x2d C:/ST/STM32CubeIDE_1.14.1/STM32CubeIDE/plugins/com.st.stm32cube.ide.mcu.externaltools.gnu-tools-for-stm32.11.3.rel1.win32_1.1.100.202309141235/tools/bin/../lib/gcc/arm-none-eabi/11.3.1/../../../../arm-none-eabi/lib/thumb/v7-m/nofp\libc_nano.a(libc_a-sprintf.o)
 .ARM.attributes
                0x0000000000000584       0x2d C:/ST/STM32CubeIDE_1.14.1/STM32CubeIDE/plugins/com.st.stm32cube.ide.mcu.externaltools.gnu-tools-for-stm32.11.3.rel1.win32_1.1.100.202309141235/tools/bin/../lib/gcc/arm-none-eabi/11.3.1/../../../../arm-none-eabi/lib/thumb/v7-m/nofp\libc_nano.a(libc_a-memset.o)
 .ARM.attributes
                0x00000000000005b1       0x2d C:/ST/STM32CubeIDE_1.14.1/STM32CubeIDE/plugins/com.st.stm32cube.ide.mcu.externaltools.gnu-tools-for-stm32.11.3.rel1.win32_1.1.100.202309141235/tools/bin/../lib/gcc/arm-none-eabi/11.3.1/../../../../arm-none-eabi/lib/thumb/v7-m/nofp\libc_nano.a(libc_a-reent.o)
 .ARM.attributes
                0x00000000000005de       0x2d C:/ST/STM32CubeIDE_1.14.1/STM32CubeIDE/plugins/com.st.stm32cube.ide.mcu.externaltools.gnu-tools-for-stm32.11.3.rel1.win32_1.1.100.202309141235/tools/bin/../lib/gcc/arm-none-eabi/11.3.1/../../../../arm-none-eabi/lib/thumb/v7-m/nofp\libc_nano.a(libc_a-impure.o)
 .ARM.attributes
                0x000000000000060b       0x2d C:/ST/STM32CubeIDE_1.14.1/STM32CubeIDE/plugins/com.st.stm32cube.ide.mcu.externaltools.gnu-tools-for-stm32.11.3.rel1.win32_1.1.100.202309141235/tools/bin/../lib/gcc/arm-none-eabi/11.3.1/../../../../arm-none-eabi/lib/thumb/v7-m/nofp\libc_nano.a(libc_a-errno.o)
 .ARM.attributes
                0x0000000000000638       0x2d C:/ST/STM32CubeIDE_1.14.1/STM32CubeIDE/plugins/com.st.stm32cube.ide.mcu.externaltools.gnu-tools-for-stm32.11.3.rel1.win32_1.1.100.202309141235/tools/bin/../lib/gcc/arm-none-eabi/11.3.1/../../../../arm-none-eabi/lib/thumb/v7-m/nofp\libc_nano.a(libc_a-init.o)
 .ARM.attributes
                0x0000000000000665       0x2d C:/ST/STM32CubeIDE_1.14.1/STM32CubeIDE/plugins/com.st.stm32cube.ide.mcu.externaltools.gnu-tools-for-stm32.11.3.rel1.win32_1.1.100.202309141235/tools/bin/../lib/gcc/arm-none-eabi/11.3.1/../../../../arm-none-eabi/lib/thumb/v7-m/nofp\libc_nano.a(libc_a-lock.o)
 .ARM.attributes
                0x0000000000000692       0x2d C:/ST/STM32CubeIDE_1.14.1/STM32CubeIDE/plugins/com.st.stm32cube.ide.mcu.externaltools.gnu-tools-for-stm32.11.3.rel1.win32_1.1.100.202309141235/tools/bin/../lib/gcc/arm-none-eabi/11.3.1/../../../../arm-none-eabi/lib/thumb/v7-m/nofp\libc_nano.a(libc_a-memcpy-stub.o)
 .ARM.attributes
                0x00000000000006bf       0x2d C:/ST/STM32CubeIDE_1.14.1/STM32CubeIDE/plugins/com.st.stm32cube.ide.mcu.externaltools.gnu-tools-for-stm32.11.3.rel1.win32_1.1.100.202309141235/tools/bin/../lib/gcc/arm-none-eabi/11.3.1/../../../../arm-none-eabi/lib/thumb/v7-m/nofp\libc_nano.a(libc_a-freer.o)
 .ARM.attributes
                0x00000000000006ec       0x2d C:/ST/STM32CubeIDE_1.14.1/STM32CubeIDE/plugins/com.st.stm32cube.ide.mcu.externaltools.gnu-tools-for-stm32.11.3.rel1.win32_1.1.100.202309141235/tools/bin/../lib/gcc/arm-none-eabi/11.3.1/../../../../arm-none-eabi/lib/thumb/v7-m/nofp\libc_nano.a(libc_a-mallocr.o)
 .ARM.attributes
                0x0000000000000719       0x2d C:/ST/STM32CubeIDE_1.14.1/STM32CubeIDE/plugins/com.st.stm32cube.ide.mcu.externaltools.gnu-tools-for-stm32.11.3.rel1.win32_1.1.100.202309141235/tools/bin/../lib/gcc/arm-none-eabi/11.3.1/../../../../arm-none-eabi/lib/thumb/v7-m/nofp\libc_nano.a(libc_a-mlock.o)
 .ARM.attributes
                0x0000000000000746       0x2d C:/ST/STM32CubeIDE_1.14.1/STM32CubeIDE/plugins/com.st.stm32cube.ide.mcu.externaltools.gnu-tools-for-stm32.11.3.rel1.win32_1.1.100.202309141235/tools/bin/../lib/gcc/arm-none-eabi/11.3.1/../../../../arm-none-eabi/lib/thumb/v7-m/nofp\libc_nano.a(libc_a-nano-svfprintf.o)
 .ARM.attributes
                0x0000000000000773       0x2d C:/ST/STM32CubeIDE_1.14.1/STM32CubeIDE/plugins/com.st.stm32cube.ide.mcu.externaltools.gnu-tools-for-stm32.11.3.rel1.win32_1.1.100.202309141235/tools/bin/../lib/gcc/arm-none-eabi/11.3.1/../../../../arm-none-eabi/lib/thumb/v7-m/nofp\libc_nano.a(libc_a-nano-vfprintf_i.o)
 .ARM.attributes
                0x00000000000007a0       0x2d C:/ST/STM32CubeIDE_1.14.1/STM32CubeIDE/plugins/com.st.stm32cube.ide.mcu.externaltools.gnu-tools-for-stm32.11.3.rel1.win32_1.1.100.202309141235/tools/bin/../lib/gcc/arm-none-eabi/11.3.1/../../../../arm-none-eabi/lib/thumb/v7-m/nofp\libc_nano.a(libc_a-memmove.o)
 .ARM.attributes
                0x00000000000007cd       0x2d C:/ST/STM32CubeIDE_1.14.1/STM32CubeIDE/plugins/com.st.stm32cube.ide.mcu.externaltools.gnu-tools-for-stm32.11.3.rel1.win32_1.1.100.202309141235/tools/bin/../lib/gcc/arm-none-eabi/11.3.1/../../../../arm-none-eabi/lib/thumb/v7-m/nofp\libc_nano.a(libc_a-sbrkr.o)
 .ARM.attributes
                0x00000000000007fa       0x2d C:/ST/STM32CubeIDE_1.14.1/STM32CubeIDE/plugins/com.st.stm32cube.ide.mcu.externaltools.gnu-tools-for-stm32.11.3.rel1.win32_1.1.100.202309141235/tools/bin/../lib/gcc/arm-none-eabi/11.3.1/../../../../arm-none-eabi/lib/thumb/v7-m/nofp\libc_nano.a(libc_a-memchr-stub.o)
 .ARM.attributes
                0x0000000000000827       0x2d C:/ST/STM32CubeIDE_1.14.1/STM32CubeIDE/plugins/com.st.stm32cube.ide.mcu.externaltools.gnu-tools-for-stm32.11.3.rel1.win32_1.1.100.202309141235/tools/bin/../lib/gcc/arm-none-eabi/11.3.1/../../../../arm-none-eabi/lib/thumb/v7-m/nofp\libc_nano.a(libc_a-reallocr.o)
 .ARM.attributes
                0x0000000000000854       0x2d C:/ST/STM32CubeIDE_1.14.1/STM32CubeIDE/plugins/com.st.stm32cube.ide.mcu.externaltools.gnu-tools-for-stm32.11.3.rel1.win32_1.1.100.202309141235/tools/bin/../lib/gcc/arm-none-eabi/11.3.1/../../../../arm-none-eabi/lib/thumb/v7-m/nofp\libc_nano.a(libc_a-msizer.o)
 .ARM.attributes
                0x0000000000000881       0x1d C:/ST/STM32CubeIDE_1.14.1/STM32CubeIDE/plugins/com.st.stm32cube.ide.mcu.externaltools.gnu-tools-for-stm32.11.3.rel1.win32_1.1.100.202309141235/tools/bin/../lib/gcc/arm-none-eabi/11.3.1/thumb/v7-m/nofp\libgcc.a(_arm_mulsf3.o)
 .ARM.attributes
                0x000000000000089e       0x1d C:/ST/STM32CubeIDE_1.14.1/STM32CubeIDE/plugins/com.st.stm32cube.ide.mcu.externaltools.gnu-tools-for-stm32.11.3.rel1.win32_1.1.100.202309141235/tools/bin/../lib/gcc/arm-none-eabi/11.3.1/thumb/v7-m/nofp\libgcc.a(_arm_addsubdf3.o)
 .ARM.attributes
                0x00000000000008bb       0x1d C:/ST/STM32CubeIDE_1.14.1/STM32CubeIDE/plugins/com.st.stm32cube.ide.mcu.externaltools.gnu-tools-for-stm32.11.3.rel1.win32_1.1.100.202309141235/tools/bin/../lib/gcc/arm-none-eabi/11.3.1/thumb/v7-m/nofp\libgcc.a(_arm_muldivdf3.o)
 .ARM.attributes
                0x00000000000008d8       0x1d C:/ST/STM32CubeIDE_1.14.1/STM32CubeIDE/plugins/com.st.stm32cube.ide.mcu.externaltools.gnu-tools-for-stm32.11.3.rel1.win32_1.1.100.202309141235/tools/bin/../lib/gcc/arm-none-eabi/11.3.1/thumb/v7-m/nofp\libgcc.a(_arm_truncdfsf2.o)
 .ARM.attributes
                0x00000000000008f5       0x1d C:/ST/STM32CubeIDE_1.14.1/STM32CubeIDE/plugins/com.st.stm32cube.ide.mcu.externaltools.gnu-tools-for-stm32.11.3.rel1.win32_1.1.100.202309141235/tools/bin/../lib/gcc/arm-none-eabi/11.3.1/thumb/v7-m/nofp\libgcc.a(_arm_addsubsf3.o)
 .ARM.attributes
                0x0000000000000912       0x1d C:/ST/STM32CubeIDE_1.14.1/STM32CubeIDE/plugins/com.st.stm32cube.ide.mcu.externaltools.gnu-tools-for-stm32.11.3.rel1.win32_1.1.100.202309141235/tools/bin/../lib/gcc/arm-none-eabi/11.3.1/thumb/v7-m/nofp\libgcc.a(_arm_fixsfsi.o)
 .ARM.attributes
                0x000000000000092f       0x1d C:/ST/STM32CubeIDE_1.14.1/STM32CubeIDE/plugins/com.st.stm32cube.ide.mcu.externaltools.gnu-tools-for-stm32.11.3.rel1.win32_1.1.100.202309141235/tools/bin/../lib/gcc/arm-none-eabi/11.3.1/thumb/v7-m/nofp\libgcc.a(_arm_fixunssfsi.o)
 .ARM.attributes
                0x000000000000094c       0x1d C:/ST/STM32CubeIDE_1.14.1/STM32CubeIDE/plugins/com.st.stm32cube.ide.mcu.externaltools.gnu-tools-for-stm32.11.3.rel1.win32_1.1.100.202309141235/tools/bin/../lib/gcc/arm-none-eabi/11.3.1/thumb/v7-m/nofp\libgcc.a(_aeabi_uldivmod.o)
 .ARM.attributes
                0x0000000000000969       0x2d C:/ST/STM32CubeIDE_1.14.1/STM32CubeIDE/plugins/com.st.stm32cube.ide.mcu.externaltools.gnu-tools-for-stm32.11.3.rel1.win32_1.1.100.202309141235/tools/bin/../lib/gcc/arm-none-eabi/11.3.1/thumb/v7-m/nofp\libgcc.a(_udivmoddi4.o)
 .ARM.attributes
                0x0000000000000996       0x1d C:/ST/STM32CubeIDE_1.14.1/STM32CubeIDE/plugins/com.st.stm32cube.ide.mcu.externaltools.gnu-tools-for-stm32.11.3.rel1.win32_1.1.100.202309141235/tools/bin/../lib/gcc/arm-none-eabi/11.3.1/thumb/v7-m/nofp\libgcc.a(_dvmd_tls.o)
 .ARM.attributes
                0x00000000000009b3       0x1d C:/ST/STM32CubeIDE_1.14.1/STM32CubeIDE/plugins/com.st.stm32cube.ide.mcu.externaltools.gnu-tools-for-stm32.11.3.rel1.win32_1.1.100.202309141235/tools/bin/../lib/gcc/arm-none-eabi/11.3.1/thumb/v7-m/nofp/crtn.o
OUTPUT(LoRa_Test.elf elf32-littlearm)
LOAD linker stubs
LOAD C:/ST/STM32CubeIDE_1.14.1/STM32CubeIDE/plugins/com.st.stm32cube.ide.mcu.externaltools.gnu-tools-for-stm32.11.3.rel1.win32_1.1.100.202309141235/tools/bin/../lib/gcc/arm-none-eabi/11.3.1/../../../../arm-none-eabi/lib/thumb/v7-m/nofp\libc.a
LOAD C:/ST/STM32CubeIDE_1.14.1/STM32CubeIDE/plugins/com.st.stm32cube.ide.mcu.externaltools.gnu-tools-for-stm32.11.3.rel1.win32_1.1.100.202309141235/tools/bin/../lib/gcc/arm-none-eabi/11.3.1/../../../../arm-none-eabi/lib/thumb/v7-m/nofp\libm.a
LOAD C:/ST/STM32CubeIDE_1.14.1/STM32CubeIDE/plugins/com.st.stm32cube.ide.mcu.externaltools.gnu-tools-for-stm32.11.3.rel1.win32_1.1.100.202309141235/tools/bin/../lib/gcc/arm-none-eabi/11.3.1/thumb/v7-m/nofp\libgcc.a

.comment        0x0000000000000000       0x43
 .comment       0x0000000000000000       0x43 C:/ST/STM32CubeIDE_1.14.1/STM32CubeIDE/plugins/com.st.stm32cube.ide.mcu.externaltools.gnu-tools-for-stm32.11.3.rel1.win32_1.1.100.202309141235/tools/bin/../lib/gcc/arm-none-eabi/11.3.1/thumb/v7-m/nofp/crtbegin.o
                                         0x44 (size before relaxing)
 .comment       0x0000000000000043       0x44 ./Core/Src/DHT.o
 .comment       0x0000000000000043       0x44 ./Core/Src/SSD1306.o
 .comment       0x0000000000000043       0x44 ./Core/Src/SX1278.o
 .comment       0x0000000000000043       0x44 ./Core/Src/SX1278_hw.o
 .comment       0x0000000000000043       0x44 ./Core/Src/SX1278_if.o
 .comment       0x0000000000000043       0x44 ./Core/Src/UserInterface.o
 .comment       0x0000000000000043       0x44 ./Core/Src/aes.o
 .comment       0x0000000000000043       0x44 ./Core/Src/fonts.o
 .comment       0x0000000000000043       0x44 ./Core/Src/function.o
 .comment       0x0000000000000043       0x44 ./Core/Src/main.o
 .comment       0x0000000000000043       0x44 ./Core/Src/stm32f1xx_hal_msp.o
 .comment       0x0000000000000043       0x44 ./Core/Src/stm32f1xx_it.o
 .comment       0x0000000000000043       0x44 ./Core/Src/sysmem.o
 .comment       0x0000000000000043       0x44 ./Core/Src/system_stm32f1xx.o
 .comment       0x0000000000000043       0x44 ./Drivers/STM32F1xx_HAL_Driver/Src/stm32f1xx_hal.o
 .comment       0x0000000000000043       0x44 ./Drivers/STM32F1xx_HAL_Driver/Src/stm32f1xx_hal_adc.o
 .comment       0x0000000000000043       0x44 ./Drivers/STM32F1xx_HAL_Driver/Src/stm32f1xx_hal_cortex.o
 .comment       0x0000000000000043       0x44 ./Drivers/STM32F1xx_HAL_Driver/Src/stm32f1xx_hal_flash.o
 .comment       0x0000000000000043       0x44 ./Drivers/STM32F1xx_HAL_Driver/Src/stm32f1xx_hal_flash_ex.o
 .comment       0x0000000000000043       0x44 ./Drivers/STM32F1xx_HAL_Driver/Src/stm32f1xx_hal_gpio.o
 .comment       0x0000000000000043       0x44 ./Drivers/STM32F1xx_HAL_Driver/Src/stm32f1xx_hal_i2c.o
 .comment       0x0000000000000043       0x44 ./Drivers/STM32F1xx_HAL_Driver/Src/stm32f1xx_hal_rcc.o
 .comment       0x0000000000000043       0x44 ./Drivers/STM32F1xx_HAL_Driver/Src/stm32f1xx_hal_rcc_ex.o
 .comment       0x0000000000000043       0x44 ./Drivers/STM32F1xx_HAL_Driver/Src/stm32f1xx_hal_spi.o
 .comment       0x0000000000000043       0x44 ./Drivers/STM32F1xx_HAL_Driver/Src/stm32f1xx_hal_tim.o
 .comment       0x0000000000000043       0x44 ./Drivers/STM32F1xx_HAL_Driver/Src/stm32f1xx_hal_tim_ex.o

.debug_info     0x0000000000000000    0x13a11
 .debug_info    0x0000000000000000      0x8bf ./Core/Src/DHT.o
 .debug_info    0x00000000000008bf     0x1028 ./Core/Src/SSD1306.o
 .debug_info    0x00000000000018e7      0x940 ./Core/Src/SX1278.o
 .debug_info    0x0000000000002227      0x919 ./Core/Src/SX1278_hw.o
 .debug_info    0x0000000000002b40      0xdb4 ./Core/Src/SX1278_if.o
 .debug_info    0x00000000000038f4      0x425 ./Core/Src/UserInterface.o
 .debug_info    0x0000000000003d19      0x4bb ./Core/Src/aes.o
 .debug_info    0x00000000000041d4      0x255 ./Core/Src/fonts.o
 .debug_info    0x0000000000004429      0x767 ./Core/Src/function.o
 .debug_info    0x0000000000004b90     0x19bc ./Core/Src/main.o
 .debug_info    0x000000000000654c     0x13f2 ./Core/Src/stm32f1xx_hal_msp.o
 .debug_info    0x000000000000793e      0x9ae ./Core/Src/stm32f1xx_it.o
 .debug_info    0x00000000000082ec      0x168 ./Core/Src/sysmem.o
 .debug_info    0x0000000000008454      0x222 ./Core/Src/system_stm32f1xx.o
 .debug_info    0x0000000000008676       0x23 ./Core/Startup/startup_stm32f103c8tx.o
 .debug_info    0x0000000000008699      0x704 ./Drivers/STM32F1xx_HAL_Driver/Src/stm32f1xx_hal.o
 .debug_info    0x0000000000008d9d      0xc50 ./Drivers/STM32F1xx_HAL_Driver/Src/stm32f1xx_hal_adc.o
 .debug_info    0x00000000000099ed      0xa87 ./Drivers/STM32F1xx_HAL_Driver/Src/stm32f1xx_hal_cortex.o
 .debug_info    0x000000000000a474      0x4f8 ./Drivers/STM32F1xx_HAL_Driver/Src/stm32f1xx_hal_flash.o
 .debug_info    0x000000000000a96c      0x777 ./Drivers/STM32F1xx_HAL_Driver/Src/stm32f1xx_hal_flash_ex.o
 .debug_info    0x000000000000b0e3      0x5ab ./Drivers/STM32F1xx_HAL_Driver/Src/stm32f1xx_hal_gpio.o
 .debug_info    0x000000000000b68e     0x2515 ./Drivers/STM32F1xx_HAL_Driver/Src/stm32f1xx_hal_i2c.o
 .debug_info    0x000000000000dba3      0x7d5 ./Drivers/STM32F1xx_HAL_Driver/Src/stm32f1xx_hal_rcc.o
 .debug_info    0x000000000000e378      0x3c0 ./Drivers/STM32F1xx_HAL_Driver/Src/stm32f1xx_hal_rcc_ex.o
 .debug_info    0x000000000000e738     0x1503 ./Drivers/STM32F1xx_HAL_Driver/Src/stm32f1xx_hal_spi.o
 .debug_info    0x000000000000fc3b     0x293b ./Drivers/STM32F1xx_HAL_Driver/Src/stm32f1xx_hal_tim.o
 .debug_info    0x0000000000012576     0x149b ./Drivers/STM32F1xx_HAL_Driver/Src/stm32f1xx_hal_tim_ex.o

.debug_abbrev   0x0000000000000000     0x387a
 .debug_abbrev  0x0000000000000000      0x223 ./Core/Src/DHT.o
 .debug_abbrev  0x0000000000000223      0x30d ./Core/Src/SSD1306.o
 .debug_abbrev  0x0000000000000530      0x222 ./Core/Src/SX1278.o
 .debug_abbrev  0x0000000000000752      0x209 ./Core/Src/SX1278_hw.o
 .debug_abbrev  0x000000000000095b      0x2e8 ./Core/Src/SX1278_if.o
 .debug_abbrev  0x0000000000000c43      0x195 ./Core/Src/UserInterface.o
 .debug_abbrev  0x0000000000000dd8      0x1fe ./Core/Src/aes.o
 .debug_abbrev  0x0000000000000fd6      0x11c ./Core/Src/fonts.o
 .debug_abbrev  0x00000000000010f2      0x23c ./Core/Src/function.o
 .debug_abbrev  0x000000000000132e      0x349 ./Core/Src/main.o
 .debug_abbrev  0x0000000000001677      0x21e ./Core/Src/stm32f1xx_hal_msp.o
 .debug_abbrev  0x0000000000001895      0x1fe ./Core/Src/stm32f1xx_it.o
 .debug_abbrev  0x0000000000001a93       0xbc ./Core/Src/sysmem.o
 .debug_abbrev  0x0000000000001b4f      0x13f ./Core/Src/system_stm32f1xx.o
 .debug_abbrev  0x0000000000001c8e       0x12 ./Core/Startup/startup_stm32f103c8tx.o
 .debug_abbrev  0x0000000000001ca0      0x201 ./Drivers/STM32F1xx_HAL_Driver/Src/stm32f1xx_hal.o
 .debug_abbrev  0x0000000000001ea1      0x225 ./Drivers/STM32F1xx_HAL_Driver/Src/stm32f1xx_hal_adc.o
 .debug_abbrev  0x00000000000020c6      0x2f8 ./Drivers/STM32F1xx_HAL_Driver/Src/stm32f1xx_hal_cortex.o
 .debug_abbrev  0x00000000000023be      0x250 ./Drivers/STM32F1xx_HAL_Driver/Src/stm32f1xx_hal_flash.o
 .debug_abbrev  0x000000000000260e      0x247 ./Drivers/STM32F1xx_HAL_Driver/Src/stm32f1xx_hal_flash_ex.o
 .debug_abbrev  0x0000000000002855      0x1ca ./Drivers/STM32F1xx_HAL_Driver/Src/stm32f1xx_hal_gpio.o
 .debug_abbrev  0x0000000000002a1f      0x2a3 ./Drivers/STM32F1xx_HAL_Driver/Src/stm32f1xx_hal_i2c.o
 .debug_abbrev  0x0000000000002cc2      0x2b3 ./Drivers/STM32F1xx_HAL_Driver/Src/stm32f1xx_hal_rcc.o
 .debug_abbrev  0x0000000000002f75      0x188 ./Drivers/STM32F1xx_HAL_Driver/Src/stm32f1xx_hal_rcc_ex.o
 .debug_abbrev  0x00000000000030fd      0x284 ./Drivers/STM32F1xx_HAL_Driver/Src/stm32f1xx_hal_spi.o
 .debug_abbrev  0x0000000000003381      0x277 ./Drivers/STM32F1xx_HAL_Driver/Src/stm32f1xx_hal_tim.o
 .debug_abbrev  0x00000000000035f8      0x282 ./Drivers/STM32F1xx_HAL_Driver/Src/stm32f1xx_hal_tim_ex.o

.debug_aranges  0x0000000000000000     0x13e8
 .debug_aranges
                0x0000000000000000       0x30 ./Core/Src/DHT.o
 .debug_aranges
                0x0000000000000030       0xf8 ./Core/Src/SSD1306.o
 .debug_aranges
                0x0000000000000128       0xb8 ./Core/Src/SX1278.o
 .debug_aranges
                0x00000000000001e0       0x50 ./Core/Src/SX1278_hw.o
 .debug_aranges
                0x0000000000000230       0x38 ./Core/Src/SX1278_if.o
 .debug_aranges
                0x0000000000000268       0x30 ./Core/Src/UserInterface.o
 .debug_aranges
                0x0000000000000298       0x70 ./Core/Src/aes.o
 .debug_aranges
                0x0000000000000308       0x20 ./Core/Src/fonts.o
 .debug_aranges
                0x0000000000000328       0x50 ./Core/Src/function.o
 .debug_aranges
                0x0000000000000378       0x70 ./Core/Src/main.o
 .debug_aranges
                0x00000000000003e8       0x60 ./Core/Src/stm32f1xx_hal_msp.o
 .debug_aranges
                0x0000000000000448       0x78 ./Core/Src/stm32f1xx_it.o
 .debug_aranges
                0x00000000000004c0       0x20 ./Core/Src/sysmem.o
 .debug_aranges
                0x00000000000004e0       0x28 ./Core/Src/system_stm32f1xx.o
 .debug_aranges
                0x0000000000000508       0x28 ./Core/Startup/startup_stm32f103c8tx.o
 .debug_aranges
                0x0000000000000530       0xe0 ./Drivers/STM32F1xx_HAL_Driver/Src/stm32f1xx_hal.o
 .debug_aranges
                0x0000000000000610       0xf0 ./Drivers/STM32F1xx_HAL_Driver/Src/stm32f1xx_hal_adc.o
 .debug_aranges
                0x0000000000000700      0x100 ./Drivers/STM32F1xx_HAL_Driver/Src/stm32f1xx_hal_cortex.o
 .debug_aranges
                0x0000000000000800       0x88 ./Drivers/STM32F1xx_HAL_Driver/Src/stm32f1xx_hal_flash.o
 .debug_aranges
                0x0000000000000888       0x98 ./Drivers/STM32F1xx_HAL_Driver/Src/stm32f1xx_hal_flash_ex.o
 .debug_aranges
                0x0000000000000920       0x58 ./Drivers/STM32F1xx_HAL_Driver/Src/stm32f1xx_hal_gpio.o
 .debug_aranges
                0x0000000000000978      0x2a8 ./Drivers/STM32F1xx_HAL_Driver/Src/stm32f1xx_hal_i2c.o
 .debug_aranges
                0x0000000000000c20       0x90 ./Drivers/STM32F1xx_HAL_Driver/Src/stm32f1xx_hal_rcc.o
 .debug_aranges
                0x0000000000000cb0       0x30 ./Drivers/STM32F1xx_HAL_Driver/Src/stm32f1xx_hal_rcc_ex.o
 .debug_aranges
                0x0000000000000ce0      0x1d0 ./Drivers/STM32F1xx_HAL_Driver/Src/stm32f1xx_hal_spi.o
 .debug_aranges
                0x0000000000000eb0      0x3d0 ./Drivers/STM32F1xx_HAL_Driver/Src/stm32f1xx_hal_tim.o
 .debug_aranges
                0x0000000000001280      0x168 ./Drivers/STM32F1xx_HAL_Driver/Src/stm32f1xx_hal_tim_ex.o

.debug_rnglists
                0x0000000000000000      0xf68
 .debug_rnglists
                0x0000000000000000       0x21 ./Core/Src/DHT.o
 .debug_rnglists
                0x0000000000000021       0xc2 ./Core/Src/SSD1306.o
 .debug_rnglists
                0x00000000000000e3       0x89 ./Core/Src/SX1278.o
 .debug_rnglists
                0x000000000000016c       0x37 ./Core/Src/SX1278_hw.o
 .debug_rnglists
                0x00000000000001a3       0x29 ./Core/Src/SX1278_if.o
 .debug_rnglists
                0x00000000000001cc       0x22 ./Core/Src/UserInterface.o
 .debug_rnglists
                0x00000000000001ee       0x53 ./Core/Src/aes.o
 .debug_rnglists
                0x0000000000000241       0x13 ./Core/Src/fonts.o
 .debug_rnglists
                0x0000000000000254       0x39 ./Core/Src/function.o
 .debug_rnglists
                0x000000000000028d       0x53 ./Core/Src/main.o
 .debug_rnglists
                0x00000000000002e0       0x44 ./Core/Src/stm32f1xx_hal_msp.o
 .debug_rnglists
                0x0000000000000324       0x55 ./Core/Src/stm32f1xx_it.o
 .debug_rnglists
                0x0000000000000379       0x13 ./Core/Src/sysmem.o
 .debug_rnglists
                0x000000000000038c       0x1a ./Core/Src/system_stm32f1xx.o
 .debug_rnglists
                0x00000000000003a6       0x19 ./Core/Startup/startup_stm32f103c8tx.o
 .debug_rnglists
                0x00000000000003bf       0xa3 ./Drivers/STM32F1xx_HAL_Driver/Src/stm32f1xx_hal.o
 .debug_rnglists
                0x0000000000000462       0xbc ./Drivers/STM32F1xx_HAL_Driver/Src/stm32f1xx_hal_adc.o
 .debug_rnglists
                0x000000000000051e       0xbb ./Drivers/STM32F1xx_HAL_Driver/Src/stm32f1xx_hal_cortex.o
 .debug_rnglists
                0x00000000000005d9       0x66 ./Drivers/STM32F1xx_HAL_Driver/Src/stm32f1xx_hal_flash.o
 .debug_rnglists
                0x000000000000063f       0x74 ./Drivers/STM32F1xx_HAL_Driver/Src/stm32f1xx_hal_flash_ex.o
 .debug_rnglists
                0x00000000000006b3       0x3f ./Drivers/STM32F1xx_HAL_Driver/Src/stm32f1xx_hal_gpio.o
 .debug_rnglists
                0x00000000000006f2      0x23c ./Drivers/STM32F1xx_HAL_Driver/Src/stm32f1xx_hal_i2c.o
 .debug_rnglists
                0x000000000000092e       0x6c ./Drivers/STM32F1xx_HAL_Driver/Src/stm32f1xx_hal_rcc.o
 .debug_rnglists
                0x000000000000099a       0x21 ./Drivers/STM32F1xx_HAL_Driver/Src/stm32f1xx_hal_rcc_ex.o
 .debug_rnglists
                0x00000000000009bb      0x16e ./Drivers/STM32F1xx_HAL_Driver/Src/stm32f1xx_hal_spi.o
 .debug_rnglists
                0x0000000000000b29      0x31a ./Drivers/STM32F1xx_HAL_Driver/Src/stm32f1xx_hal_tim.o
 .debug_rnglists
                0x0000000000000e43      0x125 ./Drivers/STM32F1xx_HAL_Driver/Src/stm32f1xx_hal_tim_ex.o

.debug_macro    0x0000000000000000    0x1aa37
 .debug_macro   0x0000000000000000      0x234 ./Core/Src/DHT.o
 .debug_macro   0x0000000000000234      0xa9c ./Core/Src/DHT.o
 .debug_macro   0x0000000000000cd0      0x22d ./Core/Src/DHT.o
 .debug_macro   0x0000000000000efd       0x2e ./Core/Src/DHT.o
 .debug_macro   0x0000000000000f2b       0x22 ./Core/Src/DHT.o
 .debug_macro   0x0000000000000f4d       0x22 ./Core/Src/DHT.o
 .debug_macro   0x0000000000000f6f       0x8e ./Core/Src/DHT.o
 .debug_macro   0x0000000000000ffd       0x51 ./Core/Src/DHT.o
 .debug_macro   0x000000000000104e      0x103 ./Core/Src/DHT.o
 .debug_macro   0x0000000000001151       0x6a ./Core/Src/DHT.o
 .debug_macro   0x00000000000011bb      0x1df ./Core/Src/DHT.o
 .debug_macro   0x000000000000139a       0x1c ./Core/Src/DHT.o
 .debug_macro   0x00000000000013b6       0x22 ./Core/Src/DHT.o
 .debug_macro   0x00000000000013d8       0xbd ./Core/Src/DHT.o
 .debug_macro   0x0000000000001495      0xd23 ./Core/Src/DHT.o
 .debug_macro   0x00000000000021b8     0xe09e ./Core/Src/DHT.o
 .debug_macro   0x0000000000010256       0x6d ./Core/Src/DHT.o
 .debug_macro   0x00000000000102c3     0x348d ./Core/Src/DHT.o
 .debug_macro   0x0000000000013750      0x174 ./Core/Src/DHT.o
 .debug_macro   0x00000000000138c4       0x5c ./Core/Src/DHT.o
 .debug_macro   0x0000000000013920      0x5bc ./Core/Src/DHT.o
 .debug_macro   0x0000000000013edc      0x289 ./Core/Src/DHT.o
 .debug_macro   0x0000000000014165      0x1cb ./Core/Src/DHT.o
 .debug_macro   0x0000000000014330      0x114 ./Core/Src/DHT.o
 .debug_macro   0x0000000000014444      0x1b2 ./Core/Src/DHT.o
 .debug_macro   0x00000000000145f6       0x27 ./Core/Src/DHT.o
 .debug_macro   0x000000000001461d      0x136 ./Core/Src/DHT.o
 .debug_macro   0x0000000000014753      0x1bc ./Core/Src/DHT.o
 .debug_macro   0x000000000001490f       0x34 ./Core/Src/DHT.o
 .debug_macro   0x0000000000014943       0x3c ./Core/Src/DHT.o
 .debug_macro   0x000000000001497f       0x57 ./Core/Src/DHT.o
 .debug_macro   0x00000000000149d6      0x46a ./Core/Src/DHT.o
 .debug_macro   0x0000000000014e40      0x1b5 ./Core/Src/DHT.o
 .debug_macro   0x0000000000014ff5       0x87 ./Core/Src/DHT.o
 .debug_macro   0x000000000001507c      0x240 ./Core/Src/DHT.o