Archive member included to satisfy reference by file (symbol)

C:/ST/STM32CubeIDE_1.14.1/STM32CubeIDE/plugins/com.st.stm32cube.ide.mcu.externaltools.gnu-tools-for-stm32.11.3.rel1.win32_1.1.100.202309141235/tools/bin/../lib/gcc/arm-none-eabi/11.3.1/../../../../arm-none-eabi/lib/thumb/v7-m/nofp\libc_nano.a(libc_a-assert.o)
                              ./Core/Src/sht3x.o (__assert_func)
C:/ST/STM32CubeIDE_1.14.1/STM32CubeIDE/plugins/com.st.stm32cube.ide.mcu.externaltools.gnu-tools-for-stm32.11.3.rel1.win32_1.1.100.202309141235/tools/bin/../lib/gcc/arm-none-eabi/11.3.1/../../../../arm-none-eabi/lib/thumb/v7-m/nofp\libc_nano.a(libc_a-exit.o)
                              C:/ST/STM32CubeIDE_1.14.1/STM32CubeIDE/plugins/com.st.stm32cube.ide.mcu.externaltools.gnu-tools-for-stm32.11.3.rel1.win32_1.1.100.202309141235/tools/bin/../lib/gcc/arm-none-eabi/11.3.1/../../../../arm-none-eabi/lib/thumb/v7-m/nofp/crt0.o (exit)
C:/ST/STM32CubeIDE_1.14.1/STM32CubeIDE/plugins/com.st.stm32cube.ide.mcu.externaltools.gnu-tools-for-stm32.11.3.rel1.win32_1.1.100.202309141235/tools/bin/../lib/gcc/arm-none-eabi/11.3.1/../../../../arm-none-eabi/lib/thumb/v7-m/nofp\libc_nano.a(libc_a-findfp.o)
                              C:/ST/STM32CubeIDE_1.14.1/STM32CubeIDE/plugins/com.st.stm32cube.ide.mcu.externaltools.gnu-tools-for-stm32.11.3.rel1.win32_1.1.100.202309141235/tools/bin/../lib/gcc/arm-none-eabi/11.3.1/../../../../arm-none-eabi/lib/thumb/v7-m/nofp\libc_nano.a(libc_a-exit.o) (__stdio_exit_handler)
C:/ST/STM32CubeIDE_1.14.1/STM32CubeIDE/plugins/com.st.stm32cube.ide.mcu.externaltools.gnu-tools-for-stm32.11.3.rel1.win32_1.1.100.202309141235/tools/bin/../lib/gcc/arm-none-eabi/11.3.1/../../../../arm-none-eabi/lib/thumb/v7-m/nofp\libc_nano.a(libc_a-fprintf.o)
                              C:/ST/STM32CubeIDE_1.14.1/STM32CubeIDE/plugins/com.st.stm32cube.ide.mcu.externaltools.gnu-tools-for-stm32.11.3.rel1.win32_1.1.100.202309141235/tools/bin/../lib/gcc/arm-none-eabi/11.3.1/../../../../arm-none-eabi/lib/thumb/v7-m/nofp\libc_nano.a(libc_a-assert.o) (fiprintf)
C:/ST/STM32CubeIDE_1.14.1/STM32CubeIDE/plugins/com.st.stm32cube.ide.mcu.externaltools.gnu-tools-for-stm32.11.3.rel1.win32_1.1.100.202309141235/tools/bin/../lib/gcc/arm-none-eabi/11.3.1/../../../../arm-none-eabi/lib/thumb/v7-m/nofp\libc_nano.a(libc_a-fwalk.o)
                              C:/ST/STM32CubeIDE_1.14.1/STM32CubeIDE/plugins/com.st.stm32cube.ide.mcu.externaltools.gnu-tools-for-stm32.11.3.rel1.win32_1.1.100.202309141235/tools/bin/../lib/gcc/arm-none-eabi/11.3.1/../../../../arm-none-eabi/lib/thumb/v7-m/nofp\libc_nano.a(libc_a-findfp.o) (_fwalk_sglue)
C:/ST/STM32CubeIDE_1.14.1/STM32CubeIDE/plugins/com.st.stm32cube.ide.mcu.externaltools.gnu-tools-for-stm32.11.3.rel1.win32_1.1.100.202309141235/tools/bin/../lib/gcc/arm-none-eabi/11.3.1/../../../../arm-none-eabi/lib/thumb/v7-m/nofp\libc_nano.a(libc_a-snprintf.o)
                              ./Core/Src/UserInterface.o (snprintf)
C:/ST/STM32CubeIDE_1.14.1/STM32CubeIDE/plugins/com.st.stm32cube.ide.mcu.externaltools.gnu-tools-for-stm32.11.3.rel1.win32_1.1.100.202309141235/tools/bin/../lib/gcc/arm-none-eabi/11.3.1/../../../../arm-none-eabi/lib/thumb/v7-m/nofp\libc_nano.a(libc_a-sprintf.o)
                              ./Core/Src/UserInterface.o (sprintf)
C:/ST/STM32CubeIDE_1.14.1/STM32CubeIDE/plugins/com.st.stm32cube.ide.mcu.externaltools.gnu-tools-for-stm32.11.3.rel1.win32_1.1.100.202309141235/tools/bin/../lib/gcc/arm-none-eabi/11.3.1/../../../../arm-none-eabi/lib/thumb/v7-m/nofp\libc_nano.a(libc_a-stdio.o)
                              C:/ST/STM32CubeIDE_1.14.1/STM32CubeIDE/plugins/com.st.stm32cube.ide.mcu.externaltools.gnu-tools-for-stm32.11.3.rel1.win32_1.1.100.202309141235/tools/bin/../lib/gcc/arm-none-eabi/11.3.1/../../../../arm-none-eabi/lib/thumb/v7-m/nofp\libc_nano.a(libc_a-findfp.o) (__sread)
C:/ST/STM32CubeIDE_1.14.1/STM32CubeIDE/plugins/com.st.stm32cube.ide.mcu.externaltools.gnu-tools-for-stm32.11.3.rel1.win32_1.1.100.202309141235/tools/bin/../lib/gcc/arm-none-eabi/11.3.1/../../../../arm-none-eabi/lib/thumb/v7-m/nofp\libc_nano.a(libc_a-memset.o)
                              C:/ST/STM32CubeIDE_1.14.1/STM32CubeIDE/plugins/com.st.stm32cube.ide.mcu.externaltools.gnu-tools-for-stm32.11.3.rel1.win32_1.1.100.202309141235/tools/bin/../lib/gcc/arm-none-eabi/11.3.1/../../../../arm-none-eabi/lib/thumb/v7-m/nofp/crt0.o (memset)
C:/ST/STM32CubeIDE_1.14.1/STM32CubeIDE/plugins/com.st.stm32cube.ide.mcu.externaltools.gnu-tools-for-stm32.11.3.rel1.win32_1.1.100.202309141235/tools/bin/../lib/gcc/arm-none-eabi/11.3.1/../../../../arm-none-eabi/lib/thumb/v7-m/nofp\libc_nano.a(libc_a-closer.o)
                              C:/ST/STM32CubeIDE_1.14.1/STM32CubeIDE/plugins/com.st.stm32cube.ide.mcu.externaltools.gnu-tools-for-stm32.11.3.rel1.win32_1.1.100.202309141235/tools/bin/../lib/gcc/arm-none-eabi/11.3.1/../../../../arm-none-eabi/lib/thumb/v7-m/nofp\libc_nano.a(libc_a-stdio.o) (_close_r)
[...]
Memory Configuration

Name             Origin             Length             Attributes
RAM              0x0000000020000000 0x0000000000005000 xrw
FLASH            0x0000000008005000 0x000000000000b000 xr
*default*        0x0000000000000000 0xffffffffffffffff

Linker script and memory map

LOAD C:/ST/STM32CubeIDE_1.14.1/STM32CubeIDE/plugins/com.st.stm32cube.ide.mcu.externaltools.gnu-tools-for-stm32.11.3.rel1.win32_1.1.100.202309141235/tools/bin/../lib/gcc/arm-none-eabi/11.3.1/thumb/v7-m/nofp/crti.o
LOAD C:/ST/STM32CubeIDE_1.14.1/STM32CubeIDE/plugins/com.st.stm32cube.ide.mcu.externaltools.gnu-tools-for-stm32.11.3.rel1.win32_1.1.100.202309141235/tools/bin/../lib/gcc/arm-none-eabi/11.3.1/thumb/v7-m/nofp/crtbegin.o
LOAD C:/ST/STM32CubeIDE_1.14.1/STM32CubeIDE/plugins/com.st.stm32cube.ide.mcu.externaltools.gnu-tools-for-stm32.11.3.rel1.win32_1.1.100.202309141235/tools/bin/../lib/gcc/arm-none-eabi/11.3.1/../../../../arm-none-eabi/lib/thumb/v7-m/nofp/crt0.o
LOAD ./Core/Src/SSD1306.o
LOAD ./Core/Src/SX1278.o
LOAD ./Core/Src/SX1278_hw.o
LOAD ./Core/Src/SX1278_if.o
LOAD ./Core/Src/UserInterface.o
LOAD ./Core/Src/aes.o
LOAD ./Core/Src/fonts.o
LOAD ./Core/Src/function.o
LOAD ./Core/Src/main.o
LOAD ./Core/Src/operation.o
LOAD ./Core/Src/sht3x.o
LOAD ./Core/Src/stm32f1xx_hal_msp.o
LOAD ./Core/Src/stm32f1xx_it.o
LOAD ./Core/Src/syscalls.o
LOAD ./Core/Src/sysmem.o
LOAD ./Core/Src/system_stm32f1xx.o
LOAD ./Core/Src/test.o
LOAD ./Core/Startup/startup_stm32f103c8tx.o
LOAD ./Drivers/STM32F1xx_HAL_Driver/Src/stm32f1xx_hal.o
LOAD ./Drivers/STM32F1xx_HAL_Driver/Src/stm32f1xx_hal_adc.o
LOAD ./Drivers/STM32F1xx_HAL_Driver/Src/stm32f1xx_hal_adc_ex.o
LOAD ./Drivers/STM32F1xx_HAL_Driver/Src/stm32f1xx_hal_cortex.o
LOAD ./Drivers/STM32F1xx_HAL_Driver/Src/stm32f1xx_hal_dma.o
LOAD ./Drivers/STM32F1xx_HAL_Driver/Src/stm32f1xx_hal_exti.o
LOAD ./Drivers/STM32F1xx_HAL_Driver/Src/stm32f1xx_hal_flash.o
LOAD ./Drivers/STM32F1xx_HAL_Driver/Src/stm32f1xx_hal_flash_ex.o
LOAD ./Drivers/STM32F1xx_HAL_Driver/Src/stm32f1xx_hal_gpio.o
LOAD ./Drivers/STM32F1xx_HAL_Driver/Src/stm32f1xx_hal_gpio_ex.o
LOAD ./Drivers/STM32F1xx_HAL_Driver/Src/stm32f1xx_hal_i2c.o
LOAD ./Drivers/STM32F1xx_HAL_Driver/Src/stm32f1xx_hal_iwdg.o
LOAD ./Drivers/STM32F1xx_HAL_Driver/Src/stm32f1xx_hal_pwr.o
LOAD ./Drivers/STM32F1xx_HAL_Driver/Src/stm32f1xx_hal_rcc.o
LOAD ./Drivers/STM32F1xx_HAL_Driver/Src/stm32f1xx_hal_rcc_ex.o
LOAD ./Drivers/STM32F1xx_HAL_Driver/Src/stm32f1xx_hal_spi.o
LOAD ./Drivers/STM32F1xx_HAL_Driver/Src/stm32f1xx_hal_tim.o
LOAD ./Drivers/STM32F1xx_HAL_Driver/Src/stm32f1xx_hal_tim_ex.o
START GROUP
LOAD C:/ST/STM32CubeIDE_1.14.1/STM32CubeIDE/plugins/com.st.stm32cube.ide.mcu.externaltools.gnu-tools-for-stm32.11.3.rel1.win32_1.1.100.202309141235/tools/bin/../lib/gcc/arm-none-eabi/11.3.1/../../../../arm-none-eabi/lib/thumb/v7-m/nofp\libc_nano.a
LOAD C:/ST/STM32CubeIDE_1.14.1/STM32CubeIDE/plugins/com.st.stm32cube.ide.mcu.externaltools.gnu-tools-for-stm32.11.3.rel1.win32_1.1.100.202309141235/tools/bin/../lib/gcc/arm-none-eabi/11.3.1/../../../../arm-none-eabi/lib/thumb/v7-m/nofp\libm.a
END GROUP
START GROUP
LOAD C:/ST/STM32CubeIDE_1.14.1/STM32CubeIDE/plugins/com.st.stm32cube.ide.mcu.externaltools.gnu-tools-for-stm32.11.3.rel1.win32_1.1.100.202309141235/tools/bin/../lib/gcc/arm-none-eabi/11.3.1/thumb/v7-m/nofp\libgcc.a
LOAD C:/ST/STM32CubeIDE_1.14.1/STM32CubeIDE/plugins/com.st.stm32cube.ide.mcu.externaltools.gnu-tools-for-stm32.11.3.rel1.win32_1.1.100.202309141235/tools/bin/../lib/gcc/arm-none-eabi/11.3.1/../../../../arm-none-eabi/lib/thumb/v7-m/nofp\libc_nano.a
END GROUP
START GROUP
LOAD C:/ST/STM32CubeIDE_1.14.1/STM32CubeIDE/plugins/com.st.stm32cube.ide.mcu.externaltools.gnu-tools-for-stm32.11.3.rel1.win32_1.1.100.202309141235/tools/bin/../lib/gcc/arm-none-eabi/11.3.1/thumb/v7-m/nofp\libgcc.a
LOAD C:/ST/STM32CubeIDE_1.14.1/STM32CubeIDE/plugins/com.st.stm32cube.ide.mcu.externaltools.gnu-tools-for-stm32.11.3.rel1.win32_1.1.100.202309141235/tools/bin/../lib/gcc/arm-none-eabi/11.3.1/../../../../arm-none-eabi/lib/thumb/v7-m/nofp\libc_nano.a
LOAD C:/ST/STM32CubeIDE_1.14.1/STM32CubeIDE/plugins/com.st.stm32cube.ide.mcu.externaltools.gnu-tools-for-stm32.11.3.rel1.win32_1.1.100.202309141235/tools/bin/../lib/gcc/arm-none-eabi/11.3.1/../../../../arm-none-eabi/lib/thumb/v7-m/nofp\libnosys.a
END GROUP
START GROUP
LOAD C:/ST/STM32CubeIDE_1.14.1/STM32CubeIDE/plugins/com.st.stm32cube.ide.mcu.externaltools.gnu-tools-for-stm32.11.3.rel1.win32_1.1.100.202309141235/tools/bin/../lib/gcc/arm-none-eabi/11.3.1/thumb/v7-m/nofp\libgcc.a
LOAD C:/ST/STM32CubeIDE_1.14.1/STM32CubeIDE/plugins/com.st.stm32cube.ide.mcu.externaltools.gnu-tools-for-stm32.11.3.rel1.win32_1.1.100.202309141235/tools/bin/../lib/gcc/arm-none-eabi/11.3.1/../../../../arm-none-eabi/lib/thumb/v7-m/nofp\libc_nano.a
LOAD C:/ST/STM32CubeIDE_1.14.1/STM32CubeIDE/plugins/com.st.stm32cube.ide.mcu.externaltools.gnu-tools-for-stm32.11.3.rel1.win32_1.1.100.202309141235/tools/bin/../lib/gcc/arm-none-eabi/11.3.1/../../../../arm-none-eabi/lib/thumb/v7-m/nofp\libnosys.a
END GROUP
LOAD C:/ST/STM32CubeIDE_1.14.1/STM32CubeIDE/plugins/com.st.stm32cube.ide.mcu.externaltools.gnu-tools-for-stm32.11.3.rel1.win32_1.1.100.202309141235/tools/bin/../lib/gcc/arm-none-eabi/11.3.1/thumb/v7-m/nofp/crtend.o
LOAD C:/ST/STM32CubeIDE_1.14.1/STM32CubeIDE/plugins/com.st.stm32cube.ide.mcu.externaltools.gnu-tools-for-stm32.11.3.rel1.win32_1.1.100.202309141235/tools/bin/../lib/gcc/arm-none-eabi/11.3.1/thumb/v7-m/nofp/crtn.o
                0x0000000020005000                _estack = (ORIGIN (RAM) + LENGTH (RAM))
                0x0000000000000200                _Min_Heap_Size = 0x200
                0x0000000000000400                _Min_Stack_Size = 0x400

.isr_vector     0x0000000008005000      0x10c
                0x0000000008005000                . = ALIGN (0x4)
 *(.isr_vector)
 .isr_vector    0x0000000008005000      0x10c ./Core/Startup/startup_stm32f103c8tx.o
                0x0000000008005000                g_pfnVectors
                0x000000000800510c                . = ALIGN (0x4)

.text           0x0000000008005110     0x8764
                0x0000000008005110                . = ALIGN (0x4)
 *(.text)
 .text          0x0000000008005110       0x40 C:/ST/STM32CubeIDE_1.14.1/STM32CubeIDE/plugins/com.st.stm32cube.ide.mcu.externaltools.gnu-tools-for-stm32.11.3.rel1.win32_1.1.100.202309141235/tools/bin/../lib/gcc/arm-none-eabi/11.3.1/thumb/v7-m/nofp/crtbegin.o
 .text          0x0000000008005150      0x21c C:/ST/STM32CubeIDE_1.14.1/STM32CubeIDE/plugins/com.st.stm32cube.ide.mcu.externaltools.gnu-tools-for-stm32.11.3.rel1.win32_1.1.100.202309141235/tools/bin/../lib/gcc/arm-none-eabi/11.3.1/thumb/v7-m/nofp\libgcc.a(_arm_addsubsf3.o)
                0x0000000008005150                __aeabi_frsub
                0x0000000008005158                __subsf3
                0x0000000008005158                __aeabi_fsub
                0x000000000800515c                __aeabi_fadd
                0x000000000800515c                __addsf3
                0x00000000080052bc                __aeabi_ui2f
                0x00000000080052bc                __floatunsisf
                0x00000000080052c4                __aeabi_i2f
                0x00000000080052c4                __floatsisf
                0x00000000080052e0                __aeabi_ul2f
                0x00000000080052e0                __floatundisf
                0x00000000080052f0                __aeabi_l2f
                0x00000000080052f0                __floatdisf
 .text          0x000000000800536c      0x2a0 C:/ST/STM32CubeIDE_1.14.1/STM32CubeIDE/plugins/com.st.stm32cube.ide.mcu.externaltools.gnu-tools-for-stm32.11.3.rel1.win32_1.1.100.202309141235/tools/bin/../lib/gcc/arm-none-eabi/11.3.1/thumb/v7-m/nofp\libgcc.a(_arm_muldivsf3.o)
                0x000000000800536c                __mulsf3
                0x000000000800536c                __aeabi_fmul
                0x00000000080054d4                __aeabi_fdiv
                0x00000000080054d4                __divsf3
 .text          0x000000000800560c       0x4c C:/ST/STM32CubeIDE_1.14.1/STM32CubeIDE/plugins/com.st.stm32cube.ide.mcu.externaltools.gnu-tools-for-stm32.11.3.rel1.win32_1.1.100.202309141235/tools/bin/../lib/gcc/arm-none-eabi/11.3.1/thumb/v7-m/nofp\libgcc.a(_arm_fixsfsi.o)
                0x000000000800560c                __aeabi_f2iz
                0x000000000800560c                __fixsfsi
 .text          0x0000000008005658       0x40 C:/ST/STM32CubeIDE_1.14.1/STM32CubeIDE/plugins/com.st.stm32cube.ide.mcu.externaltools.gnu-tools-for-stm32.11.3.rel1.win32_1.1.100.202309141235/tools/bin/../lib/gcc/arm-none-eabi/11.3.1/thumb/v7-m/nofp\libgcc.a(_arm_fixunssfsi.o)
                0x0000000008005658                __fixunssfsi
                0x0000000008005658                __aeabi_f2uiz
 .text          0x0000000008005698       0x30 C:/ST/STM32CubeIDE_1.14.1/STM32CubeIDE/plugins/com.st.stm32cube.ide.mcu.externaltools.gnu-tools-for-stm32.11.3.rel1.win32_1.1.100.202309141235/tools/bin/../lib/gcc/arm-none-eabi/11.3.1/thumb/v7-m/nofp\libgcc.a(_aeabi_uldivmod.o)
                0x0000000008005698                __aeabi_uldivmod
 .text          0x00000000080056c8      0x2cc C:/ST/STM32CubeIDE_1.14.1/STM32CubeIDE/plugins/com.st.stm32cube.ide.mcu.externaltools.gnu-tools-for-stm32.11.3.rel1.win32_1.1.100.202309141235/tools/bin/../lib/gcc/arm-none-eabi/11.3.1/thumb/v7-m/nofp\libgcc.a(_udivmoddi4.o)
                0x00000000080056c8                __udivmoddi4
 .text          0x0000000008005994        0x4 C:/ST/STM32CubeIDE_1.14.1/STM32CubeIDE/plugins/com.st.stm32cube.ide.mcu.externaltools.gnu-tools-for-stm32.11.3.rel1.win32_1.1.100.202309141235/tools/bin/../lib/gcc/arm-none-eabi/11.3.1/thumb/v7-m/nofp\libgcc.a(_dvmd_tls.o)
                0x0000000008005994                __aeabi_idiv0
                0x0000000008005994                __aeabi_ldiv0
 *(.text*)
 .text.SSD1306_Init
                0x0000000008005998      0x188 ./Core/Src/SSD1306.o
                0x0000000008005998                SSD1306_Init
 .text.SSD1306_UpdateScreen
                0x0000000008005b20       0x64 ./Core/Src/SSD1306.o
                0x0000000008005b20                SSD1306_UpdateScreen
 .text.SSD1306_Fill
                0x0000000008005b84       0x30 ./Core/Src/SSD1306.o
                0x0000000008005b84                SSD1306_Fill
 .text.SSD1306_DrawPixel
                0x0000000008005bb4       0xd4 ./Core/Src/SSD1306.o
                0x0000000008005bb4                SSD1306_DrawPixel
 .text.SSD1306_GotoXY
                0x0000000008005c88       0x2c ./Core/Src/SSD1306.o
                0x0000000008005c88                SSD1306_GotoXY
 .text.SSD1306_Putc
                0x0000000008005cb4      0x100 ./Core/Src/SSD1306.o
                0x0000000008005cb4                SSD1306_Putc
 .text.SSD1306_Puts
                0x0000000008005db4       0x4a ./Core/Src/SSD1306.o
                0x0000000008005db4                SSD1306_Puts
 .text.SSD1306_Clear
                0x0000000008005dfe       0x12 ./Core/Src/SSD1306.o
                0x0000000008005dfe                SSD1306_Clear
 .text.ssd1306_I2C_Init
                0x0000000008005e10       0x28 ./Core/Src/SSD1306.o
                0x0000000008005e10                ssd1306_I2C_Init
 .text.ssd1306_I2C_WriteMulti
                0x0000000008005e38       0xcc ./Core/Src/SSD1306.o
                0x0000000008005e38                ssd1306_I2C_WriteMulti
 .text.ssd1306_I2C_Write
                0x0000000008005f04       0x3c ./Core/Src/SSD1306.o
                0x0000000008005f04                ssd1306_I2C_Write
 .text.SX1278_SPIRead
                0x0000000008005f40       0x3e ./Core/Src/SX1278.o
                0x0000000008005f40                SX1278_SPIRead
 .text.SX1278_SPIWrite
                0x0000000008005f7e       0x52 ./Core/Src/SX1278.o
                0x0000000008005f7e                SX1278_SPIWrite
 .text.SX1278_SPIBurstRead
                0x0000000008005fd0       0x72 ./Core/Src/SX1278.o
                0x0000000008005fd0                SX1278_SPIBurstRead
 .text.SX1278_SPIBurstWrite
                0x0000000008006042       0x76 ./Core/Src/SX1278.o
                0x0000000008006042                SX1278_SPIBurstWrite
 .text.SX1278_config
                0x00000000080060b8      0x208 ./Core/Src/SX1278.o
                0x00000000080060b8                SX1278_config
 .text.SX1278_standby
                0x00000000080062c0       0x20 ./Core/Src/SX1278.o
                0x00000000080062c0                SX1278_standby
 .text.SX1278_sleep
                0x00000000080062e0       0x20 ./Core/Src/SX1278.o
                0x00000000080062e0                SX1278_sleep
 .text.SX1278_entryLoRa
                0x0000000008006300       0x1a ./Core/Src/SX1278.o
                0x0000000008006300                SX1278_entryLoRa
 .text.SX1278_clearLoRaIrq
                0x000000000800631a       0x1a ./Core/Src/SX1278.o
                0x000000000800631a                SX1278_clearLoRaIrq
 .text.SX1278_LoRaEntryRx
                0x0000000008006334       0xca ./Core/Src/SX1278.o
                0x0000000008006334                SX1278_LoRaEntryRx
 .text.SX1278_LoRaRxPacket
                0x00000000080063fe       0x88 ./Core/Src/SX1278.o
                0x00000000080063fe                SX1278_LoRaRxPacket
 .text.SX1278_LoRaEntryTx
                0x0000000008006486       0xb0 ./Core/Src/SX1278.o
                0x0000000008006486                SX1278_LoRaEntryTx
 .text.SX1278_LoRaTxPacket
                0x0000000008006536       0x7e ./Core/Src/SX1278.o
                0x0000000008006536                SX1278_LoRaTxPacket
 .text.SX1278_init
                0x00000000080065b4       0x5a ./Core/Src/SX1278.o
                0x00000000080065b4                SX1278_init
 .text.SX1278_read
                0x000000000800660e       0x4c ./Core/Src/SX1278.o
                0x000000000800660e                SX1278_read
 .text.SX1278_hw_init
                0x000000000800665a       0x2a ./Core/Src/SX1278_hw.o
                0x000000000800665a                SX1278_hw_init
 .text.SX1278_hw_SetNSS
                0x0000000008006684       0x2e ./Core/Src/SX1278_hw.o
                0x0000000008006684                SX1278_hw_SetNSS
 .text.SX1278_hw_Reset
                0x00000000080066b2       0x48 ./Core/Src/SX1278_hw.o
                0x00000000080066b2                SX1278_hw_Reset
 .text.SX1278_hw_SPICommand
                0x00000000080066fa       0x40 ./Core/Src/SX1278_hw.o
                0x00000000080066fa                SX1278_hw_SPICommand
 .text.SX1278_hw_SPIReadByte
                0x000000000800673a       0x4c ./Core/Src/SX1278_hw.o
                0x000000000800673a                SX1278_hw_SPIReadByte
 .text.SX1278_hw_DelayMs
                0x0000000008006786       0x16 ./Core/Src/SX1278_hw.o
                0x0000000008006786                SX1278_hw_DelayMs
 .text.SX1278_hw_GetDIO0
                0x000000000800679c       0x2e ./Core/Src/SX1278_hw.o
                0x000000000800679c                SX1278_hw_GetDIO0
 *fill*         0x00000000080067ca        0x6 
 .text.LORA_IF_Init
                0x00000000080067d0       0xb0 ./Core/Src/SX1278_if.o
                0x00000000080067d0                LORA_IF_Init
 .text.LORA_IF_RECIEVE
                0x0000000008006880      0x10c ./Core/Src/SX1278_if.o
                0x0000000008006880                LORA_IF_RECIEVE
 .text.LORA_IF_SEND
                0x000000000800698c       0xb0 ./Core/Src/SX1278_if.o
                0x000000000800698c                LORA_IF_SEND
 .text.HAL_GPIO_EXTI_Callback
                0x0000000008006a3c       0xf0 ./Core/Src/SX1278_if.o
                0x0000000008006a3c                HAL_GPIO_EXTI_Callback
 .text.UI_InitBoot
                0x0000000008006b2c       0xa0 ./Core/Src/UserInterface.o
                0x0000000008006b2c                UI_InitBoot
 .text.UI_DisplayInformation
                0x0000000008006bcc       0xcc ./Core/Src/UserInterface.o
                0x0000000008006bcc                UI_DisplayInformation
 .text.UI_Display_DataValue
                0x0000000008006c98       0xe0 ./Core/Src/UserInterface.o
                0x0000000008006c98                UI_Display_DataValue
 .text.KeyExpansion
                0x0000000008006d78      0x1a0 ./Core/Src/aes.o
 .text.AES_init_ctx_iv
                0x0000000008006f18       0x2c ./Core/Src/aes.o
                0x0000000008006f18                AES_init_ctx_iv
 .text.AddRoundKey
                0x0000000008006f44       0x76 ./Core/Src/aes.o
 *fill*         0x0000000008006fba        0x2 
 .text.SubBytes
                0x0000000008006fbc       0x60 ./Core/Src/aes.o
 .text.ShiftRows
                0x000000000800701c       0x82 ./Core/Src/aes.o
 .text.xtime    0x000000000800709e       0x3a ./Core/Src/aes.o
 .text.MixColumns
                0x00000000080070d8      0x16a ./Core/Src/aes.o
 .text.Cipher   0x0000000008007242       0x5c ./Core/Src/aes.o
 .text.AES_CTR_xcrypt_buffer
                0x000000000800729e       0xc6 ./Core/Src/aes.o
                0x000000000800729e                AES_CTR_xcrypt_buffer
 .text.FUNC_get_DHT_val
                0x0000000008007364      0x100 ./Core/Src/function.o
                0x0000000008007364                FUNC_get_DHT_val
 .text.FUNC_ReaddataAddress
                0x0000000008007464       0x1a ./Core/Src/function.o
                0x0000000008007464                FUNC_ReaddataAddress
 *fill*         0x000000000800747e        0x2 
 .text.FUNC_EraseAndRestore_Header_Page
                0x0000000008007480      0x12c ./Core/Src/function.o
                0x0000000008007480                FUNC_EraseAndRestore_Header_Page
 .text.main     0x00000000080075ac       0x38 ./Core/Src/main.o
                0x00000000080075ac                main
 .text.SystemClock_Config
                0x00000000080075e4       0xba ./Core/Src/main.o
                0x00000000080075e4                SystemClock_Config
 *fill*         0x000000000800769e        0x2 
 .text.MX_ADC1_Init
                0x00000000080076a0       0x7c ./Core/Src/main.o
 .text.MX_I2C1_Init
                0x000000000800771c       0x5c ./Core/Src/main.o
 .text.MX_I2C2_Init
                0x0000000008007778       0x5c ./Core/Src/main.o
 .text.MX_SPI1_Init
                0x00000000080077d4       0x6c ./Core/Src/main.o
 .text.MX_TIM2_Init
                0x0000000008007840       0x98 ./Core/Src/main.o
 .text.MX_DMA_Init
                0x00000000080078d8       0x3c ./Core/Src/main.o
 .text.MX_GPIO_Init
                0x0000000008007914      0x134 ./Core/Src/main.o
 .text.Error_Handler
                0x0000000008007a48        0xa ./Core/Src/main.o
                0x0000000008007a48                Error_Handler
 .text.calculate_crc
                0x0000000008007a52       0x6a ./Core/Src/sht3x.o
 .text.sht3x_send_command
                0x0000000008007abc       0x4a ./Core/Src/sht3x.o
 .text.uint8_to_uint16
                0x0000000008007b06       0x2a ./Core/Src/sht3x.o
 .text.sht3x_init
                0x0000000008007b30       0x80 ./Core/Src/sht3x.o
                0x0000000008007b30                sht3x_init
 .text.sht3x_read_temperature_and_humidity
                0x0000000008007bb0      0x104 ./Core/Src/sht3x.o
                0x0000000008007bb0                sht3x_read_temperature_and_humidity
 .text.sht3x_set_header_enable
                0x0000000008007cb4       0x34 ./Core/Src/sht3x.o
                0x0000000008007cb4                sht3x_set_header_enable
 .text.HAL_MspInit
                0x0000000008007ce8       0x64 ./Core/Src/stm32f1xx_hal_msp.o
                0x0000000008007ce8                HAL_MspInit
 .text.HAL_ADC_MspInit
                0x0000000008007d4c       0x78 ./Core/Src/stm32f1xx_hal_msp.o
                0x0000000008007d4c                HAL_ADC_MspInit
 .text.HAL_I2C_MspInit
                0x0000000008007dc4      0x12c ./Core/Src/stm32f1xx_hal_msp.o
                0x0000000008007dc4                HAL_I2C_MspInit
 .text.HAL_SPI_MspInit
                0x0000000008007ef0       0x94 ./Core/Src/stm32f1xx_hal_msp.o
                0x0000000008007ef0                HAL_SPI_MspInit
 .text.HAL_TIM_Base_MspInit
                0x0000000008007f84       0x38 ./Core/Src/stm32f1xx_hal_msp.o
                0x0000000008007f84                HAL_TIM_Base_MspInit
 .text.__NVIC_SystemReset
                0x0000000008007fbc       0x2c ./Core/Src/stm32f1xx_it.o
 .text.NMI_Handler
                0x0000000008007fe8        0x6 ./Core/Src/stm32f1xx_it.o
                0x0000000008007fe8                NMI_Handler
 .text.HardFault_Handler
                0x0000000008007fee        0x8 ./Core/Src/stm32f1xx_it.o
                0x0000000008007fee                HardFault_Handler
 .text.MemManage_Handler
                0x0000000008007ff6        0x6 ./Core/Src/stm32f1xx_it.o
                0x0000000008007ff6                MemManage_Handler
 .text.BusFault_Handler
                0x0000000008007ffc        0x6 ./Core/Src/stm32f1xx_it.o
                0x0000000008007ffc                BusFault_Handler
 .text.UsageFault_Handler
                0x0000000008008002        0x6 ./Core/Src/stm32f1xx_it.o
                0x0000000008008002                UsageFault_Handler
 .text.SVC_Handler
                0x0000000008008008        0xc ./Core/Src/stm32f1xx_it.o
                0x0000000008008008                SVC_Handler
 .text.DebugMon_Handler
                0x0000000008008014        0xc ./Core/Src/stm32f1xx_it.o
                0x0000000008008014                DebugMon_Handler
 .text.PendSV_Handler
                0x0000000008008020        0xc ./Core/Src/stm32f1xx_it.o
                0x0000000008008020                PendSV_Handler
 .text.SysTick_Handler
                0x000000000800802c        0xc ./Core/Src/stm32f1xx_it.o
                0x000000000800802c                SysTick_Handler
 .text.EXTI1_IRQHandler
                0x0000000008008038        0xe ./Core/Src/stm32f1xx_it.o
                0x0000000008008038                EXTI1_IRQHandler
 *fill*         0x0000000008008046        0x2 
 .text.DMA1_Channel6_IRQHandler
                0x0000000008008048       0x14 ./Core/Src/stm32f1xx_it.o
                0x0000000008008048                DMA1_Channel6_IRQHandler
 .text._getpid  0x000000000800805c        0xe ./Core/Src/syscalls.o
                0x000000000800805c                _getpid
 .text._kill    0x000000000800806a       0x20 ./Core/Src/syscalls.o
                0x000000000800806a                _kill
 .text._exit    0x000000000800808a       0x14 ./Core/Src/syscalls.o
                0x000000000800808a                _exit
 .text._read    0x000000000800809e       0x3a ./Core/Src/syscalls.o
                0x000000000800809e                _read
 .text._write   0x00000000080080d8       0x38 ./Core/Src/syscalls.o
                0x00000000080080d8                _write
 .text._close   0x0000000008008110       0x16 ./Core/Src/syscalls.o
                0x0000000008008110                _close
 .text._fstat   0x0000000008008126       0x1e ./Core/Src/syscalls.o
                0x0000000008008126                _fstat
 .text._isatty  0x0000000008008144       0x14 ./Core/Src/syscalls.o
                0x0000000008008144                _isatty
 .text._lseek   0x0000000008008158       0x18 ./Core/Src/syscalls.o
                0x0000000008008158                _lseek
 .text._sbrk    0x0000000008008170       0x6c ./Core/Src/sysmem.o
                0x0000000008008170                _sbrk
 .text.SystemInit
                0x00000000080081dc        0xc ./Core/Src/system_stm32f1xx.o
                0x00000000080081dc                SystemInit
 .text.Reset_Handler
                0x00000000080081e8       0x48 ./Core/Startup/startup_stm32f103c8tx.o
                0x00000000080081e8                Reset_Handler
 .text.Default_Handler
                0x0000000008008230        0x2 ./Core/Startup/startup_stm32f103c8tx.o
                0x0000000008008230                RTC_Alarm_IRQHandler
                0x0000000008008230                EXTI2_IRQHandler
                0x0000000008008230                TIM1_CC_IRQHandler
                0x0000000008008230                PVD_IRQHandler
                0x0000000008008230                EXTI3_IRQHandler
                0x0000000008008230                EXTI0_IRQHandler
                0x0000000008008230                I2C2_EV_IRQHandler
                0x0000000008008230                ADC1_2_IRQHandler
                0x0000000008008230                SPI1_IRQHandler
                0x0000000008008230                TAMPER_IRQHandler
                0x0000000008008230                DMA1_Channel4_IRQHandler
                0x0000000008008230                USART3_IRQHandler
                0x0000000008008230                RTC_IRQHandler
                0x0000000008008230                DMA1_Channel7_IRQHandler
                0x0000000008008230                CAN1_RX1_IRQHandler
                0x0000000008008230                TIM4_IRQHandler
                0x0000000008008230                I2C1_EV_IRQHandler
                0x0000000008008230                TIM3_IRQHandler
                0x0000000008008230                RCC_IRQHandler
                0x0000000008008230                TIM1_TRG_COM_IRQHandler
                0x0000000008008230                DMA1_Channel1_IRQHandler
                0x0000000008008230                Default_Handler
                0x0000000008008230                EXTI15_10_IRQHandler
                0x0000000008008230                EXTI9_5_IRQHandler
                0x0000000008008230                SPI2_IRQHandler
                0x0000000008008230                DMA1_Channel5_IRQHandler
                0x0000000008008230                EXTI4_IRQHandler
                0x0000000008008230                USB_LP_CAN1_RX0_IRQHandler
                0x0000000008008230                USB_HP_CAN1_TX_IRQHandler
                0x0000000008008230                DMA1_Channel3_IRQHandler
                0x0000000008008230                TIM1_UP_IRQHandler
                0x0000000008008230                WWDG_IRQHandler
                0x0000000008008230                TIM2_IRQHandler
                0x0000000008008230                TIM1_BRK_IRQHandler
                0x0000000008008230                USART2_IRQHandler
                0x0000000008008230                I2C2_ER_IRQHandler
                0x0000000008008230                DMA1_Channel2_IRQHandler
                0x0000000008008230                CAN1_SCE_IRQHandler
                0x0000000008008230                FLASH_IRQHandler
                0x0000000008008230                USART1_IRQHandler
                0x0000000008008230                I2C1_ER_IRQHandler
                0x0000000008008230                USBWakeUp_IRQHandler
 *fill*         0x0000000008008232        0x2 
 .text.HAL_Init
                0x0000000008008234       0x2c ./Drivers/STM32F1xx_HAL_Driver/Src/stm32f1xx_hal.o
                0x0000000008008234                HAL_Init
 .text.HAL_InitTick
                0x0000000008008260       0x60 ./Drivers/STM32F1xx_HAL_Driver/Src/stm32f1xx_hal.o
                0x0000000008008260                HAL_InitTick
 .text.HAL_IncTick
                0x00000000080082c0       0x24 ./Drivers/STM32F1xx_HAL_Driver/Src/stm32f1xx_hal.o
                0x00000000080082c0                HAL_IncTick
 .text.HAL_GetTick
                0x00000000080082e4       0x14 ./Drivers/STM32F1xx_HAL_Driver/Src/stm32f1xx_hal.o
                0x00000000080082e4                HAL_GetTick
 .text.HAL_Delay
                0x00000000080082f8       0x48 ./Drivers/STM32F1xx_HAL_Driver/Src/stm32f1xx_hal.o
                0x00000000080082f8                HAL_Delay
 .text.HAL_ADC_Init
                0x0000000008008340      0x1b0 ./Drivers/STM32F1xx_HAL_Driver/Src/stm32f1xx_hal_adc.o
                0x0000000008008340                HAL_ADC_Init
 .text.HAL_ADC_ConfigChannel
                0x00000000080084f0      0x1f0 ./Drivers/STM32F1xx_HAL_Driver/Src/stm32f1xx_hal_adc.o
                0x00000000080084f0                HAL_ADC_ConfigChannel
 .text.ADC_ConversionStop_Disable
                0x00000000080086e0       0x82 ./Drivers/STM32F1xx_HAL_Driver/Src/stm32f1xx_hal_adc.o
                0x00000000080086e0                ADC_ConversionStop_Disable
 *fill*         0x0000000008008762        0x2 
 .text.__NVIC_SetPriorityGrouping
                0x0000000008008764       0x48 ./Drivers/STM32F1xx_HAL_Driver/Src/stm32f1xx_hal_cortex.o
 .text.__NVIC_GetPriorityGrouping
                0x00000000080087ac       0x1c ./Drivers/STM32F1xx_HAL_Driver/Src/stm32f1xx_hal_cortex.o
 .text.__NVIC_EnableIRQ
                0x00000000080087c8       0x38 ./Drivers/STM32F1xx_HAL_Driver/Src/stm32f1xx_hal_cortex.o
 .text.__NVIC_DisableIRQ
                0x0000000008008800       0x48 ./Drivers/STM32F1xx_HAL_Driver/Src/stm32f1xx_hal_cortex.o
 .text.__NVIC_SetPriority
                0x0000000008008848       0x54 ./Drivers/STM32F1xx_HAL_Driver/Src/stm32f1xx_hal_cortex.o
 .text.NVIC_EncodePriority
                0x000000000800889c       0x64 ./Drivers/STM32F1xx_HAL_Driver/Src/stm32f1xx_hal_cortex.o
 .text.SysTick_Config
                0x0000000008008900       0x44 ./Drivers/STM32F1xx_HAL_Driver/Src/stm32f1xx_hal_cortex.o
 .text.HAL_NVIC_SetPriorityGrouping
                0x0000000008008944       0x16 ./Drivers/STM32F1xx_HAL_Driver/Src/stm32f1xx_hal_cortex.o
                0x0000000008008944                HAL_NVIC_SetPriorityGrouping
 .text.HAL_NVIC_SetPriority
                0x000000000800895a       0x38 ./Drivers/STM32F1xx_HAL_Driver/Src/stm32f1xx_hal_cortex.o
                0x000000000800895a                HAL_NVIC_SetPriority
 .text.HAL_NVIC_EnableIRQ
                0x0000000008008992       0x1c ./Drivers/STM32F1xx_HAL_Driver/Src/stm32f1xx_hal_cortex.o
                0x0000000008008992                HAL_NVIC_EnableIRQ
 .text.HAL_NVIC_DisableIRQ
                0x00000000080089ae       0x1c ./Drivers/STM32F1xx_HAL_Driver/Src/stm32f1xx_hal_cortex.o
                0x00000000080089ae                HAL_NVIC_DisableIRQ
 .text.HAL_SYSTICK_Config
                0x00000000080089ca       0x18 ./Drivers/STM32F1xx_HAL_Driver/Src/stm32f1xx_hal_cortex.o
                0x00000000080089ca                HAL_SYSTICK_Config
 *fill*         0x00000000080089e2        0x2 
 .text.HAL_DMA_Init
                0x00000000080089e4       0xb4 ./Drivers/STM32F1xx_HAL_Driver/Src/stm32f1xx_hal_dma.o
                0x00000000080089e4                HAL_DMA_Init
 .text.HAL_DMA_IRQHandler
                0x0000000008008a98      0x20c ./Drivers/STM32F1xx_HAL_Driver/Src/stm32f1xx_hal_dma.o
                0x0000000008008a98                HAL_DMA_IRQHandler
 .text.HAL_FLASH_Program
                0x0000000008008ca4       0xe0 ./Drivers/STM32F1xx_HAL_Driver/Src/stm32f1xx_hal_flash.o
                0x0000000008008ca4                HAL_FLASH_Program
 .text.HAL_FLASH_Unlock
                0x0000000008008d84       0x4c ./Drivers/STM32F1xx_HAL_Driver/Src/stm32f1xx_hal_flash.o
                0x0000000008008d84                HAL_FLASH_Unlock
 .text.HAL_FLASH_Lock
                0x0000000008008dd0       0x20 ./Drivers/STM32F1xx_HAL_Driver/Src/stm32f1xx_hal_flash.o
                0x0000000008008dd0                HAL_FLASH_Lock
 .text.FLASH_Program_HalfWord
                0x0000000008008df0       0x38 ./Drivers/STM32F1xx_HAL_Driver/Src/stm32f1xx_hal_flash.o
 .text.FLASH_WaitForLastOperation
                0x0000000008008e28       0x8c ./Drivers/STM32F1xx_HAL_Driver/Src/stm32f1xx_hal_flash.o
                0x0000000008008e28                FLASH_WaitForLastOperation
 .text.FLASH_SetErrorCode
                0x0000000008008eb4       0xa0 ./Drivers/STM32F1xx_HAL_Driver/Src/stm32f1xx_hal_flash.o
 .text.HAL_FLASHEx_Erase
                0x0000000008008f54       0xd8 ./Drivers/STM32F1xx_HAL_Driver/Src/stm32f1xx_hal_flash_ex.o
                0x0000000008008f54                HAL_FLASHEx_Erase
 .text.FLASH_MassErase
                0x000000000800902c       0x38 ./Drivers/STM32F1xx_HAL_Driver/Src/stm32f1xx_hal_flash_ex.o
 .text.FLASH_PageErase
                0x0000000008009064       0x40 ./Drivers/STM32F1xx_HAL_Driver/Src/stm32f1xx_hal_flash_ex.o
                0x0000000008009064                FLASH_PageErase
 .text.HAL_GPIO_Init
                0x00000000080090a4      0x308 ./Drivers/STM32F1xx_HAL_Driver/Src/stm32f1xx_hal_gpio.o
                0x00000000080090a4                HAL_GPIO_Init
 .text.HAL_GPIO_ReadPin
                0x00000000080093ac       0x2e ./Drivers/STM32F1xx_HAL_Driver/Src/stm32f1xx_hal_gpio.o
                0x00000000080093ac                HAL_GPIO_ReadPin
 .text.HAL_GPIO_WritePin
                0x00000000080093da       0x30 ./Drivers/STM32F1xx_HAL_Driver/Src/stm32f1xx_hal_gpio.o
                0x00000000080093da                HAL_GPIO_WritePin
 .text.HAL_GPIO_TogglePin
                0x000000000800940a       0x32 ./Drivers/STM32F1xx_HAL_Driver/Src/stm32f1xx_hal_gpio.o
                0x000000000800940a                HAL_GPIO_TogglePin
 .text.HAL_GPIO_EXTI_IRQHandler
                0x000000000800943c       0x30 ./Drivers/STM32F1xx_HAL_Driver/Src/stm32f1xx_hal_gpio.o
                0x000000000800943c                HAL_GPIO_EXTI_IRQHandler
 .text.HAL_I2C_Init
                0x000000000800946c      0x288 ./Drivers/STM32F1xx_HAL_Driver/Src/stm32f1xx_hal_i2c.o
                0x000000000800946c                HAL_I2C_Init
 .text.HAL_I2C_Master_Transmit
                0x00000000080096f4      0x1fc ./Drivers/STM32F1xx_HAL_Driver/Src/stm32f1xx_hal_i2c.o
                0x00000000080096f4                HAL_I2C_Master_Transmit
 .text.HAL_I2C_Master_Receive
                0x00000000080098f0      0x4d8 ./Drivers/STM32F1xx_HAL_Driver/Src/stm32f1xx_hal_i2c.o
                0x00000000080098f0                HAL_I2C_Master_Receive
 .text.HAL_I2C_Mem_Read
                0x0000000008009dc8      0x4d0 ./Drivers/STM32F1xx_HAL_Driver/Src/stm32f1xx_hal_i2c.o
                0x0000000008009dc8                HAL_I2C_Mem_Read
 .text.HAL_I2C_IsDeviceReady
                0x000000000800a298      0x25c ./Drivers/STM32F1xx_HAL_Driver/Src/stm32f1xx_hal_i2c.o
                0x000000000800a298                HAL_I2C_IsDeviceReady
 .text.I2C_MasterRequestWrite
                0x000000000800a4f4      0x104 ./Drivers/STM32F1xx_HAL_Driver/Src/stm32f1xx_hal_i2c.o
 .text.I2C_MasterRequestRead
                0x000000000800a5f8      0x19c ./Drivers/STM32F1xx_HAL_Driver/Src/stm32f1xx_hal_i2c.o
 .text.I2C_RequestMemoryRead
                0x000000000800a794      0x1d0 ./Drivers/STM32F1xx_HAL_Driver/Src/stm32f1xx_hal_i2c.o
 .text.I2C_WaitOnFlagUntilTimeout
                0x000000000800a964       0xf4 ./Drivers/STM32F1xx_HAL_Driver/Src/stm32f1xx_hal_i2c.o
 .text.I2C_WaitOnMasterAddressFlagUntilTimeout
                0x000000000800aa58      0x140 ./Drivers/STM32F1xx_HAL_Driver/Src/stm32f1xx_hal_i2c.o
 .text.I2C_WaitOnTXEFlagUntilTimeout
                0x000000000800ab98       0x90 ./Drivers/STM32F1xx_HAL_Driver/Src/stm32f1xx_hal_i2c.o
 .text.I2C_WaitOnBTFFlagUntilTimeout
                0x000000000800ac28       0x90 ./Drivers/STM32F1xx_HAL_Driver/Src/stm32f1xx_hal_i2c.o
 .text.I2C_WaitOnRXNEFlagUntilTimeout
                0x000000000800acb8       0xba ./Drivers/STM32F1xx_HAL_Driver/Src/stm32f1xx_hal_i2c.o
 .text.I2C_IsAcknowledgeFailed
                0x000000000800ad72       0x5c ./Drivers/STM32F1xx_HAL_Driver/Src/stm32f1xx_hal_i2c.o
 *fill*         0x000000000800adce        0x2 
 .text.HAL_RCC_OscConfig
                0x000000000800add0      0x504 ./Drivers/STM32F1xx_HAL_Driver/Src/stm32f1xx_hal_rcc.o
                0x000000000800add0                HAL_RCC_OscConfig
 .text.HAL_RCC_ClockConfig
                0x000000000800b2d4      0x1d4 ./Drivers/STM32F1xx_HAL_Driver/Src/stm32f1xx_hal_rcc.o
                0x000000000800b2d4                HAL_RCC_ClockConfig
 .text.HAL_RCC_GetSysClockFreq
                0x000000000800b4a8       0xa8 ./Drivers/STM32F1xx_HAL_Driver/Src/stm32f1xx_hal_rcc.o
                0x000000000800b4a8                HAL_RCC_GetSysClockFreq
 .text.HAL_RCC_GetHCLKFreq
                0x000000000800b550       0x14 ./Drivers/STM32F1xx_HAL_Driver/Src/stm32f1xx_hal_rcc.o
                0x000000000800b550                HAL_RCC_GetHCLKFreq
 .text.HAL_RCC_GetPCLK1Freq
                0x000000000800b564       0x28 ./Drivers/STM32F1xx_HAL_Driver/Src/stm32f1xx_hal_rcc.o
                0x000000000800b564                HAL_RCC_GetPCLK1Freq
 .text.RCC_Delay
                0x000000000800b58c       0x3c ./Drivers/STM32F1xx_HAL_Driver/Src/stm32f1xx_hal_rcc.o
 .text.HAL_RCCEx_PeriphCLKConfig
                0x000000000800b5c8      0x16c ./Drivers/STM32F1xx_HAL_Driver/Src/stm32f1xx_hal_rcc_ex.o
                0x000000000800b5c8                HAL_RCCEx_PeriphCLKConfig
 .text.HAL_SPI_Init
                0x000000000800b734      0x108 ./Drivers/STM32F1xx_HAL_Driver/Src/stm32f1xx_hal_spi.o
                0x000000000800b734                HAL_SPI_Init
 .text.HAL_SPI_Transmit
                0x000000000800b83c      0x286 ./Drivers/STM32F1xx_HAL_Driver/Src/stm32f1xx_hal_spi.o
                0x000000000800b83c                HAL_SPI_Transmit
 .text.HAL_SPI_TransmitReceive
                0x000000000800bac2      0x360 ./Drivers/STM32F1xx_HAL_Driver/Src/stm32f1xx_hal_spi.o
                0x000000000800bac2                HAL_SPI_TransmitReceive
 .text.HAL_SPI_GetState
                0x000000000800be22       0x1a ./Drivers/STM32F1xx_HAL_Driver/Src/stm32f1xx_hal_spi.o
                0x000000000800be22                HAL_SPI_GetState
 .text.SPI_WaitFlagStateUntilTimeout
                0x000000000800be3c      0x110 ./Drivers/STM32F1xx_HAL_Driver/Src/stm32f1xx_hal_spi.o
 .text.SPI_EndRxTxTransaction
                0x000000000800bf4c       0x3c ./Drivers/STM32F1xx_HAL_Driver/Src/stm32f1xx_hal_spi.o
 .text.HAL_TIM_Base_Init
                0x000000000800bf88       0x9e ./Drivers/STM32F1xx_HAL_Driver/Src/stm32f1xx_hal_tim.o
                0x000000000800bf88                HAL_TIM_Base_Init
 *fill*         0x000000000800c026        0x2 
 .text.HAL_TIM_Base_Start
                0x000000000800c028       0x94 ./Drivers/STM32F1xx_HAL_Driver/Src/stm32f1xx_hal_tim.o
                0x000000000800c028                HAL_TIM_Base_Start
 .text.HAL_TIM_ConfigClockSource
                0x000000000800c0bc      0x18e ./Drivers/STM32F1xx_HAL_Driver/Src/stm32f1xx_hal_tim.o
                0x000000000800c0bc                HAL_TIM_ConfigClockSource
 *fill*         0x000000000800c24a        0x2 
 .text.TIM_Base_SetConfig
                0x000000000800c24c       0xc4 ./Drivers/STM32F1xx_HAL_Driver/Src/stm32f1xx_hal_tim.o
                0x000000000800c24c                TIM_Base_SetConfig
 .text.TIM_TI1_ConfigInputStage
                0x000000000800c310       0x5c ./Drivers/STM32F1xx_HAL_Driver/Src/stm32f1xx_hal_tim.o
 .text.TIM_TI2_ConfigInputStage
                0x000000000800c36c       0x5e ./Drivers/STM32F1xx_HAL_Driver/Src/stm32f1xx_hal_tim.o
 .text.TIM_ITRx_SetConfig
                0x000000000800c3ca       0x34 ./Drivers/STM32F1xx_HAL_Driver/Src/stm32f1xx_hal_tim.o
 .text.TIM_ETR_SetConfig
                0x000000000800c3fe       0x3e ./Drivers/STM32F1xx_HAL_Driver/Src/stm32f1xx_hal_tim.o
                0x000000000800c3fe                TIM_ETR_SetConfig
 .text.HAL_TIMEx_MasterConfigSynchronization
                0x000000000800c43c       0xbc ./Drivers/STM32F1xx_HAL_Driver/Src/stm32f1xx_hal_tim_ex.o
                0x000000000800c43c                HAL_TIMEx_MasterConfigSynchronization
 .text.__assert_func
                0x000000000800c4f8       0x3c C:/ST/STM32CubeIDE_1.14.1/STM32CubeIDE/plugins/com.st.stm32cube.ide.mcu.externaltools.gnu-tools-for-stm32.11.3.rel1.win32_1.1.100.202309141235/tools/bin/../lib/gcc/arm-none-eabi/11.3.1/../../../../arm-none-eabi/lib/thumb/v7-m/nofp\libc_nano.a(libc_a-assert.o)
                0x000000000800c4f8                __assert_func
 .text.std      0x000000000800c534       0x6c C:/ST/STM32CubeIDE_1.14.1/STM32CubeIDE/plugins/com.st.stm32cube.ide.mcu.externaltools.gnu-tools-for-stm32.11.3.rel1.win32_1.1.100.202309141235/tools/bin/../lib/gcc/arm-none-eabi/11.3.1/../../../../arm-none-eabi/lib/thumb/v7-m/nofp\libc_nano.a(libc_a-findfp.o)
 .text.stdio_exit_handler
                0x000000000800c5a0       0x18 C:/ST/STM32CubeIDE_1.14.1/STM32CubeIDE/plugins/com.st.stm32cube.ide.mcu.externaltools.gnu-tools-for-stm32.11.3.rel1.win32_1.1.100.202309141235/tools/bin/../lib/gcc/arm-none-eabi/11.3.1/../../../../arm-none-eabi/lib/thumb/v7-m/nofp\libc_nano.a(libc_a-findfp.o)
 .text.cleanup_stdio
                0x000000000800c5b8       0x40 C:/ST/STM32CubeIDE_1.14.1/STM32CubeIDE/plugins/com.st.stm32cube.ide.mcu.externaltools.gnu-tools-for-stm32.11.3.rel1.win32_1.1.100.202309141235/tools/bin/../lib/gcc/arm-none-eabi/11.3.1/../../../../arm-none-eabi/lib/thumb/v7-m/nofp\libc_nano.a(libc_a-findfp.o)
 .text.global_stdio_init.part.0
                0x000000000800c5f8       0x3c C:/ST/STM32CubeIDE_1.14.1/STM32CubeIDE/plugins/com.st.stm32cube.ide.mcu.externaltools.gnu-tools-for-stm32.11.3.rel1.win32_1.1.100.202309141235/tools/bin/../lib/gcc/arm-none-eabi/11.3.1/../../../../arm-none-eabi/lib/thumb/v7-m/nofp\libc_nano.a(libc_a-findfp.o)
 .text.__sfp_lock_acquire
                0x000000000800c634        0xc C:/ST/STM32CubeIDE_1.14.1/STM32CubeIDE/plugins/com.st.stm32cube.ide.mcu.externaltools.gnu-tools-for-stm32.11.3.rel1.win32_1.1.100.202309141235/tools/bin/../lib/gcc/arm-none-eabi/11.3.1/../../../../arm-none-eabi/lib/thumb/v7-m/nofp\libc_nano.a(libc_a-findfp.o)
                0x000000000800c634                __sfp_lock_acquire
 .text.__sfp_lock_release
                0x000000000800c640        0xc C:/ST/STM32CubeIDE_1.14.1/STM32CubeIDE/plugins/com.st.stm32cube.ide.mcu.externaltools.gnu-tools-for-stm32.11.3.rel1.win32_1.1.100.202309141235/tools/bin/../lib/gcc/arm-none-eabi/11.3.1/../../../../arm-none-eabi/lib/thumb/v7-m/nofp\libc_nano.a(libc_a-findfp.o)
                0x000000000800c640                __sfp_lock_release
 .text.__sinit  0x000000000800c64c       0x30 C:/ST/STM32CubeIDE_1.14.1/STM32CubeIDE/plugins/com.st.stm32cube.ide.mcu.externaltools.gnu-tools-for-stm32.11.3.rel1.win32_1.1.100.202309141235/tools/bin/../lib/gcc/arm-none-eabi/11.3.1/../../../../arm-none-eabi/lib/thumb/v7-m/nofp\libc_nano.a(libc_a-findfp.o)
                0x000000000800c64c                __sinit
 .text.fprintf  0x000000000800c67c       0x24 C:/ST/STM32CubeIDE_1.14.1/STM32CubeIDE/plugins/com.st.stm32cube.ide.mcu.externaltools.gnu-tools-for-stm32.11.3.rel1.win32_1.1.100.202309141235/tools/bin/../lib/gcc/arm-none-eabi/11.3.1/../../../../arm-none-eabi/lib/thumb/v7-m/nofp\libc_nano.a(libc_a-fprintf.o)
                0x000000000800c67c                fiprintf
                0x000000000800c67c                fprintf
 .text._fwalk_sglue
                0x000000000800c6a0       0x3c C:/ST/STM32CubeIDE_1.14.1/STM32CubeIDE/plugins/com.st.stm32cube.ide.mcu.externaltools.gnu-tools-for-stm32.11.3.rel1.win32_1.1.100.202309141235/tools/bin/../lib/gcc/arm-none-eabi/11.3.1/../../../../arm-none-eabi/lib/thumb/v7-m/nofp\libc_nano.a(libc_a-fwalk.o)
                0x000000000800c6a0                _fwalk_sglue
 .text.snprintf
                0x000000000800c6dc       0x68 C:/ST/STM32CubeIDE_1.14.1/STM32CubeIDE/plugins/com.st.stm32cube.ide.mcu.externaltools.gnu-tools-for-stm32.11.3.rel1.win32_1.1.100.202309141235/tools/bin/../lib/gcc/arm-none-eabi/11.3.1/../../../../arm-none-eabi/lib/thumb/v7-m/nofp\libc_nano.a(libc_a-snprintf.o)
                0x000000000800c6dc                sniprintf
                0x000000000800c6dc                snprintf
 .text.sprintf  0x000000000800c744       0x40 C:/ST/STM32CubeIDE_1.14.1/STM32CubeIDE/plugins/com.st.stm32cube.ide.mcu.externaltools.gnu-tools-for-stm32.11.3.rel1.win32_1.1.100.202309141235/tools/bin/../lib/gcc/arm-none-eabi/11.3.1/../../../../arm-none-eabi/lib/thumb/v7-m/nofp\libc_nano.a(libc_a-sprintf.o)
                0x000000000800c744                siprintf
                0x000000000800c744                sprintf
 .text.__sread  0x000000000800c784       0x22 C:/ST/STM32CubeIDE_1.14.1/STM32CubeIDE/plugins/com.st.stm32cube.ide.mcu.externaltools.gnu-tools-for-stm32.11.3.rel1.win32_1.1.100.202309141235/tools/bin/../lib/gcc/arm-none-eabi/11.3.1/../../../../arm-none-eabi/lib/thumb/v7-m/nofp\libc_nano.a(libc_a-stdio.o)
                0x000000000800c784                __sread
 .text.__swrite
                0x000000000800c7a6       0x38 C:/ST/STM32CubeIDE_1.14.1/STM32CubeIDE/plugins/com.st.stm32cube.ide.mcu.externaltools.gnu-tools-for-stm32.11.3.rel1.win32_1.1.100.202309141235/tools/bin/../lib/gcc/arm-none-eabi/11.3.1/../../../../arm-none-eabi/lib/thumb/v7-m/nofp\libc_nano.a(libc_a-stdio.o)
                0x000000000800c7a6                __swrite
 .text.__sseek  0x000000000800c7de       0x24 C:/ST/STM32CubeIDE_1.14.1/STM32CubeIDE/plugins/com.st.stm32cube.ide.mcu.externaltools.gnu-tools-for-stm32.11.3.rel1.win32_1.1.100.202309141235/tools/bin/../lib/gcc/arm-none-eabi/11.3.1/../../../../arm-none-eabi/lib/thumb/v7-m/nofp\libc_nano.a(libc_a-stdio.o)
                0x000000000800c7de                __sseek
 .text.__sclose
                0x000000000800c802        0x8 C:/ST/STM32CubeIDE_1.14.1/STM32CubeIDE/plugins/com.st.stm32cube.ide.mcu.externaltools.gnu-tools-for-stm32.11.3.rel1.win32_1.1.100.202309141235/tools/bin/../lib/gcc/arm-none-eabi/11.3.1/../../../../arm-none-eabi/lib/thumb/v7-m/nofp\libc_nano.a(libc_a-stdio.o)
                0x000000000800c802                __sclose
 .text.memset   0x000000000800c80a       0x10 C:/ST/STM32CubeIDE_1.14.1/STM32CubeIDE/plugins/com.st.stm32cube.ide.mcu.externaltools.gnu-tools-for-stm32.11.3.rel1.win32_1.1.100.202309141235/tools/bin/../lib/gcc/arm-none-eabi/11.3.1/../../../../arm-none-eabi/lib/thumb/v7-m/nofp\libc_nano.a(libc_a-memset.o)
                0x000000000800c80a                memset
 *fill*         0x000000000800c81a        0x2 
 .text._close_r
                0x000000000800c81c       0x20 C:/ST/STM32CubeIDE_1.14.1/STM32CubeIDE/plugins/com.st.stm32cube.ide.mcu.externaltools.gnu-tools-for-stm32.11.3.rel1.win32_1.1.100.202309141235/tools/bin/../lib/gcc/arm-none-eabi/11.3.1/../../../../arm-none-eabi/lib/thumb/v7-m/nofp\libc_nano.a(libc_a-closer.o)
                0x000000000800c81c                _close_r
 .text._lseek_r
                0x000000000800c83c       0x24 C:/ST/STM32CubeIDE_1.14.1/STM32CubeIDE/plugins/com.st.stm32cube.ide.mcu.externaltools.gnu-tools-for-stm32.11.3.rel1.win32_1.1.100.202309141235/tools/bin/../lib/gcc/arm-none-eabi/11.3.1/../../../../arm-none-eabi/lib/thumb/v7-m/nofp\libc_nano.a(libc_a-lseekr.o)
                0x000000000800c83c                _lseek_r
 .text._read_r  0x000000000800c860       0x24 C:/ST/STM32CubeIDE_1.14.1/STM32CubeIDE/plugins/com.st.stm32cube.ide.mcu.externaltools.gnu-tools-for-stm32.11.3.rel1.win32_1.1.100.202309141235/tools/bin/../lib/gcc/arm-none-eabi/11.3.1/../../../../arm-none-eabi/lib/thumb/v7-m/nofp\libc_nano.a(libc_a-readr.o)
                0x000000000800c860                _read_r
 .text._write_r
                0x000000000800c884       0x24 C:/ST/STM32CubeIDE_1.14.1/STM32CubeIDE/plugins/com.st.stm32cube.ide.mcu.externaltools.gnu-tools-for-stm32.11.3.rel1.win32_1.1.100.202309141235/tools/bin/../lib/gcc/arm-none-eabi/11.3.1/../../../../arm-none-eabi/lib/thumb/v7-m/nofp\libc_nano.a(libc_a-writer.o)
                0x000000000800c884                _write_r
 .text.__errno  0x000000000800c8a8        0xc C:/ST/STM32CubeIDE_1.14.1/STM32CubeIDE/plugins/com.st.stm32cube.ide.mcu.externaltools.gnu-tools-for-stm32.11.3.rel1.win32_1.1.100.202309141235/tools/bin/../lib/gcc/arm-none-eabi/11.3.1/../../../../arm-none-eabi/lib/thumb/v7-m/nofp\libc_nano.a(libc_a-errno.o)
                0x000000000800c8a8                __errno
 .text.__libc_init_array
                0x000000000800c8b4       0x48 C:/ST/STM32CubeIDE_1.14.1/STM32CubeIDE/plugins/com.st.stm32cube.ide.mcu.externaltools.gnu-tools-for-stm32.11.3.rel1.win32_1.1.100.202309141235/tools/bin/../lib/gcc/arm-none-eabi/11.3.1/../../../../arm-none-eabi/lib/thumb/v7-m/nofp\libc_nano.a(libc_a-init.o)
                0x000000000800c8b4                __libc_init_array
 .text.__retarget_lock_init_recursive
                0x000000000800c8fc        0x2 C:/ST/STM32CubeIDE_1.14.1/STM32CubeIDE/plugins/com.st.stm32cube.ide.mcu.externaltools.gnu-tools-for-stm32.11.3.rel1.win32_1.1.100.202309141235/tools/bin/../lib/gcc/arm-none-eabi/11.3.1/../../../../arm-none-eabi/lib/thumb/v7-m/nofp\libc_nano.a(libc_a-lock.o)
                0x000000000800c8fc                __retarget_lock_init_recursive
 .text.__retarget_lock_acquire_recursive
                0x000000000800c8fe        0x2 C:/ST/STM32CubeIDE_1.14.1/STM32CubeIDE/plugins/com.st.stm32cube.ide.mcu.externaltools.gnu-tools-for-stm32.11.3.rel1.win32_1.1.100.202309141235/tools/bin/../lib/gcc/arm-none-eabi/11.3.1/../../../../arm-none-eabi/lib/thumb/v7-m/nofp\libc_nano.a(libc_a-lock.o)
                0x000000000800c8fe                __retarget_lock_acquire_recursive
 .text.__retarget_lock_release_recursive
                0x000000000800c900        0x2 C:/ST/STM32CubeIDE_1.14.1/STM32CubeIDE/plugins/com.st.stm32cube.ide.mcu.externaltools.gnu-tools-for-stm32.11.3.rel1.win32_1.1.100.202309141235/tools/bin/../lib/gcc/arm-none-eabi/11.3.1/../../../../arm-none-eabi/lib/thumb/v7-m/nofp\libc_nano.a(libc_a-lock.o)
                0x000000000800c900                __retarget_lock_release_recursive
 .text.memcpy   0x000000000800c902       0x1c C:/ST/STM32CubeIDE_1.14.1/STM32CubeIDE/plugins/com.st.stm32cube.ide.mcu.externaltools.gnu-tools-for-stm32.11.3.rel1.win32_1.1.100.202309141235/tools/bin/../lib/gcc/arm-none-eabi/11.3.1/../../../../arm-none-eabi/lib/thumb/v7-m/nofp\libc_nano.a(libc_a-memcpy-stub.o)
                0x000000000800c902                memcpy
 .text.abort    0x000000000800c91e        0xe C:/ST/STM32CubeIDE_1.14.1/STM32CubeIDE/plugins/com.st.stm32cube.ide.mcu.externaltools.gnu-tools-for-stm32.11.3.rel1.win32_1.1.100.202309141235/tools/bin/../lib/gcc/arm-none-eabi/11.3.1/../../../../arm-none-eabi/lib/thumb/v7-m/nofp\libc_nano.a(libc_a-abort.o)
                0x000000000800c91e                abort
 .text._free_r  0x000000000800c92c       0x90 C:/ST/STM32CubeIDE_1.14.1/STM32CubeIDE/plugins/com.st.stm32cube.ide.mcu.externaltools.gnu-tools-for-stm32.11.3.rel1.win32_1.1.100.202309141235/tools/bin/../lib/gcc/arm-none-eabi/11.3.1/../../../../arm-none-eabi/lib/thumb/v7-m/nofp\libc_nano.a(libc_a-freer.o)
                0x000000000800c92c                _free_r
 .text.sbrk_aligned
                0x000000000800c9bc       0x40 C:/ST/STM32CubeIDE_1.14.1/STM32CubeIDE/plugins/com.st.stm32cube.ide.mcu.externaltools.gnu-tools-for-stm32.11.3.rel1.win32_1.1.100.202309141235/tools/bin/../lib/gcc/arm-none-eabi/11.3.1/../../../../arm-none-eabi/lib/thumb/v7-m/nofp\libc_nano.a(libc_a-mallocr.o)
 .text._malloc_r
                0x000000000800c9fc      0x100 C:/ST/STM32CubeIDE_1.14.1/STM32CubeIDE/plugins/com.st.stm32cube.ide.mcu.externaltools.gnu-tools-for-stm32.11.3.rel1.win32_1.1.100.202309141235/tools/bin/../lib/gcc/arm-none-eabi/11.3.1/../../../../arm-none-eabi/lib/thumb/v7-m/nofp\libc_nano.a(libc_a-mallocr.o)
                0x000000000800c9fc                _malloc_r
 .text.__malloc_lock
                0x000000000800cafc        0xc C:/ST/STM32CubeIDE_1.14.1/STM32CubeIDE/plugins/com.st.stm32cube.ide.mcu.externaltools.gnu-tools-for-stm32.11.3.rel1.win32_1.1.100.202309141235/tools/bin/../lib/gcc/arm-none-eabi/11.3.1/../../../../arm-none-eabi/lib/thumb/v7-m/nofp\libc_nano.a(libc_a-mlock.o)
                0x000000000800cafc                __malloc_lock
 .text.__malloc_unlock
                0x000000000800cb08        0xc C:/ST/STM32CubeIDE_1.14.1/STM32CubeIDE/plugins/com.st.stm32cube.ide.mcu.externaltools.gnu-tools-for-stm32.11.3.rel1.win32_1.1.100.202309141235/tools/bin/../lib/gcc/arm-none-eabi/11.3.1/../../../../arm-none-eabi/lib/thumb/v7-m/nofp\libc_nano.a(libc_a-mlock.o)
                0x000000000800cb08                __malloc_unlock
 .text.__ssputs_r
                0x000000000800cb14       0xb4 C:/ST/STM32CubeIDE_1.14.1/STM32CubeIDE/plugins/com.st.stm32cube.ide.mcu.externaltools.gnu-tools-for-stm32.11.3.rel1.win32_1.1.100.202309141235/tools/bin/../lib/gcc/arm-none-eabi/11.3.1/../../../../arm-none-eabi/lib/thumb/v7-m/nofp\libc_nano.a(libc_a-nano-svfprintf.o)
                0x000000000800cb14                __ssputs_r
 .text._svfprintf_r
                0x000000000800cbc8      0x1fc C:/ST/STM32CubeIDE_1.14.1/STM32CubeIDE/plugins/com.st.stm32cube.ide.mcu.externaltools.gnu-tools-for-stm32.11.3.rel1.win32_1.1.100.202309141235/tools/bin/../lib/gcc/arm-none-eabi/11.3.1/../../../../arm-none-eabi/lib/thumb/v7-m/nofp\libc_nano.a(libc_a-nano-svfprintf.o)
                0x000000000800cbc8                _svfiprintf_r
                0x000000000800cbc8                _svfprintf_r
 .text.__sfputc_r
                0x000000000800cdc4       0x2a C:/ST/STM32CubeIDE_1.14.1/STM32CubeIDE/plugins/com.st.stm32cube.ide.mcu.externaltools.gnu-tools-for-stm32.11.3.rel1.win32_1.1.100.202309141235/tools/bin/../lib/gcc/arm-none-eabi/11.3.1/../../../../arm-none-eabi/lib/thumb/v7-m/nofp\libc_nano.a(libc_a-nano-vfprintf.o)
 .text.__sfputs_r
                0x000000000800cdee       0x24 C:/ST/STM32CubeIDE_1.14.1/STM32CubeIDE/plugins/com.st.stm32cube.ide.mcu.externaltools.gnu-tools-for-stm32.11.3.rel1.win32_1.1.100.202309141235/tools/bin/../lib/gcc/arm-none-eabi/11.3.1/../../../../arm-none-eabi/lib/thumb/v7-m/nofp\libc_nano.a(libc_a-nano-vfprintf.o)
                0x000000000800cdee                __sfputs_r
 *fill*         0x000000000800ce12        0x2 
 .text._vfprintf_r
                0x000000000800ce14      0x234 C:/ST/STM32CubeIDE_1.14.1/STM32CubeIDE/plugins/com.st.stm32cube.ide.mcu.externaltools.gnu-tools-for-stm32.11.3.rel1.win32_1.1.100.202309141235/tools/bin/../lib/gcc/arm-none-eabi/11.3.1/../../../../arm-none-eabi/lib/thumb/v7-m/nofp\libc_nano.a(libc_a-nano-vfprintf.o)
                0x000000000800ce14                _vfprintf_r
                0x000000000800ce14                _vfiprintf_r
 .text._printf_common
                0x000000000800d048       0xe4 C:/ST/STM32CubeIDE_1.14.1/STM32CubeIDE/plugins/com.st.stm32cube.ide.mcu.externaltools.gnu-tools-for-stm32.11.3.rel1.win32_1.1.100.202309141235/tools/bin/../lib/gcc/arm-none-eabi/11.3.1/../../../../arm-none-eabi/lib/thumb/v7-m/nofp\libc_nano.a(libc_a-nano-vfprintf_i.o)
                0x000000000800d048                _printf_common
 .text._printf_i
                0x000000000800d12c      0x244 C:/ST/STM32CubeIDE_1.14.1/STM32CubeIDE/plugins/com.st.stm32cube.ide.mcu.externaltools.gnu-tools-for-stm32.11.3.rel1.win32_1.1.100.202309141235/tools/bin/../lib/gcc/arm-none-eabi/11.3.1/../../../../arm-none-eabi/lib/thumb/v7-m/nofp\libc_nano.a(libc_a-nano-vfprintf_i.o)
                0x000000000800d12c                _printf_i
 .text.__sflush_r
                0x000000000800d370      0x104 C:/ST/STM32CubeIDE_1.14.1/STM32CubeIDE/plugins/com.st.stm32cube.ide.mcu.externaltools.gnu-tools-for-stm32.11.3.rel1.win32_1.1.100.202309141235/tools/bin/../lib/gcc/arm-none-eabi/11.3.1/../../../../arm-none-eabi/lib/thumb/v7-m/nofp\libc_nano.a(libc_a-fflush.o)
                0x000000000800d370                __sflush_r
 .text._fflush_r
                0x000000000800d474       0x50 C:/ST/STM32CubeIDE_1.14.1/STM32CubeIDE/plugins/com.st.stm32cube.ide.mcu.externaltools.gnu-tools-for-stm32.11.3.rel1.win32_1.1.100.202309141235/tools/bin/../lib/gcc/arm-none-eabi/11.3.1/../../../../arm-none-eabi/lib/thumb/v7-m/nofp\libc_nano.a(libc_a-fflush.o)
                0x000000000800d474                _fflush_r
 .text.__swbuf_r
                0x000000000800d4c4       0x7a C:/ST/STM32CubeIDE_1.14.1/STM32CubeIDE/plugins/com.st.stm32cube.ide.mcu.externaltools.gnu-tools-for-stm32.11.3.rel1.win32_1.1.100.202309141235/tools/bin/../lib/gcc/arm-none-eabi/11.3.1/../../../../arm-none-eabi/lib/thumb/v7-m/nofp\libc_nano.a(libc_a-wbuf.o)
                0x000000000800d4c4                __swbuf_r
 *fill*         0x000000000800d53e        0x2 
 .text.__swsetup_r
                0x000000000800d540       0xb0 C:/ST/STM32CubeIDE_1.14.1/STM32CubeIDE/plugins/com.st.stm32cube.ide.mcu.externaltools.gnu-tools-for-stm32.11.3.rel1.win32_1.1.100.202309141235/tools/bin/../lib/gcc/arm-none-eabi/11.3.1/../../../../arm-none-eabi/lib/thumb/v7-m/nofp\libc_nano.a(libc_a-wsetup.o)
                0x000000000800d540                __swsetup_r
 .text.memmove  0x000000000800d5f0       0x34 C:/ST/STM32CubeIDE_1.14.1/STM32CubeIDE/plugins/com.st.stm32cube.ide.mcu.externaltools.gnu-tools-for-stm32.11.3.rel1.win32_1.1.100.202309141235/tools/bin/../lib/gcc/arm-none-eabi/11.3.1/../../../../arm-none-eabi/lib/thumb/v7-m/nofp\libc_nano.a(libc_a-memmove.o)
                0x000000000800d5f0                memmove
 .text._raise_r
                0x000000000800d624       0x50 C:/ST/STM32CubeIDE_1.14.1/STM32CubeIDE/plugins/com.st.stm32cube.ide.mcu.externaltools.gnu-tools-for-stm32.11.3.rel1.win32_1.1.100.202309141235/tools/bin/../lib/gcc/arm-none-eabi/11.3.1/../../../../arm-none-eabi/lib/thumb/v7-m/nofp\libc_nano.a(libc_a-signal.o)
                0x000000000800d624                _raise_r
 .text.raise    0x000000000800d674       0x10 C:/ST/STM32CubeIDE_1.14.1/STM32CubeIDE/plugins/com.st.stm32cube.ide.mcu.externaltools.gnu-tools-for-stm32.11.3.rel1.win32_1.1.100.202309141235/tools/bin/../lib/gcc/arm-none-eabi/11.3.1/../../../../arm-none-eabi/lib/thumb/v7-m/nofp\libc_nano.a(libc_a-signal.o)
                0x000000000800d674                raise
 .text._kill_r  0x000000000800d684       0x24 C:/ST/STM32CubeIDE_1.14.1/STM32CubeIDE/plugins/com.st.stm32cube.ide.mcu.externaltools.gnu-tools-for-stm32.11.3.rel1.win32_1.1.100.202309141235/tools/bin/../lib/gcc/arm-none-eabi/11.3.1/../../../../arm-none-eabi/lib/thumb/v7-m/nofp\libc_nano.a(libc_a-signalr.o)
                0x000000000800d684                _kill_r
 .text._getpid_r
                0x000000000800d6a8        0x4 C:/ST/STM32CubeIDE_1.14.1/STM32CubeIDE/plugins/com.st.stm32cube.ide.mcu.externaltools.gnu-tools-for-stm32.11.3.rel1.win32_1.1.100.202309141235/tools/bin/../lib/gcc/arm-none-eabi/11.3.1/../../../../arm-none-eabi/lib/thumb/v7-m/nofp\libc_nano.a(libc_a-signalr.o)
                0x000000000800d6a8                _getpid_r
 .text._sbrk_r  0x000000000800d6ac       0x20 C:/ST/STM32CubeIDE_1.14.1/STM32CubeIDE/plugins/com.st.stm32cube.ide.mcu.externaltools.gnu-tools-for-stm32.11.3.rel1.win32_1.1.100.202309141235/tools/bin/../lib/gcc/arm-none-eabi/11.3.1/../../../../arm-none-eabi/lib/thumb/v7-m/nofp\libc_nano.a(libc_a-sbrkr.o)
                0x000000000800d6ac                _sbrk_r
 .text.memchr   0x000000000800d6cc       0x1c C:/ST/STM32CubeIDE_1.14.1/STM32CubeIDE/plugins/com.st.stm32cube.ide.mcu.externaltools.gnu-tools-for-stm32.11.3.rel1.win32_1.1.100.202309141235/tools/bin/../lib/gcc/arm-none-eabi/11.3.1/../../../../arm-none-eabi/lib/thumb/v7-m/nofp\libc_nano.a(libc_a-memchr-stub.o)
                0x000000000800d6cc                memchr
 .text._realloc_r
                0x000000000800d6e8       0x5e C:/ST/STM32CubeIDE_1.14.1/STM32CubeIDE/plugins/com.st.stm32cube.ide.mcu.externaltools.gnu-tools-for-stm32.11.3.rel1.win32_1.1.100.202309141235/tools/bin/../lib/gcc/arm-none-eabi/11.3.1/../../../../arm-none-eabi/lib/thumb/v7-m/nofp\libc_nano.a(libc_a-reallocr.o)
                0x000000000800d6e8                _realloc_r
 .text.__swhatbuf_r
                0x000000000800d746       0x4a C:/ST/STM32CubeIDE_1.14.1/STM32CubeIDE/plugins/com.st.stm32cube.ide.mcu.externaltools.gnu-tools-for-stm32.11.3.rel1.win32_1.1.100.202309141235/tools/bin/../lib/gcc/arm-none-eabi/11.3.1/../../../../arm-none-eabi/lib/thumb/v7-m/nofp\libc_nano.a(libc_a-makebuf.o)
                0x000000000800d746                __swhatbuf_r
 .text.__smakebuf_r
                0x000000000800d790       0x78 C:/ST/STM32CubeIDE_1.14.1/STM32CubeIDE/plugins/com.st.stm32cube.ide.mcu.externaltools.gnu-tools-for-stm32.11.3.rel1.win32_1.1.100.202309141235/tools/bin/../lib/gcc/arm-none-eabi/11.3.1/../../../../arm-none-eabi/lib/thumb/v7-m/nofp\libc_nano.a(libc_a-makebuf.o)
                0x000000000800d790                __smakebuf_r
 .text._fstat_r
                0x000000000800d808       0x24 C:/ST/STM32CubeIDE_1.14.1/STM32CubeIDE/plugins/com.st.stm32cube.ide.mcu.externaltools.gnu-tools-for-stm32.11.3.rel1.win32_1.1.100.202309141235/tools/bin/../lib/gcc/arm-none-eabi/11.3.1/../../../../arm-none-eabi/lib/thumb/v7-m/nofp\libc_nano.a(libc_a-fstatr.o)
                0x000000000800d808                _fstat_r
 .text._isatty_r
                0x000000000800d82c       0x20 C:/ST/STM32CubeIDE_1.14.1/STM32CubeIDE/plugins/com.st.stm32cube.ide.mcu.externaltools.gnu-tools-for-stm32.11.3.rel1.win32_1.1.100.202309141235/tools/bin/../lib/gcc/arm-none-eabi/11.3.1/../../../../arm-none-eabi/lib/thumb/v7-m/nofp\libc_nano.a(libc_a-isattyr.o)
                0x000000000800d82c                _isatty_r
 .text._malloc_usable_size_r
                0x000000000800d84c       0x10 C:/ST/STM32CubeIDE_1.14.1/STM32CubeIDE/plugins/com.st.stm32cube.ide.mcu.externaltools.gnu-tools-for-stm32.11.3.rel1.win32_1.1.100.202309141235/tools/bin/../lib/gcc/arm-none-eabi/11.3.1/../../../../arm-none-eabi/lib/thumb/v7-m/nofp\libc_nano.a(libc_a-msizer.o)
                0x000000000800d84c                _malloc_usable_size_r
 *(.glue_7)
 .glue_7        0x000000000800d85c        0x0 linker stubs
 *(.glue_7t)
 .glue_7t       0x000000000800d85c        0x0 linker stubs
 *(.eh_frame)
 .eh_frame      0x000000000800d85c        0x0 C:/ST/STM32CubeIDE_1.14.1/STM32CubeIDE/plugins/com.st.stm32cube.ide.mcu.externaltools.gnu-tools-for-stm32.11.3.rel1.win32_1.1.100.202309141235/tools/bin/../lib/gcc/arm-none-eabi/11.3.1/thumb/v7-m/nofp/crtbegin.o
 *(.init)
 .init          0x000000000800d85c        0x4 C:/ST/STM32CubeIDE_1.14.1/STM32CubeIDE/plugins/com.st.stm32cube.ide.mcu.externaltools.gnu-tools-for-stm32.11.3.rel1.win32_1.1.100.202309141235/tools/bin/../lib/gcc/arm-none-eabi/11.3.1/thumb/v7-m/nofp/crti.o
                0x000000000800d85c                _init
 .init          0x000000000800d860        0x8 C:/ST/STM32CubeIDE_1.14.1/STM32CubeIDE/plugins/com.st.stm32cube.ide.mcu.externaltools.gnu-tools-for-stm32.11.3.rel1.win32_1.1.100.202309141235/tools/bin/../lib/gcc/arm-none-eabi/11.3.1/thumb/v7-m/nofp/crtn.o
 *(.fini)
 .fini          0x000000000800d868        0x4 C:/ST/STM32CubeIDE_1.14.1/STM32CubeIDE/plugins/com.st.stm32cube.ide.mcu.externaltools.gnu-tools-for-stm32.11.3.rel1.win32_1.1.100.202309141235/tools/bin/../lib/gcc/arm-none-eabi/11.3.1/thumb/v7-m/nofp/crti.o
                0x000000000800d868                _fini
 .fini          0x000000000800d86c        0x8 C:/ST/STM32CubeIDE_1.14.1/STM32CubeIDE/plugins/com.st.stm32cube.ide.mcu.externaltools.gnu-tools-for-stm32.11.3.rel1.win32_1.1.100.202309141235/tools/bin/../lib/gcc/arm-none-eabi/11.3.1/thumb/v7-m/nofp/crtn.o
                0x000000000800d874                . = ALIGN (0x4)
                0x000000000800d874                _etext = .

.vfp11_veneer   0x000000000800d874        0x0
 .vfp11_veneer  0x000000000800d874        0x0 linker stubs

.v4_bx          0x000000000800d874        0x0
 .v4_bx         0x000000000800d874        0x0 linker stubs

.iplt           0x000000000800d874        0x0
 .iplt          0x000000000800d874        0x0 C:/ST/STM32CubeIDE_1.14.1/STM32CubeIDE/plugins/com.st.stm32cube.ide.mcu.externaltools.gnu-tools-for-stm32.11.3.rel1.win32_1.1.100.202309141235/tools/bin/../lib/gcc/arm-none-eabi/11.3.1/thumb/v7-m/nofp/crtbegin.o

.rodata         0x000000000800d874     0x175c
                0x000000000800d874                . = ALIGN (0x4)
 *(.rodata)
 .rodata        0x000000000800d874       0x6a ./Core/Src/UserInterface.o
 *fill*         0x000000000800d8de        0x2 
 .rodata        0x000000000800d8e0       0x54 ./Core/Src/sht3x.o
 *(.rodata*)
 .rodata.SX1278_Power
                0x000000000800d934        0x4 ./Core/Src/SX1278.o
 .rodata.SX1278_SpreadFactor
                0x000000000800d938        0x7 ./Core/Src/SX1278.o
 *fill*         0x000000000800d93f        0x1 
 .rodata.SX1278_LoRaBandwidth
                0x000000000800d940        0xa ./Core/Src/SX1278.o
 *fill*         0x000000000800d94a        0x2 
 .rodata.SX1278_CodingRate
                0x000000000800d94c        0x4 ./Core/Src/SX1278.o
 .rodata.SX1278_CRC_Sum
                0x000000000800d950        0x2 ./Core/Src/SX1278.o
 *fill*         0x000000000800d952        0x2 
 .rodata.sbox   0x000000000800d954      0x100 ./Core/Src/aes.o
 .rodata.Rcon   0x000000000800da54        0xb ./Core/Src/aes.o
 *fill*         0x000000000800da5f        0x1 
 .rodata.Font7x10
                0x000000000800da60      0x76c ./Core/Src/fonts.o
                0x000000000800da60                Font7x10
 .rodata.Font11x18
                0x000000000800e1cc      0xd5c ./Core/Src/fonts.o
                0x000000000800e1cc                Font11x18
 .rodata.__func__.0
                0x000000000800ef28        0xb ./Core/Src/sht3x.o
 *fill*         0x000000000800ef33        0x1 
 .rodata.AHBPrescTable
                0x000000000800ef34       0x10 ./Core/Src/system_stm32f1xx.o
                0x000000000800ef34                AHBPrescTable
 .rodata.APBPrescTable
                0x000000000800ef44        0x8 ./Core/Src/system_stm32f1xx.o
                0x000000000800ef44                APBPrescTable
 .rodata.aPLLMULFactorTable.1
                0x000000000800ef4c       0x10 ./Drivers/STM32F1xx_HAL_Driver/Src/stm32f1xx_hal_rcc.o
 .rodata.aPredivFactorTable.0
                0x000000000800ef5c        0x2 ./Drivers/STM32F1xx_HAL_Driver/Src/stm32f1xx_hal_rcc.o
 .rodata.__assert_func.str1.1
                0x000000000800ef5e       0x3c C:/ST/STM32CubeIDE_1.14.1/STM32CubeIDE/plugins/com.st.stm32cube.ide.mcu.externaltools.gnu-tools-for-stm32.11.3.rel1.win32_1.1.100.202309141235/tools/bin/../lib/gcc/arm-none-eabi/11.3.1/../../../../arm-none-eabi/lib/thumb/v7-m/nofp\libc_nano.a(libc_a-assert.o)
                                         0x3d (size before relaxing)
 .rodata._svfprintf_r.str1.1
                0x000000000800ef9a       0x11 C:/ST/STM32CubeIDE_1.14.1/STM32CubeIDE/plugins/com.st.stm32cube.ide.mcu.externaltools.gnu-tools-for-stm32.11.3.rel1.win32_1.1.100.202309141235/tools/bin/../lib/gcc/arm-none-eabi/11.3.1/../../../../arm-none-eabi/lib/thumb/v7-m/nofp\libc_nano.a(libc_a-nano-svfprintf.o)
 .rodata._vfprintf_r.str1.1
                0x000000000800efab       0x11 C:/ST/STM32CubeIDE_1.14.1/STM32CubeIDE/plugins/com.st.stm32cube.ide.mcu.externaltools.gnu-tools-for-stm32.11.3.rel1.win32_1.1.100.202309141235/tools/bin/../lib/gcc/arm-none-eabi/11.3.1/../../../../arm-none-eabi/lib/thumb/v7-m/nofp\libc_nano.a(libc_a-nano-vfprintf.o)
 .rodata._printf_i.str1.1
                0x000000000800efab       0x22 C:/ST/STM32CubeIDE_1.14.1/STM32CubeIDE/plugins/com.st.stm32cube.ide.mcu.externaltools.gnu-tools-for-stm32.11.3.rel1.win32_1.1.100.202309141235/tools/bin/../lib/gcc/arm-none-eabi/11.3.1/../../../../arm-none-eabi/lib/thumb/v7-m/nofp\libc_nano.a(libc_a-nano-vfprintf_i.o)
                0x000000000800efd0                . = ALIGN (0x4)
 *fill*         0x000000000800efcd        0x3 

.ARM.extab      0x000000000800efd0        0x0
                0x000000000800efd0                . = ALIGN (0x4)
 *(.ARM.extab* .gnu.linkonce.armextab.*)
                0x000000000800efd0                . = ALIGN (0x4)

.ARM            0x000000000800efd0        0x8
                0x000000000800efd0                . = ALIGN (0x4)
                0x000000000800efd0                __exidx_start = .
 *(.ARM.exidx*)
 .ARM.exidx     0x000000000800efd0        0x8 C:/ST/STM32CubeIDE_1.14.1/STM32CubeIDE/plugins/com.st.stm32cube.ide.mcu.externaltools.gnu-tools-for-stm32.11.3.rel1.win32_1.1.100.202309141235/tools/bin/../lib/gcc/arm-none-eabi/11.3.1/thumb/v7-m/nofp\libgcc.a(_udivmoddi4.o)
                0x000000000800efd8                __exidx_end = .
                0x000000000800efd8                . = ALIGN (0x4)

.rel.dyn        0x000000000800efd8        0x0
 .rel.iplt      0x000000000800efd8        0x0 C:/ST/STM32CubeIDE_1.14.1/STM32CubeIDE/plugins/com.st.stm32cube.ide.mcu.externaltools.gnu-tools-for-stm32.11.3.rel1.win32_1.1.100.202309141235/tools/bin/../lib/gcc/arm-none-eabi/11.3.1/thumb/v7-m/nofp/crtbegin.o

.preinit_array  0x000000000800efd8        0x0
                0x000000000800efd8                . = ALIGN (0x4)
                0x000000000800efd8                PROVIDE (__preinit_array_start = .)
 *(.preinit_array*)
                0x000000000800efd8                PROVIDE (__preinit_array_end = .)
                0x000000000800efd8                . = ALIGN (0x4)

.init_array     0x000000000800efd8        0x4
                0x000000000800efd8                . = ALIGN (0x4)
                0x000000000800efd8                PROVIDE (__init_array_start = .)
 *(SORT_BY_NAME(.init_array.*))
 *(.init_array*)
 .init_array    0x000000000800efd8        0x4 C:/ST/STM32CubeIDE_1.14.1/STM32CubeIDE/plugins/com.st.stm32cube.ide.mcu.externaltools.gnu-tools-for-stm32.11.3.rel1.win32_1.1.100.202309141235/tools/bin/../lib/gcc/arm-none-eabi/11.3.1/thumb/v7-m/nofp/crtbegin.o
                0x000000000800efdc                PROVIDE (__init_array_end = .)
                0x000000000800efdc                . = ALIGN (0x4)

.fini_array     0x000000000800efdc        0x4
                0x000000000800efdc                . = ALIGN (0x4)
                [!provide]                        PROVIDE (__fini_array_start = .)
 *(SORT_BY_NAME(.fini_array.*))
 *(.fini_array*)
 .fini_array    0x000000000800efdc        0x4 C:/ST/STM32CubeIDE_1.14.1/STM32CubeIDE/plugins/com.st.stm32cube.ide.mcu.externaltools.gnu-tools-for-stm32.11.3.rel1.win32_1.1.100.202309141235/tools/bin/../lib/gcc/arm-none-eabi/11.3.1/thumb/v7-m/nofp/crtbegin.o
                [!provide]                        PROVIDE (__fini_array_end = .)
                0x000000000800efe0                . = ALIGN (0x4)
                0x000000000800efe0                _sidata = LOADADDR (.data)

.data           0x0000000020000000       0xa0 load address 0x000000000800efe0
                0x0000000020000000                . = ALIGN (0x4)
                0x0000000020000000                _sdata = .
 *(.data)
 *(.data*)
 .data.AES_CTR_128_Key
                0x0000000020000000       0x10 ./Core/Src/SX1278_if.o
 .data.AES_CTR_128_IV
                0x0000000020000010       0x10 ./Core/Src/SX1278_if.o
 .data.Font_7x10
                0x0000000020000020        0x8 ./Core/Src/fonts.o
                0x0000000020000020                Font_7x10
 .data.Font_11x18
                0x0000000020000028        0x8 ./Core/Src/fonts.o
                0x0000000020000028                Font_11x18
 .data.handle   0x0000000020000030        0x6 ./Core/Src/function.o
                0x0000000020000030                handle
 *fill*         0x0000000020000036        0x2 
 .data.SystemCoreClock
                0x0000000020000038        0x4 ./Core/Src/system_stm32f1xx.o
                0x0000000020000038                SystemCoreClock
 .data.uwTickPrio
                0x000000002000003c        0x4 ./Drivers/STM32F1xx_HAL_Driver/Src/stm32f1xx_hal.o
                0x000000002000003c                uwTickPrio
 .data.uwTickFreq
                0x0000000020000040        0x1 ./Drivers/STM32F1xx_HAL_Driver/Src/stm32f1xx_hal.o
                0x0000000020000040                uwTickFreq
 *fill*         0x0000000020000041        0x3 
 .data.__sglue  0x0000000020000044        0xc C:/ST/STM32CubeIDE_1.14.1/STM32CubeIDE/plugins/com.st.stm32cube.ide.mcu.externaltools.gnu-tools-for-stm32.11.3.rel1.win32_1.1.100.202309141235/tools/bin/../lib/gcc/arm-none-eabi/11.3.1/../../../../arm-none-eabi/lib/thumb/v7-m/nofp\libc_nano.a(libc_a-findfp.o)
                0x0000000020000044                __sglue
 .data._impure_data
                0x0000000020000050       0x4c C:/ST/STM32CubeIDE_1.14.1/STM32CubeIDE/plugins/com.st.stm32cube.ide.mcu.externaltools.gnu-tools-for-stm32.11.3.rel1.win32_1.1.100.202309141235/tools/bin/../lib/gcc/arm-none-eabi/11.3.1/../../../../arm-none-eabi/lib/thumb/v7-m/nofp\libc_nano.a(libc_a-impure.o)
                0x0000000020000050                _impure_data
 .data._impure_ptr
                0x000000002000009c        0x4 C:/ST/STM32CubeIDE_1.14.1/STM32CubeIDE/plugins/com.st.stm32cube.ide.mcu.externaltools.gnu-tools-for-stm32.11.3.rel1.win32_1.1.100.202309141235/tools/bin/../lib/gcc/arm-none-eabi/11.3.1/../../../../arm-none-eabi/lib/thumb/v7-m/nofp\libc_nano.a(libc_a-impure.o)
                0x000000002000009c                _impure_ptr
 *(.RamFunc)
 *(.RamFunc*)
                0x00000000200000a0                . = ALIGN (0x4)
                0x00000000200000a0                _edata = .

.igot.plt       0x00000000200000a0        0x0 load address 0x000000000800f080
 .igot.plt      0x00000000200000a0        0x0 C:/ST/STM32CubeIDE_1.14.1/STM32CubeIDE/plugins/com.st.stm32cube.ide.mcu.externaltools.gnu-tools-for-stm32.11.3.rel1.win32_1.1.100.202309141235/tools/bin/../lib/gcc/arm-none-eabi/11.3.1/thumb/v7-m/nofp/crtbegin.o
                0x00000000200000a0                . = ALIGN (0x4)

.bss            0x00000000200000a0      0x9e4 load address 0x000000000800f080
                0x00000000200000a0                _sbss = .
                0x00000000200000a0                __bss_start__ = _sbss
 *(.bss)
 .bss           0x00000000200000a0       0x1c C:/ST/STM32CubeIDE_1.14.1/STM32CubeIDE/plugins/com.st.stm32cube.ide.mcu.externaltools.gnu-tools-for-stm32.11.3.rel1.win32_1.1.100.202309141235/tools/bin/../lib/gcc/arm-none-eabi/11.3.1/thumb/v7-m/nofp/crtbegin.o
 *(.bss*)
 .bss.SSD1306_Buffer
                0x00000000200000bc      0x420 ./Core/Src/SSD1306.o
 .bss.SSD1306   0x00000000200004dc        0x6 ./Core/Src/SSD1306.o
 .bss.gl_Status_Flag
                0x00000000200004e2        0x1 ./Core/Src/SX1278_if.o
                0x00000000200004e2                gl_Status_Flag
 .bss.ret       0x00000000200004e3        0x1 ./Core/Src/SX1278_if.o
                0x00000000200004e3                ret
 .bss.buffer_resp
                0x00000000200004e4       0x10 ./Core/Src/SX1278_if.o
                0x00000000200004e4                buffer_resp
 .bss.buffer_send
                0x00000000200004f4       0x10 ./Core/Src/SX1278_if.o
                0x00000000200004f4                buffer_send
 .bss.buffer_DHT
                0x0000000020000504        0x4 ./Core/Src/SX1278_if.o
                0x0000000020000504                buffer_DHT
 .bss.MQ2_Val   0x0000000020000508        0x2 ./Core/Src/SX1278_if.o
                0x0000000020000508                MQ2_Val
 *fill*         0x000000002000050a        0x2 
 .bss.Node_Address
                0x000000002000050c        0x4 ./Core/Src/SX1278_if.o
                0x000000002000050c                Node_Address
 .bss.Address_Receive
                0x0000000020000510        0x4 ./Core/Src/SX1278_if.o
                0x0000000020000510                Address_Receive
 .bss.ctx       0x0000000020000514       0xc0 ./Core/Src/SX1278_if.o
                0x0000000020000514                ctx
 .bss.gl_appver
                0x00000000200005d4        0x4 ./Core/Src/UserInterface.o
 .bss.Node_ID   0x00000000200005d8        0x4 ./Core/Src/UserInterface.o
 .bss.hadc1     0x00000000200005dc       0x30 ./Core/Src/main.o
                0x00000000200005dc                hadc1
 .bss.hi2c1     0x000000002000060c       0x54 ./Core/Src/main.o
                0x000000002000060c                hi2c1
 .bss.hi2c2     0x0000000020000660       0x54 ./Core/Src/main.o
                0x0000000020000660                hi2c2
 .bss.hdma_i2c1_tx
                0x00000000200006b4       0x44 ./Core/Src/main.o
                0x00000000200006b4                hdma_i2c1_tx
 .bss.hspi1     0x00000000200006f8       0x58 ./Core/Src/main.o
                0x00000000200006f8                hspi1
 .bss.htim1     0x0000000020000750       0x48 ./Core/Src/main.o
                0x0000000020000750                htim1
 .bss.htim2     0x0000000020000798       0x48 ./Core/Src/main.o
                0x0000000020000798                htim2
 .bss.SX1278_hw
                0x00000000200007e0       0x1c ./Core/Src/main.o
                0x00000000200007e0                SX1278_hw
 .bss.SX1278    0x00000000200007fc      0x114 ./Core/Src/main.o
                0x00000000200007fc                SX1278
 .bss.__sbrk_heap_end
                0x0000000020000910        0x4 ./Core/Src/sysmem.o
 .bss.uwTick    0x0000000020000914        0x4 ./Drivers/STM32F1xx_HAL_Driver/Src/stm32f1xx_hal.o
                0x0000000020000914                uwTick
 .bss.pFlash    0x0000000020000918       0x20 ./Drivers/STM32F1xx_HAL_Driver/Src/stm32f1xx_hal_flash.o
                0x0000000020000918                pFlash
 .bss.__sf      0x0000000020000938      0x138 C:/ST/STM32CubeIDE_1.14.1/STM32CubeIDE/plugins/com.st.stm32cube.ide.mcu.externaltools.gnu-tools-for-stm32.11.3.rel1.win32_1.1.100.202309141235/tools/bin/../lib/gcc/arm-none-eabi/11.3.1/../../../../arm-none-eabi/lib/thumb/v7-m/nofp\libc_nano.a(libc_a-findfp.o)
                0x0000000020000938                __sf
 .bss.__stdio_exit_handler
                0x0000000020000a70        0x4 C:/ST/STM32CubeIDE_1.14.1/STM32CubeIDE/plugins/com.st.stm32cube.ide.mcu.externaltools.gnu-tools-for-stm32.11.3.rel1.win32_1.1.100.202309141235/tools/bin/../lib/gcc/arm-none-eabi/11.3.1/../../../../arm-none-eabi/lib/thumb/v7-m/nofp\libc_nano.a(libc_a-findfp.o)
                0x0000000020000a70                __stdio_exit_handler
 .bss.errno     0x0000000020000a74        0x4 C:/ST/STM32CubeIDE_1.14.1/STM32CubeIDE/plugins/com.st.stm32cube.ide.mcu.externaltools.gnu-tools-for-stm32.11.3.rel1.win32_1.1.100.202309141235/tools/bin/../lib/gcc/arm-none-eabi/11.3.1/../../../../arm-none-eabi/lib/thumb/v7-m/nofp\libc_nano.a(libc_a-reent.o)
                0x0000000020000a74                errno
 .bss.__lock___malloc_recursive_mutex
                0x0000000020000a78        0x1 C:/ST/STM32CubeIDE_1.14.1/STM32CubeIDE/plugins/com.st.stm32cube.ide.mcu.externaltools.gnu-tools-for-stm32.11.3.rel1.win32_1.1.100.202309141235/tools/bin/../lib/gcc/arm-none-eabi/11.3.1/../../../../arm-none-eabi/lib/thumb/v7-m/nofp\libc_nano.a(libc_a-lock.o)
                0x0000000020000a78                __lock___malloc_recursive_mutex
 .bss.__lock___sfp_recursive_mutex
                0x0000000020000a79        0x1 C:/ST/STM32CubeIDE_1.14.1/STM32CubeIDE/plugins/com.st.stm32cube.ide.mcu.externaltools.gnu-tools-for-stm32.11.3.rel1.win32_1.1.100.202309141235/tools/bin/../lib/gcc/arm-none-eabi/11.3.1/../../../../arm-none-eabi/lib/thumb/v7-m/nofp\libc_nano.a(libc_a-lock.o)
                0x0000000020000a79                __lock___sfp_recursive_mutex
 *fill*         0x0000000020000a7a        0x2 
 .bss.__malloc_free_list
                0x0000000020000a7c        0x4 C:/ST/STM32CubeIDE_1.14.1/STM32CubeIDE/plugins/com.st.stm32cube.ide.mcu.externaltools.gnu-tools-for-stm32.11.3.rel1.win32_1.1.100.202309141235/tools/bin/../lib/gcc/arm-none-eabi/11.3.1/../../../../arm-none-eabi/lib/thumb/v7-m/nofp\libc_nano.a(libc_a-mallocr.o)
                0x0000000020000a7c                __malloc_free_list
 .bss.__malloc_sbrk_start
                0x0000000020000a80        0x4 C:/ST/STM32CubeIDE_1.14.1/STM32CubeIDE/plugins/com.st.stm32cube.ide.mcu.externaltools.gnu-tools-for-stm32.11.3.rel1.win32_1.1.100.202309141235/tools/bin/../lib/gcc/arm-none-eabi/11.3.1/../../../../arm-none-eabi/lib/thumb/v7-m/nofp\libc_nano.a(libc_a-mallocr.o)
                0x0000000020000a80                __malloc_sbrk_start
 *(COMMON)
                0x0000000020000a84                . = ALIGN (0x4)
                0x0000000020000a84                _ebss = .
                0x0000000020000a84                __bss_end__ = _ebss

._user_heap_stack
                0x0000000020000a84      0x604 load address 0x000000000800f080
                0x0000000020000a88                . = ALIGN (0x8)
 *fill*         0x0000000020000a84        0x4 
                [!provide]                        PROVIDE (end = .)
                0x0000000020000a88                PROVIDE (_end = .)
                0x0000000020000c88                . = (. + _Min_Heap_Size)
 *fill*         0x0000000020000a88      0x200 
                0x0000000020001088                . = (. + _Min_Stack_Size)
 *fill*         0x0000000020000c88      0x400 
                0x0000000020001088                . = ALIGN (0x8)

/DISCARD/
 libc.a(*)
 libm.a(*)
 libgcc.a(*)

.ARM.attributes
                0x0000000000000000       0x29
 *(.ARM.attributes)
 .ARM.attributes
                0x0000000000000000       0x1d C:/ST/STM32CubeIDE_1.14.1/STM32CubeIDE/plugins/com.st.stm32cube.ide.mcu.externaltools.gnu-tools-for-stm32.11.3.rel1.win32_1.1.100.202309141235/tools/bin/../lib/gcc/arm-none-eabi/11.3.1/thumb/v7-m/nofp/crti.o
 .ARM.attributes
                0x000000000000001d       0x2d C:/ST/STM32CubeIDE_1.14.1/STM32CubeIDE/plugins/com.st.stm32cube.ide.mcu.externaltools.gnu-tools-for-stm32.11.3.rel1.win32_1.1.100.202309141235/tools/bin/../lib/gcc/arm-none-eabi/11.3.1/thumb/v7-m/nofp/crtbegin.o
 .ARM.attributes
                0x000000000000004a       0x2d ./Core/Src/SSD1306.o
 .ARM.attributes
                0x0000000000000077       0x2d ./Core/Src/SX1278.o
 .ARM.attributes
                0x00000000000000a4       0x2d ./Core/Src/SX1278_hw.o
 .ARM.attributes
                0x00000000000000d1       0x2d ./Core/Src/SX1278_if.o
 .ARM.attributes
                0x00000000000000fe       0x2d ./Core/Src/UserInterface.o
 .ARM.attributes
                0x000000000000012b       0x2d ./Core/Src/aes.o
 .ARM.attributes
                0x0000000000000158       0x2d ./Core/Src/fonts.o
 .ARM.attributes
                0x0000000000000185       0x2d ./Core/Src/function.o
 .ARM.attributes
                0x00000000000001b2       0x2d ./Core/Src/main.o
 .ARM.attributes
                0x00000000000001df       0x2d ./Core/Src/sht3x.o
 .ARM.attributes
                0x000000000000020c       0x2d ./Core/Src/stm32f1xx_hal_msp.o
 .ARM.attributes
                0x0000000000000239       0x2d ./Core/Src/stm32f1xx_it.o
 .ARM.attributes
                0x0000000000000266       0x2d ./Core/Src/syscalls.o
 .ARM.attributes
                0x0000000000000293       0x2d ./Core/Src/sysmem.o
 .ARM.attributes
                0x00000000000002c0       0x2d ./Core/Src/system_stm32f1xx.o
 .ARM.attributes
                0x00000000000002ed       0x21 ./Core/Startup/startup_stm32f103c8tx.o
 .ARM.attributes
                0x000000000000030e       0x2d ./Drivers/STM32F1xx_HAL_Driver/Src/stm32f1xx_hal.o
 .ARM.attributes
                0x000000000000033b       0x2d ./Drivers/STM32F1xx_HAL_Driver/Src/stm32f1xx_hal_adc.o
 .ARM.attributes
                0x0000000000000368       0x2d ./Drivers/STM32F1xx_HAL_Driver/Src/stm32f1xx_hal_cortex.o
 .ARM.attributes
                0x0000000000000395       0x2d ./Drivers/STM32F1xx_HAL_Driver/Src/stm32f1xx_hal_dma.o
 .ARM.attributes
                0x00000000000003c2       0x2d ./Drivers/STM32F1xx_HAL_Driver/Src/stm32f1xx_hal_flash.o
 .ARM.attributes
                0x00000000000003ef       0x2d ./Drivers/STM32F1xx_HAL_Driver/Src/stm32f1xx_hal_flash_ex.o
 .ARM.attributes
                0x000000000000041c       0x2d ./Drivers/STM32F1xx_HAL_Driver/Src/stm32f1xx_hal_gpio.o
 .ARM.attributes
                0x0000000000000449       0x2d ./Drivers/STM32F1xx_HAL_Driver/Src/stm32f1xx_hal_i2c.o
 .ARM.attributes
                0x0000000000000476       0x2d ./Drivers/STM32F1xx_HAL_Driver/Src/stm32f1xx_hal_rcc.o
 .ARM.attributes
                0x00000000000004a3       0x2d ./Drivers/STM32F1xx_HAL_Driver/Src/stm32f1xx_hal_rcc_ex.o
 .ARM.attributes
                0x00000000000004d0       0x2d ./Drivers/STM32F1xx_HAL_Driver/Src/stm32f1xx_hal_spi.o
 .ARM.attributes
                0x00000000000004fd       0x2d ./Drivers/STM32F1xx_HAL_Driver/Src/stm32f1xx_hal_tim.o
 .ARM.attributes
                0x000000000000052a       0x2d ./Drivers/STM32F1xx_HAL_Driver/Src/stm32f1xx_hal_tim_ex.o
 .ARM.attributes
                0x0000000000000557       0x2d C:/ST/STM32CubeIDE_1.14.1/STM32CubeIDE/plugins/com.st.stm32cube.ide.mcu.externaltools.gnu-tools-for-stm32.11.3.rel1.win32_1.1.100.202309141235/tools/bin/../lib/gcc/arm-none-eabi/11.3.1/../../../../arm-none-eabi/lib/thumb/v7-m/nofp\libc_nano.a(libc_a-assert.o)
 .ARM.attributes
                0x0000000000000584       0x2d C:/ST/STM32CubeIDE_1.14.1/STM32CubeIDE/plugins/com.st.stm32cube.ide.mcu.externaltools.gnu-tools-for-stm32.11.3.rel1.win32_1.1.100.202309141235/tools/bin/../lib/gcc/arm-none-eabi/11.3.1/../../../../arm-none-eabi/lib/thumb/v7-m/nofp\libc_nano.a(libc_a-findfp.o)
 .ARM.attributes
                0x00000000000005b1       0x2d C:/ST/STM32CubeIDE_1.14.1/STM32CubeIDE/plugins/com.st.stm32cube.ide.mcu.externaltools.gnu-tools-for-stm32.11.3.rel1.win32_1.1.100.202309141235/tools/bin/../lib/gcc/arm-none-eabi/11.3.1/../../../../arm-none-eabi/lib/thumb/v7-m/nofp\libc_nano.a(libc_a-fprintf.o)
 .ARM.attributes
                0x00000000000005de       0x2d C:/ST/STM32CubeIDE_1.14.1/STM32CubeIDE/plugins/com.st.stm32cube.ide.mcu.externaltools.gnu-tools-for-stm32.11.3.rel1.win32_1.1.100.202309141235/tools/bin/../lib/gcc/arm-none-eabi/11.3.1/../../../../arm-none-eabi/lib/thumb/v7-m/nofp\libc_nano.a(libc_a-fwalk.o)
 .ARM.attributes
                0x000000000000060b       0x2d C:/ST/STM32CubeIDE_1.14.1/STM32CubeIDE/plugins/com.st.stm32cube.ide.mcu.externaltools.gnu-tools-for-stm32.11.3.rel1.win32_1.1.100.202309141235/tools/bin/../lib/gcc/arm-none-eabi/11.3.1/../../../../arm-none-eabi/lib/thumb/v7-m/nofp\libc_nano.a(libc_a-snprintf.o)
 .ARM.attributes
                0x0000000000000638       0x2d C:/ST/STM32CubeIDE_1.14.1/STM32CubeIDE/plugins/com.st.stm32cube.ide.mcu.externaltools.gnu-tools-for-stm32.11.3.rel1.win32_1.1.100.202309141235/tools/bin/../lib/gcc/arm-none-eabi/11.3.1/../../../../arm-none-eabi/lib/thumb/v7-m/nofp\libc_nano.a(libc_a-sprintf.o)
 .ARM.attributes
                0x0000000000000665       0x2d C:/ST/STM32CubeIDE_1.14.1/STM32CubeIDE/plugins/com.st.stm32cube.ide.mcu.externaltools.gnu-tools-for-stm32.11.3.rel1.win32_1.1.100.202309141235/tools/bin/../lib/gcc/arm-none-eabi/11.3.1/../../../../arm-none-eabi/lib/thumb/v7-m/nofp\libc_nano.a(libc_a-stdio.o)
 .ARM.attributes
                0x0000000000000692       0x2d C:/ST/STM32CubeIDE_1.14.1/STM32CubeIDE/plugins/com.st.stm32cube.ide.mcu.externaltools.gnu-tools-for-stm32.11.3.rel1.win32_1.1.100.202309141235/tools/bin/../lib/gcc/arm-none-eabi/11.3.1/../../../../arm-none-eabi/lib/thumb/v7-m/nofp\libc_nano.a(libc_a-memset.o)
 .ARM.attributes
                0x00000000000006bf       0x2d C:/ST/STM32CubeIDE_1.14.1/STM32CubeIDE/plugins/com.st.stm32cube.ide.mcu.externaltools.gnu-tools-for-stm32.11.3.rel1.win32_1.1.100.202309141235/tools/bin/../lib/gcc/arm-none-eabi/11.3.1/../../../../arm-none-eabi/lib/thumb/v7-m/nofp\libc_nano.a(libc_a-closer.o)
 .ARM.attributes
                0x00000000000006ec       0x2d C:/ST/STM32CubeIDE_1.14.1/STM32CubeIDE/plugins/com.st.stm32cube.ide.mcu.externaltools.gnu-tools-for-stm32.11.3.rel1.win32_1.1.100.202309141235/tools/bin/../lib/gcc/arm-none-eabi/11.3.1/../../../../arm-none-eabi/lib/thumb/v7-m/nofp\libc_nano.a(libc_a-reent.o)
 .ARM.attributes
                0x0000000000000719       0x2d C:/ST/STM32CubeIDE_1.14.1/STM32CubeIDE/plugins/com.st.stm32cube.ide.mcu.externaltools.gnu-tools-for-stm32.11.3.rel1.win32_1.1.100.202309141235/tools/bin/../lib/gcc/arm-none-eabi/11.3.1/../../../../arm-none-eabi/lib/thumb/v7-m/nofp\libc_nano.a(libc_a-impure.o)
 .ARM.attributes
                0x0000000000000746       0x2d C:/ST/STM32CubeIDE_1.14.1/STM32CubeIDE/plugins/com.st.stm32cube.ide.mcu.externaltools.gnu-tools-for-stm32.11.3.rel1.win32_1.1.100.202309141235/tools/bin/../lib/gcc/arm-none-eabi/11.3.1/../../../../arm-none-eabi/lib/thumb/v7-m/nofp\libc_nano.a(libc_a-lseekr.o)
 .ARM.attributes
                0x0000000000000773       0x2d C:/ST/STM32CubeIDE_1.14.1/STM32CubeIDE/plugins/com.st.stm32cube.ide.mcu.externaltools.gnu-tools-for-stm32.11.3.rel1.win32_1.1.100.202309141235/tools/bin/../lib/gcc/arm-none-eabi/11.3.1/../../../../arm-none-eabi/lib/thumb/v7-m/nofp\libc_nano.a(libc_a-readr.o)
 .ARM.attributes
                0x00000000000007a0       0x2d C:/ST/STM32CubeIDE_1.14.1/STM32CubeIDE/plugins/com.st.stm32cube.ide.mcu.externaltools.gnu-tools-for-stm32.11.3.rel1.win32_1.1.100.202309141235/tools/bin/../lib/gcc/arm-none-eabi/11.3.1/../../../../arm-none-eabi/lib/thumb/v7-m/nofp\libc_nano.a(libc_a-writer.o)
 .ARM.attributes
                0x00000000000007cd       0x2d C:/ST/STM32CubeIDE_1.14.1/STM32CubeIDE/plugins/com.st.stm32cube.ide.mcu.externaltools.gnu-tools-for-stm32.11.3.rel1.win32_1.1.100.202309141235/tools/bin/../lib/gcc/arm-none-eabi/11.3.1/../../../../arm-none-eabi/lib/thumb/v7-m/nofp\libc_nano.a(libc_a-errno.o)
 .ARM.attributes
                0x00000000000007fa       0x2d C:/ST/STM32CubeIDE_1.14.1/STM32CubeIDE/plugins/com.st.stm32cube.ide.mcu.externaltools.gnu-tools-for-stm32.11.3.rel1.win32_1.1.100.202309141235/tools/bin/../lib/gcc/arm-none-eabi/11.3.1/../../../../arm-none-eabi/lib/thumb/v7-m/nofp\libc_nano.a(libc_a-init.o)
 .ARM.attributes
                0x0000000000000827       0x2d C:/ST/STM32CubeIDE_1.14.1/STM32CubeIDE/plugins/com.st.stm32cube.ide.mcu.externaltools.gnu-tools-for-stm32.11.3.rel1.win32_1.1.100.202309141235/tools/bin/../lib/gcc/arm-none-eabi/11.3.1/../../../../arm-none-eabi/lib/thumb/v7-m/nofp\libc_nano.a(libc_a-lock.o)
 .ARM.attributes
                0x0000000000000854       0x2d C:/ST/STM32CubeIDE_1.14.1/STM32CubeIDE/plugins/com.st.stm32cube.ide.mcu.externaltools.gnu-tools-for-stm32.11.3.rel1.win32_1.1.100.202309141235/tools/bin/../lib/gcc/arm-none-eabi/11.3.1/../../../../arm-none-eabi/lib/thumb/v7-m/nofp\libc_nano.a(libc_a-memcpy-stub.o)
 .ARM.attributes
                0x0000000000000881       0x2d C:/ST/STM32CubeIDE_1.14.1/STM32CubeIDE/plugins/com.st.stm32cube.ide.mcu.externaltools.gnu-tools-for-stm32.11.3.rel1.win32_1.1.100.202309141235/tools/bin/../lib/gcc/arm-none-eabi/11.3.1/../../../../arm-none-eabi/lib/thumb/v7-m/nofp\libc_nano.a(libc_a-abort.o)
 .ARM.attributes
                0x00000000000008ae       0x2d C:/ST/STM32CubeIDE_1.14.1/STM32CubeIDE/plugins/com.st.stm32cube.ide.mcu.externaltools.gnu-tools-for-stm32.11.3.rel1.win32_1.1.100.202309141235/tools/bin/../lib/gcc/arm-none-eabi/11.3.1/../../../../arm-none-eabi/lib/thumb/v7-m/nofp\libc_nano.a(libc_a-freer.o)
 .ARM.attributes
                0x00000000000008db       0x2d C:/ST/STM32CubeIDE_1.14.1/STM32CubeIDE/plugins/com.st.stm32cube.ide.mcu.externaltools.gnu-tools-for-stm32.11.3.rel1.win32_1.1.100.202309141235/tools/bin/../lib/gcc/arm-none-eabi/11.3.1/../../../../arm-none-eabi/lib/thumb/v7-m/nofp\libc_nano.a(libc_a-mallocr.o)
 .ARM.attributes
                0x0000000000000908       0x2d C:/ST/STM32CubeIDE_1.14.1/STM32CubeIDE/plugins/com.st.stm32cube.ide.mcu.externaltools.gnu-tools-for-stm32.11.3.rel1.win32_1.1.100.202309141235/tools/bin/../lib/gcc/arm-none-eabi/11.3.1/../../../../arm-none-eabi/lib/thumb/v7-m/nofp\libc_nano.a(libc_a-mlock.o)
 .ARM.attributes
                0x0000000000000935       0x2d C:/ST/STM32CubeIDE_1.14.1/STM32CubeIDE/plugins/com.st.stm32cube.ide.mcu.externaltools.gnu-tools-for-stm32.11.3.rel1.win32_1.1.100.202309141235/tools/bin/../lib/gcc/arm-none-eabi/11.3.1/../../../../arm-none-eabi/lib/thumb/v7-m/nofp\libc_nano.a(libc_a-nano-svfprintf.o)
 .ARM.attributes
                0x0000000000000962       0x2d C:/ST/STM32CubeIDE_1.14.1/STM32CubeIDE/plugins/com.st.stm32cube.ide.mcu.externaltools.gnu-tools-for-stm32.11.3.rel1.win32_1.1.100.202309141235/tools/bin/../lib/gcc/arm-none-eabi/11.3.1/../../../../arm-none-eabi/lib/thumb/v7-m/nofp\libc_nano.a(libc_a-nano-vfprintf.o)
 .ARM.attributes
                0x000000000000098f       0x2d C:/ST/STM32CubeIDE_1.14.1/STM32CubeIDE/plugins/com.st.stm32cube.ide.mcu.externaltools.gnu-tools-for-stm32.11.3.rel1.win32_1.1.100.202309141235/tools/bin/../lib/gcc/arm-none-eabi/11.3.1/../../../../arm-none-eabi/lib/thumb/v7-m/nofp\libc_nano.a(libc_a-nano-vfprintf_i.o)
 .ARM.attributes
                0x00000000000009bc       0x2d C:/ST/STM32CubeIDE_1.14.1/STM32CubeIDE/plugins/com.st.stm32cube.ide.mcu.externaltools.gnu-tools-for-stm32.11.3.rel1.win32_1.1.100.202309141235/tools/bin/../lib/gcc/arm-none-eabi/11.3.1/../../../../arm-none-eabi/lib/thumb/v7-m/nofp\libc_nano.a(libc_a-fflush.o)
 .ARM.attributes
                0x00000000000009e9       0x2d C:/ST/STM32CubeIDE_1.14.1/STM32CubeIDE/plugins/com.st.stm32cube.ide.mcu.externaltools.gnu-tools-for-stm32.11.3.rel1.win32_1.1.100.202309141235/tools/bin/../lib/gcc/arm-none-eabi/11.3.1/../../../../arm-none-eabi/lib/thumb/v7-m/nofp\libc_nano.a(libc_a-wbuf.o)
 .ARM.attributes
                0x0000000000000a16       0x2d C:/ST/STM32CubeIDE_1.14.1/STM32CubeIDE/plugins/com.st.stm32cube.ide.mcu.externaltools.gnu-tools-for-stm32.11.3.rel1.win32_1.1.100.202309141235/tools/bin/../lib/gcc/arm-none-eabi/11.3.1/../../../../arm-none-eabi/lib/thumb/v7-m/nofp\libc_nano.a(libc_a-wsetup.o)
 .ARM.attributes
                0x0000000000000a43       0x2d C:/ST/STM32CubeIDE_1.14.1/STM32CubeIDE/plugins/com.st.stm32cube.ide.mcu.externaltools.gnu-tools-for-stm32.11.3.rel1.win32_1.1.100.202309141235/tools/bin/../lib/gcc/arm-none-eabi/11.3.1/../../../../arm-none-eabi/lib/thumb/v7-m/nofp\libc_nano.a(libc_a-memmove.o)
 .ARM.attributes
                0x0000000000000a70       0x2d C:/ST/STM32CubeIDE_1.14.1/STM32CubeIDE/plugins/com.st.stm32cube.ide.mcu.externaltools.gnu-tools-for-stm32.11.3.rel1.win32_1.1.100.202309141235/tools/bin/../lib/gcc/arm-none-eabi/11.3.1/../../../../arm-none-eabi/lib/thumb/v7-m/nofp\libc_nano.a(libc_a-signal.o)
 .ARM.attributes
                0x0000000000000a9d       0x2d C:/ST/STM32CubeIDE_1.14.1/STM32CubeIDE/plugins/com.st.stm32cube.ide.mcu.externaltools.gnu-tools-for-stm32.11.3.rel1.win32_1.1.100.202309141235/tools/bin/../lib/gcc/arm-none-eabi/11.3.1/../../../../arm-none-eabi/lib/thumb/v7-m/nofp\libc_nano.a(libc_a-signalr.o)
 .ARM.attributes
                0x0000000000000aca       0x2d C:/ST/STM32CubeIDE_1.14.1/STM32CubeIDE/plugins/com.st.stm32cube.ide.mcu.externaltools.gnu-tools-for-stm32.11.3.rel1.win32_1.1.100.202309141235/tools/bin/../lib/gcc/arm-none-eabi/11.3.1/../../../../arm-none-eabi/lib/thumb/v7-m/nofp\libc_nano.a(libc_a-sbrkr.o)
 .ARM.attributes