../Drivers/CMSIS/Include/core_cm3.h:1762:34:__NVIC_SystemReset	4	static,ignoring_inline_asm
../Core/Src/BL_Program.c:52:10:BL_u32ReadAddressData	24	static
../Core/Src/BL_Program.c:57:6:BL_voidSetConfigLoRa	32	static
../Core/Src/BL_Program.c:62:9:BL_Check_CRC	24	static
../Core/Src/BL_Program.c:79:10:BL_Calculate_CRC	32	static
../Core/Src/BL_Program.c:94:10:BL_Read_Address_Node	16	static
../Core/Src/BL_Program.c:98:6:BL_voidCopyImageToActiveRegion	64	static
../Core/Src/BL_Program.c:134:6:BL_voidBootLoader_Init	16	static
../Core/Src/BL_Program.c:160:9:BL_CheckSize	16	static
../Core/Src/BL_Program.c:172:9:BL_VerifyCheckSum	40	static
../Core/Src/BL_Program.c:195:19:BL_voidEraseBank	40	static
../Core/Src/BL_Program.c:215:6:initBitMask	24	static
../Core/Src/BL_Program.c:221:6:setBit_BitMask	24	static
../Core/Src/BL_Program.c:226:6:BL_voidCheckImgCorrectBankFirst	32	static
../Core/Src/BL_Program.c:268:6:BL_voidCheckImgCorrectBankSecond	32	static
../Core/Src/BL_Program.c:303:6:BL_voidCheckActiveRegion	16	static
../Core/Src/BL_Program.c:324:10:BL_32CheckBankFirstRegion	16	static
../Core/Src/BL_Program.c:343:10:BL_32CheckBankSecondRegion	16	static
../Core/Src/BL_Program.c:363:6:BL_voidJumpToActiveRegion	16	static,ignoring_inline_asm
../Core/Src/BL_Program.c:381:6:BL_voidJumpToBootloader	8	static
../Core/Src/BL_Program.c:389:6:BL_voidEraseRestoreHeaderPage	224	static
../Core/Src/BL_Program.c:426:6:BL_voidSetBranchingFlagAndMakeSWR	8	static
../Core/Src/BL_Program.c:437:6:BL_voidUpdateHeaders	48	static
../Core/Src/BL_Program.c:512:6:BL_voidReceiveUpdate	136	static
../Core/Src/BL_Program.c:629:6:BL_voidFinishBootLoader	40	static
../Core/Src/BL_Program.c:663:6:BL_voidMakeSoftWareReset	8	static
../Core/Src/BL_Program.c:672:6:HAL_GPIO_EXTI_Callback	24	static
