../Core/Src/BL_Program.c:30:10:BL_u32ReadAddressData	24	static
../Core/Src/BL_Program.c:35:6:BL_voidBootLoader_Init	16	static
../Core/Src/BL_Program.c:55:6:BL_voidCheckActiveRegion	16	static
../Core/Src/BL_Program.c:90:10:BL_32CheckBackupRegion	16	static
../Core/Src/BL_Program.c:109:6:BL_voidJumpToActiveRegion	16	static,ignoring_inline_asm
../Core/Src/BL_Program.c:126:6:BL_voidJumpToBootloader	8	static
../Core/Src/BL_Program.c:134:6:BL_voidCopyImageToActiveRegion	56	static
../Core/Src/BL_Program.c:169:6:BL_voidCopyImageToBackupRegion	56	static
../Core/Src/BL_Program.c:206:6:BL_voidEraseRestoreHeaderPage	224	static
../Core/Src/BL_Program.c:244:6:BL_voidSetBranchingFlagAndMakeSWR	8	static
../Core/Src/BL_Program.c:252:6:BL_voidUpdateHeaders	32	static
../Core/Src/BL_Program.c:275:6:BL_voidReceiveUpdate	104	static
../Core/Src/BL_Program.c:350:6:BL_voidFinishBootLoader	8	static
../Core/Src/BL_Program.c:357:6:BL_voidMakeSoftWareReset	8	static
