../Core/Src/BL_Program.c:26:17:BL_u32ReadAddressData	24	static
../Core/Src/BL_Program.c:31:6:BL_voidBootLoader_Init	16	static
../Core/Src/BL_Program.c:51:6:BL_voidCheckActiveRegion	16	static
../Core/Src/BL_Program.c:86:10:BL_32CheckBackupRegion	16	static
../Core/Src/BL_Program.c:105:6:BL_voidJumpToActiveRegion	16	static,ignoring_inline_asm
../Core/Src/BL_Program.c:122:6:BL_voidJumpToBootloader	8	static
../Core/Src/BL_Program.c:130:6:BL_voidCopyImageToActiveRegion	56	static
../Core/Src/BL_Program.c:165:6:BL_voidCopyImageToBackupRegion	56	static
../Core/Src/BL_Program.c:202:6:BL_voidEraseRestoreHeaderPage	224	static
../Core/Src/BL_Program.c:240:6:BL_voidSetBranchingFlagAndMakeSWR	8	static
../Core/Src/BL_Program.c:248:6:BL_voidUpdateHeaders	24	static
../Core/Src/BL_Program.c:281:6:BL_voidReceiveUpdate	104	static
../Core/Src/BL_Program.c:358:6:BL_voidFinishBootLoader	8	static
../Core/Src/BL_Program.c:365:6:BL_voidMakeSoftWareReset	8	static
