../Core/Src/BL_Program.c:32:10:BL_u32ReadAddressData	24	static
../Core/Src/BL_Program.c:37:6:BL_voidBootLoader_Init	16	static
../Core/Src/BL_Program.c:58:6:BL_voidCheckActiveRegion	16	static
../Core/Src/BL_Program.c:93:10:BL_32CheckBackupRegion	16	static
../Core/Src/BL_Program.c:112:6:BL_voidJumpToActiveRegion	16	static,ignoring_inline_asm
../Core/Src/BL_Program.c:129:6:BL_voidJumpToBootloader	8	static
../Core/Src/BL_Program.c:137:6:BL_voidCopyImageToActiveRegion	56	static
../Core/Src/BL_Program.c:172:6:BL_voidCopyImageToBackupRegion	56	static
../Core/Src/BL_Program.c:209:6:BL_voidEraseRestoreHeaderPage	224	static
../Core/Src/BL_Program.c:247:6:BL_voidSetBranchingFlagAndMakeSWR	8	static
../Core/Src/BL_Program.c:255:6:BL_voidUpdateHeaders	32	static
../Core/Src/BL_Program.c:280:6:BL_voidReceiveUpdate	96	static
../Core/Src/BL_Program.c:371:6:BL_voidFinishBootLoader	8	static
../Core/Src/BL_Program.c:378:6:BL_voidMakeSoftWareReset	8	static
