../Core/Src/BL_Program.c:51:10:BL_u32ReadAddressData	24	static
../Core/Src/BL_Program.c:56:6:BL_voidSetConfigLoRa	32	static
../Core/Src/BL_Program.c:63:6:BL_voidBootLoader_Init	16	static
../Core/Src/BL_Program.c:85:9:BL_CheckSize	24	static
../Core/Src/BL_Program.c:100:9:BL_VerifyCheckSum	40	static
../Core/Src/BL_Program.c:134:19:BL_voidEraseBank	40	static
../Core/Src/BL_Program.c:154:6:initBitMask	24	static
../Core/Src/BL_Program.c:160:6:setBit_BitMask	24	static
../Core/Src/BL_Program.c:165:6:BL_voidCheckImgCorrectBankFirst	32	static
../Core/Src/BL_Program.c:208:6:BL_voidCheckImgCorrectBankSecond	32	static
../Core/Src/BL_Program.c:251:6:BL_voidCheckActiveRegion	16	static
../Core/Src/BL_Program.c:273:10:BL_32CheckBankFirstRegion	16	static
../Core/Src/BL_Program.c:292:10:BL_32CheckBankSecondRegion	16	static
../Core/Src/BL_Program.c:312:6:BL_voidJumpToActiveRegion	16	static,ignoring_inline_asm
../Core/Src/BL_Program.c:330:6:BL_voidJumpToBootloader	8	static
../Core/Src/BL_Program.c:337:6:BL_voidEraseRestoreHeaderPage	224	static
../Core/Src/BL_Program.c:374:6:BL_voidSetBranchingFlagAndMakeSWR	8	static
../Core/Src/BL_Program.c:384:6:BL_voidUpdateHeaders	48	static
../Core/Src/BL_Program.c:479:6:BL_voidReceiveUpdate	120	static
../Core/Src/BL_Program.c:604:6:BL_voidFinishBootLoader	32	static
../Core/Src/BL_Program.c:676:6:BL_voidMakeSoftWareReset	8	static
