../Core/Src/BL_Program.c:49:10:BL_u32ReadAddressData	24	static
../Core/Src/BL_Program.c:54:6:BL_voidSetConfigLoRa	32	static
../Core/Src/BL_Program.c:61:6:BL_voidBootLoader_Init	16	static
../Core/Src/BL_Program.c:83:9:BL_CheckSize	24	static
../Core/Src/BL_Program.c:98:9:BL_VerifyCheckSum	40	static
../Core/Src/BL_Program.c:132:19:BL_voidEraseBank	40	static
../Core/Src/BL_Program.c:152:6:initBitMask	24	static
../Core/Src/BL_Program.c:158:6:setBit_BitMask	24	static
../Core/Src/BL_Program.c:163:6:BL_voidCheckImgCorrectBankFirst	32	static
../Core/Src/BL_Program.c:206:6:BL_voidCheckImgCorrectBankSecond	32	static
../Core/Src/BL_Program.c:249:6:BL_voidCheckActiveRegion	16	static
../Core/Src/BL_Program.c:271:10:BL_32CheckBankFirstRegion	16	static
../Core/Src/BL_Program.c:290:10:BL_32CheckBankSecondRegion	16	static
../Core/Src/BL_Program.c:310:6:BL_voidJumpToActiveRegion	16	static,ignoring_inline_asm
../Core/Src/BL_Program.c:328:6:BL_voidJumpToBootloader	8	static
../Core/Src/BL_Program.c:335:6:BL_voidEraseRestoreHeaderPage	224	static
../Core/Src/BL_Program.c:372:6:BL_voidSetBranchingFlagAndMakeSWR	8	static
../Core/Src/BL_Program.c:382:6:BL_voidUpdateHeaders	48	static
../Core/Src/BL_Program.c:477:6:BL_voidReceiveUpdate	120	static
../Core/Src/BL_Program.c:600:6:BL_voidFinishBootLoader	32	static
../Core/Src/BL_Program.c:672:6:BL_voidMakeSoftWareReset	8	static
