../Drivers/CMSIS/Include/core_cm3.h:1762:34:__NVIC_SystemReset	4	static,ignoring_inline_asm
../Core/Src/Flashing_LoRa.c:50:13:FL_Syns_Config	32	static
../Core/Src/Flashing_LoRa.c:76:13:Flashing_init	32	static
../Core/Src/Flashing_LoRa.c:98:13:Sequence_Process	16	static
../Core/Src/Flashing_LoRa.c:105:9:Flashing_end	24	static
../Core/Src/Flashing_LoRa.c:130:9:FL_OTA_end	24	static
../Core/Src/Flashing_LoRa.c:150:9:Send_request	32	static
../Core/Src/Flashing_LoRa.c:179:9:Flashing_Request	32	static
../Core/Src/Flashing_LoRa.c:216:9:Wait_Accept_OTA	40	static
../Core/Src/Flashing_LoRa.c:235:9:Send_Finish_OTA	40	static
../Core/Src/Flashing_LoRa.c:262:10:FL_u32ReadAddressData	24	static
../Core/Src/Flashing_LoRa.c:267:10:FL_CalculateCRCFWLoRa	32	static
../Core/Src/Flashing_LoRa.c:282:10:FL_CalculateCRCBItmaskLoRa	32	static
../Core/Src/Flashing_LoRa.c:320:6:Send_Start_OTA	16	static
../Core/Src/Flashing_LoRa.c:376:6:FL_FlashLoRa_INIT	16	static
../Core/Src/Flashing_LoRa.c:421:10:FL_getPacketlost	24	static
../Core/Src/Flashing_LoRa.c:426:6:FL_PacketLoRaSend_START	24	static
../Core/Src/Flashing_LoRa.c:475:6:FL_PacketLoRaDone_OTA	8	static
../Core/Src/Flashing_LoRa.c:492:6:HAL_TIM_PeriodElapsedCallback	16	static
../Core/Src/Flashing_LoRa.c:535:6:HAL_GPIO_EXTI_Callback	64	static
