../Drivers/CMSIS/Include/core_cm3.h:1762:34:__NVIC_SystemReset	4	static,ignoring_inline_asm
../Core/Src/Flashing_LoRa.c:49:13:FL_Syns_Config	32	static
../Core/Src/Flashing_LoRa.c:75:13:Flashing_init	32	static
../Core/Src/Flashing_LoRa.c:97:13:Sequence_Process	16	static
../Core/Src/Flashing_LoRa.c:104:9:Flashing_end	24	static
../Core/Src/Flashing_LoRa.c:121:9:FL_OTA_end	24	static
../Core/Src/Flashing_LoRa.c:141:9:Send_request	32	static
../Core/Src/Flashing_LoRa.c:170:9:Flashing_Request	32	static
../Core/Src/Flashing_LoRa.c:207:9:Wait_Accept_OTA	40	static
../Core/Src/Flashing_LoRa.c:226:9:Send_Finish_OTA	40	static
../Core/Src/Flashing_LoRa.c:253:10:FL_u32ReadAddressData	24	static
../Core/Src/Flashing_LoRa.c:258:10:FL_CalculateCRCFWLoRa	32	static
../Core/Src/Flashing_LoRa.c:273:10:FL_CalculateCRCBItmaskLoRa	32	static
../Core/Src/Flashing_LoRa.c:311:6:Send_Start_OTA	16	static
../Core/Src/Flashing_LoRa.c:367:6:FL_FlashLoRa_INIT	16	static
../Core/Src/Flashing_LoRa.c:412:10:FL_getPacketlost	24	static
../Core/Src/Flashing_LoRa.c:417:6:FL_PacketLoRaSend_START	24	static
../Core/Src/Flashing_LoRa.c:466:6:FL_PacketLoRaDone_OTA	8	static
../Core/Src/Flashing_LoRa.c:484:6:HAL_TIM_PeriodElapsedCallback	16	static
../Core/Src/Flashing_LoRa.c:534:6:HAL_GPIO_EXTI_Callback	64	static
