../Core/Src/Flashing_LoRa.c:41:13:FL_Syns_Config	48	static
../Core/Src/Flashing_LoRa.c:61:13:Flashing_init	32	static
../Core/Src/Flashing_LoRa.c:83:13:Sequence_Process	16	static
../Core/Src/Flashing_LoRa.c:90:9:Flashing_end	40	static
../Core/Src/Flashing_LoRa.c:116:9:Send_request	32	static
../Core/Src/Flashing_LoRa.c:161:9:Flashing_Request	24	static
../Core/Src/Flashing_LoRa.c:184:9:Wait_Accept_OTA	40	static
../Core/Src/Flashing_LoRa.c:215:9:Send_Finish_OTA	40	static
../Core/Src/Flashing_LoRa.c:242:10:FL_u32ReadAddressData	24	static
../Core/Src/Flashing_LoRa.c:247:10:FL_CalculateCRCFWLoRa	32	static
../Core/Src/Flashing_LoRa.c:262:10:FL_CalculateCRCBItmaskLoRa	32	static
../Core/Src/Flashing_LoRa.c:300:6:Send_Start_OTA	16	static
../Core/Src/Flashing_LoRa.c:311:6:Wait_Start_OTA	16	static
../Core/Src/Flashing_LoRa.c:341:6:FL_FlashLoRa_INIT	16	static
../Core/Src/Flashing_LoRa.c:393:10:FL_getPacketlost	24	static
../Core/Src/Flashing_LoRa.c:398:6:FL_PacketLoRaSend_START	32	static
../Core/Src/Flashing_LoRa.c:483:6:FL_PacketLoRaDone_OTA	16	static
../Core/Src/Flashing_LoRa.c:535:6:HAL_TIM_PeriodElapsedCallback	16	static
