../Core/Src/main.c:81:6:ADC_Select_CH1	24	static
../Core/Src/main.c:100:5:main	8	static
../Core/Src/main.c:154:6:SystemClock_Config	88	static
../Core/Src/main.c:202:13:MX_ADC1_Init	24	static
../Core/Src/main.c:249:13:MX_I2C1_Init	8	static
../Core/Src/main.c:283:13:MX_I2C2_Init	8	static
../Core/Src/main.c:317:13:MX_IWDG_Init	8	static
../Core/Src/main.c:345:13:MX_SPI1_Init	8	static
../Core/Src/main.c:383:13:MX_TIM2_Init	32	static
../Core/Src/main.c:426:13:MX_DMA_Init	16	static
../Core/Src/main.c:444:13:MX_GPIO_Init	40	static
../Core/Src/main.c:511:6:Error_Handler	4	static,ignoring_inline_asm
