../Core/Src/main.c:77:6:ADC_Select_CH1	24	static
../Core/Src/main.c:96:5:main	8	static
../Core/Src/main.c:149:6:SystemClock_Config	88	static
../Core/Src/main.c:197:13:MX_ADC1_Init	24	static
../Core/Src/main.c:244:13:MX_I2C1_Init	8	static
../Core/Src/main.c:278:13:MX_IWDG_Init	8	static
../Core/Src/main.c:306:13:MX_SPI1_Init	8	static
../Core/Src/main.c:344:13:MX_TIM1_Init	32	static
../Core/Src/main.c:390:13:MX_TIM2_Init	32	static
../Core/Src/main.c:435:13:MX_GPIO_Init	40	static
../Core/Src/main.c:515:6:Error_Handler	4	static,ignoring_inline_asm
