../Core/Src/RTE.c:38:16:Rte_SystemState_WriteData	24	static
../Core/Src/RTE.c:46:16:Rte_SystemState_ReadData	24	static
../Core/Src/RTE.c:54:16:Rte_EncyptedBuffer_WriteData	24	static
../Core/Src/RTE.c:60:16:Rte_EncyptedBufferFlag_WriteData	24	static
../Core/Src/RTE.c:68:16:Rte_EncyptedBuffer_ReadData	24	static
../Core/Src/RTE.c:74:16:Rte_EncyptedBufferFlag_ReadData	24	static
../Core/Src/RTE.c:86:16:Rte_Crc_WriteData	24	static
../Core/Src/RTE.c:91:16:Rte_ApplVer_WriteData	24	static
../Core/Src/RTE.c:96:16:Rte_CodeSize_WriteData	24	static
../Core/Src/RTE.c:101:16:Rte_NodeAddr_WriteData	24	static
../Core/Src/RTE.c:107:16:Rte_HeaderAckFlag_WriteData	24	static
../Core/Src/RTE.c:113:16:Rte_UpdateProgress_WriteData	24	static
../Core/Src/RTE.c:122:16:Rte_Crc_ReadData	24	static
../Core/Src/RTE.c:127:16:Rte_ApplVer_ReadData	24	static
../Core/Src/RTE.c:132:16:Rte_CodeSize_ReadData	24	static
../Core/Src/RTE.c:137:16:Rte_NodeAddr_ReadData	24	static
../Core/Src/RTE.c:142:16:Rte_HeaderAckFlag_ReadData	24	static
../Core/Src/RTE.c:147:16:Rte_UpdateProgress_ReadData	24	static
../Core/Src/RTE.c:157:16:Rte_UserResponse_WriteData	24	static
../Core/Src/RTE.c:163:16:Rte_UI_Error_WriteData	24	static
../Core/Src/RTE.c:172:16:Rte_UI_Error_ReadData	24	static
../Core/Src/RTE.c:177:16:Rte_UserResponse_ReadData	24	static
../Core/Src/RTE.c:185:16:Rte_PacketSendLoraNum_WriteData	24	static
../Core/Src/RTE.c:191:16:Rte_FlagLoRaResp_WriteData	24	static
../Core/Src/RTE.c:197:16:Rte_FlagConfigLoRA_WriteData	24	static
../Core/Src/RTE.c:208:16:Rte_PacketSendLoraNum_ReadData	24	static
../Core/Src/RTE.c:213:16:Rte_FlagLoRaResp_ReadData	24	static
../Core/Src/RTE.c:219:16:Rte_FlagConfigLoRA_ReadData	24	static
../Core/Src/RTE.c:228:16:Rte_PacketLoRaReceived_WriteData	24	static
../Core/Src/RTE.c:237:16:Rte_PacketLoRaReceived_ReadData	24	static
