../Core/Src/RTE.c:45:16:Rte_SystemState_WriteData	24	static
../Core/Src/RTE.c:53:16:Rte_SystemState_ReadData	24	static
../Core/Src/RTE.c:61:16:Rte_EncyptedBuffer_WriteData	24	static
../Core/Src/RTE.c:67:16:Rte_EncyptedBufferFlag_WriteData	24	static
../Core/Src/RTE.c:75:16:Rte_EncyptedBuffer_ReadData	24	static
../Core/Src/RTE.c:81:16:Rte_EncyptedBufferFlag_ReadData	24	static
../Core/Src/RTE.c:93:16:Rte_Crc_WriteData	24	static
../Core/Src/RTE.c:98:16:Rte_ApplVer_WriteData	24	static
../Core/Src/RTE.c:103:16:Rte_CodeSize_WriteData	24	static
../Core/Src/RTE.c:108:16:Rte_NodeAddr_WriteData	24	static
../Core/Src/RTE.c:114:16:Rte_HeaderAckFlag_WriteData	24	static
../Core/Src/RTE.c:120:16:Rte_UpdateProgress_WriteData	24	static
../Core/Src/RTE.c:129:16:Rte_Crc_ReadData	24	static
../Core/Src/RTE.c:134:16:Rte_ApplVer_ReadData	24	static
../Core/Src/RTE.c:139:16:Rte_CodeSize_ReadData	24	static
../Core/Src/RTE.c:144:16:Rte_NodeAddr_ReadData	24	static
../Core/Src/RTE.c:149:16:Rte_HeaderAckFlag_ReadData	24	static
../Core/Src/RTE.c:154:16:Rte_UpdateProgress_ReadData	24	static
../Core/Src/RTE.c:164:16:Rte_UserResponse_WriteData	24	static
../Core/Src/RTE.c:170:16:Rte_UI_Error_WriteData	24	static
../Core/Src/RTE.c:179:16:Rte_UI_Error_ReadData	24	static
../Core/Src/RTE.c:184:16:Rte_UserResponse_ReadData	24	static
../Core/Src/RTE.c:192:16:Rte_PacketSendLoraNum_WriteData	24	static
../Core/Src/RTE.c:198:16:Rte_FlagLoRaResp_WriteData	24	static
../Core/Src/RTE.c:204:16:Rte_FlagConfigLoRA_WriteData	24	static
../Core/Src/RTE.c:215:16:Rte_PacketSendLoraNum_ReadData	24	static
../Core/Src/RTE.c:220:16:Rte_FlagLoRaResp_ReadData	24	static
../Core/Src/RTE.c:226:16:Rte_FlagConfigLoRA_ReadData	24	static
../Core/Src/RTE.c:235:16:Rte_PacketLoRaReceived_WriteData	24	static
../Core/Src/RTE.c:244:16:Rte_PacketLoRaReceived_ReadData	24	static
../Core/Src/RTE.c:251:16:Rte_Flag_LoRaRequestDevice_WriteData	24	static
../Core/Src/RTE.c:257:16:Rte_Flag_LoRaRequestDevice_ReadData	24	static
../Core/Src/RTE.c:266:16:Rte_Flag_NodeRequestIndex_WriteData	24	static
../Core/Src/RTE.c:271:16:Rte_Flag_NodeRequestIndex_ReadData	24	static
../Core/Src/RTE.c:277:16:Rte_Flag_Total_request_packet_WriteData	24	static
../Core/Src/RTE.c:283:16:Rte_Flag_Total_request_packet_ReadData	24	static
../Core/Src/RTE.c:289:16:Rte_Flag_NodeStatus_WriteData_Node1	24	static
../Core/Src/RTE.c:295:16:Rte_Flag_NodeStatus_WriteData_Node2	24	static
../Core/Src/RTE.c:301:16:Rte_Flag_NodeStatus_WriteData_Node3	24	static
../Core/Src/RTE.c:306:16:Rte_Flag_NodeStatus_ReadData_Node1	24	static
../Core/Src/RTE.c:312:16:Rte_Flag_NodeStatus_ReadData_Node2	24	static
../Core/Src/RTE.c:318:16:Rte_Flag_NodeStatus_ReadData_Node3	24	static
