../Core/Src/SSD1306.c:59:6:SSD1306_ScrollRight	16	static
../Core/Src/SSD1306.c:72:6:SSD1306_ScrollLeft	16	static
../Core/Src/SSD1306.c:85:6:SSD1306_Scrolldiagright	16	static
../Core/Src/SSD1306.c:101:6:SSD1306_Scrolldiagleft	16	static
../Core/Src/SSD1306.c:117:6:SSD1306_Stopscroll	8	static
../Core/Src/SSD1306.c:124:6:SSD1306_InvertDisplay	16	static
../Core/Src/SSD1306.c:133:6:SSD1306_DrawBitmap	32	static
../Core/Src/SSD1306.c:163:9:SSD1306_Init	16	static
../Core/Src/SSD1306.c:229:6:SSD1306_UpdateScreen	16	static
../Core/Src/SSD1306.c:242:6:SSD1306_ToggleInvert	16	static
../Core/Src/SSD1306.c:254:6:SSD1306_Fill	16	static
../Core/Src/SSD1306.c:259:6:SSD1306_DrawPixel	16	static
../Core/Src/SSD1306.c:281:6:SSD1306_GotoXY	16	static
../Core/Src/SSD1306.c:287:6:SSD1306_Putc	32	static
../Core/Src/SSD1306.c:318:6:SSD1306_Puts	24	static
../Core/Src/SSD1306.c:336:6:SSD1306_DrawLine	40	static
../Core/Src/SSD1306.c:420:6:SSD1306_DrawRectangle	32	static
../Core/Src/SSD1306.c:445:6:SSD1306_DrawFilledRectangle	40	static
../Core/Src/SSD1306.c:472:6:SSD1306_DrawTriangle	32	static
../Core/Src/SSD1306.c:480:6:SSD1306_DrawFilledTriangle	64	static
../Core/Src/SSD1306.c:536:6:SSD1306_DrawCircle	40	static
../Core/Src/SSD1306.c:570:6:SSD1306_DrawFilledCircle	48	static
../Core/Src/SSD1306.c:603:6:SSD1306_Clear	8	static
../Core/Src/SSD1306.c:608:6:SSD1306_ON	8	static
../Core/Src/SSD1306.c:613:6:SSD1306_OFF	8	static
../Core/Src/SSD1306.c:629:6:ssd1306_I2C_Init	16	static
../Core/Src/SSD1306.c:641:6:ssd1306_I2C_WriteMulti	296	static
../Core/Src/SSD1306.c:651:6:ssd1306_I2C_Write	32	static
