../Core/Src/UserInterface.c:29:6:UI_Init	8	static
../Core/Src/UserInterface.c:48:6:UI_Main_FLASHING	24	static
../Core/Src/UserInterface.c:220:13:UI_Init_Flashing_Screen	8	static
../Core/Src/UserInterface.c:228:13:UI_Clean	8	static
../Core/Src/UserInterface.c:233:13:UI_WaitForResp	48	static
../Core/Src/UserInterface.c:262:13:UI_Downloading_FW	8	static
../Core/Src/UserInterface.c:272:13:UI_UpdateDownloading_FW	24	static
../Core/Src/UserInterface.c:281:13:UI_DoneDownload_FW	48	static
../Core/Src/UserInterface.c:309:13:UI_Synconfiguaraton	8	static
../Core/Src/UserInterface.c:315:13:UI_SendSW_LoRa	24	static
../Core/Src/UserInterface.c:327:13:UI_StartOTA	8	static
../Core/Src/UserInterface.c:332:13:UI_Wait_ACCEPT_OTA	24	static
../Core/Src/UserInterface.c:342:13:UI_DisplayERROR	24	static
../Core/Src/UserInterface.c:365:13:UI_Send_Packet_Lost	24	static
