../Core/Src/UserInterface.c:43:6:UI_Init	16	static
../Core/Src/UserInterface.c:61:6:UI_Main_FLASHING	40	static
../Core/Src/UserInterface.c:278:13:UI_Init_Flashing_Screen	8	static
../Core/Src/UserInterface.c:291:13:UI_Node_Connect	16	static
../Core/Src/UserInterface.c:304:13:UI_Clean	8	static
../Core/Src/UserInterface.c:309:13:UI_WaitForResp	48	static
../Core/Src/UserInterface.c:338:13:UI_Downloading_FW	8	static
../Core/Src/UserInterface.c:343:13:UI_UpdateDownloading_FW	24	static
../Core/Src/UserInterface.c:354:13:UI_DoneDownload_FW	40	static
../Core/Src/UserInterface.c:382:13:UI_Synconfiguaraton	16	static
../Core/Src/UserInterface.c:412:13:UI_SendSW_LoRa	72	static
../Core/Src/UserInterface.c:470:13:UI_StartOTA	8	static
../Core/Src/UserInterface.c:475:13:UI_Wait_ACCEPT_OTA	24	static
../Core/Src/UserInterface.c:485:13:UI_DisplayERROR	24	static
../Core/Src/UserInterface.c:513:13:UI_Send_Packet_Lost	24	static
../Core/Src/UserInterface.c:526:13:UI_DisplayConfig	48	static
../Core/Src/UserInterface.c:552:13:UI_Wait_ForConnect_WiFi	16	static
../Core/Src/UserInterface.c:590:13:UI_WiFi_Connected	8	static
../Core/Src/UserInterface.c:601:7:UI_CalculateLoRaDataRate	40	static
